{"Protocol":0,"Id":"257ae32146d3c0e33f298e7110f17f41","Path":"/data/movies/movie/www.UIndex.org    -    The Odyssey 2026 1080p AMZN WEB-DL DDP5 1 H 264-Kitsune/The Odyssey 2026 1080p AMZN WEB-DL DDP5 1 H 264-Kitsune.mkv","EncoderPath":null,"EncoderProtocol":null,"Type":0,"Container":"mkv","Size":4673211458,"Name":"The Odyssey 2026 1080p AMZN WEB-DL DDP5 1 H 264-Kitsune","IsRemote":false,"ETag":"f544671ed8ef7b7ed12acf2be4e4f592","RunTimeTicks":51634560000,"ReadAtNativeFramerate":false,"IgnoreDts":false,"IgnoreIndex":false,"GenPtsInput":false,"SupportsTranscoding":true,"SupportsDirectStream":true,"SupportsDirectPlay":true,"IsInfiniteStream":false,"UseMostCompatibleTranscodingProfile":false,"RequiresOpening":false,"OpenToken":null,"RequiresClosing":false,"LiveStreamId":null,"BufferMs":null,"RequiresLooping":false,"SupportsProbing":true,"VideoType":0,"IsoType":null,"Video3DFormat":null,"MediaStreams":[{"Codec":"h264","CodecTag":null,"Language":null,"ColorRange":null,"ColorSpace":"bt709","ColorTransfer":"bt709","ColorPrimaries":"bt709","DvVersionMajor":null,"DvVersionMinor":null,"DvProfile":null,"DvLevel":null,"RpuPresentFlag":null,"ElPresentFlag":null,"BlPresentFlag":null,"DvBlSignalCompatibilityId":null,"Rotation":null,"Comment":null,"TimeBase":"1/1000","CodecTimeBase":null,"Title":null,"Hdr10PlusPresentFlag":null,"VideoRange":1,"VideoRangeType":1,"VideoDoViTitle":null,"AudioSpatialFormat":0,"LocalizedUndefined":null,"LocalizedDefault":null,"LocalizedForced":null,"LocalizedExternal":null,"LocalizedHearingImpaired":null,"LocalizedLanguage":null,"LocalizedOriginal":null,"DisplayTitle":"1080p H264 SDR","NalLengthSize":"4","IsInterlaced":false,"IsAVC":true,"ChannelLayout":null,"BitRate":6598194,"BitDepth":8,"RefFrames":1,"PacketLength":null,"Channels":null,"SampleRate":null,"IsDefault":true,"IsForced":false,"IsHearingImpaired":false,"IsOriginal":false,"Height":800,"Width":1920,"AverageFrameRate":23.976025,"RealFrameRate":23.976025,"ReferenceFrameRate":23.976025,"Profile":"High","Type":1,"AspectRatio":"2.40:1","Index":0,"Score":null,"IsExternal":false,"DeliveryMethod":null,"DeliveryUrl":null,"IsExternalUrl":null,"IsTextSubtitleStream":false,"SupportsExternalStream":false,"Path":null,"PixelFormat":"yuv420p","Level":40,"IsAnamorphic":false},{"Codec":"eac3","CodecTag":null,"Language":"eng","ColorRange":null,"ColorSpace":null,"ColorTransfer":null,"ColorPrimaries":null,"DvVersionMajor":null,"DvVersionMinor":null,"DvProfile":null,"DvLevel":null,"RpuPresentFlag":null,"ElPresentFlag":null,"BlPresentFlag":null,"DvBlSignalCompatibilityId":null,"Rotation":null,"Comment":null,"TimeBase":"1/1000","CodecTimeBase":null,"Title":null,"Hdr10PlusPresentFlag":null,"VideoRange":0,"VideoRangeType":0,"VideoDoViTitle":null,"AudioSpatialFormat":0,"LocalizedUndefined":null,"LocalizedDefault":"Default","LocalizedForced":null,"LocalizedExternal":"External","LocalizedHearingImpaired":null,"LocalizedLanguage":"English","LocalizedOriginal":"Original","DisplayTitle":"English - Dolby Digital\u002B - 5.1 - Default","NalLengthSize":null,"IsInterlaced":false,"IsAVC":null,"ChannelLayout":"5.1","BitRate":640000,"BitDepth":null,"RefFrames":null,"PacketLength":null,"Channels":6,"SampleRate":48000,"IsDefault":true,"IsForced":false,"IsHearingImpaired":false,"IsOriginal":false,"Height":null,"Width":null,"AverageFrameRate":null,"RealFrameRate":null,"ReferenceFrameRate":null,"Profile":null,"Type":0,"AspectRatio":null,"Index":1,"Score":null,"IsExternal":false,"DeliveryMethod":null,"DeliveryUrl":null,"IsExternalUrl":null,"IsTextSubtitleStream":false,"SupportsExternalStream":false,"Path":null,"PixelFormat":null,"Level":null,"IsAnamorphic":null},{"Codec":"subrip","CodecTag":null,"Language":"eng","ColorRange":null,"ColorSpace":null,"ColorTransfer":null,"ColorPrimaries":null,"DvVersionMajor":null,"DvVersionMinor":null,"DvProfile":null,"DvLevel":null,"RpuPresentFlag":null,"ElPresentFlag":null,"BlPresentFlag":null,"DvBlSignalCompatibilityId":null,"Rotation":null,"Comment":null,"TimeBase":"1/1000","CodecTimeBase":null,"Title":null,"Hdr10PlusPresentFlag":null,"VideoRange":0,"VideoRangeType":0,"VideoDoViTitle":null,"AudioSpatialFormat":0,"LocalizedUndefined":"Undefined","LocalizedDefault":"Default","LocalizedForced":"Forced","LocalizedExternal":"External","LocalizedHearingImpaired":"Hearing Impaired","LocalizedLanguage":"English","LocalizedOriginal":null,"DisplayTitle":"English - SUBRIP","NalLengthSize":null,"IsInterlaced":false,"IsAVC":null,"ChannelLayout":null,"BitRate":null,"BitDepth":null,"RefFrames":null,"PacketLength":null,"Channels":null,"SampleRate":null,"IsDefault":false,"IsForced":false,"IsHearingImpaired":false,"IsOriginal":false,"Height":null,"Width":null,"AverageFrameRate":null,"RealFrameRate":null,"ReferenceFrameRate":null,"Profile":null,"Type":2,"AspectRatio":null,"Index":2,"Score":null,"IsExternal":false,"DeliveryMethod":null,"DeliveryUrl":null,"IsExternalUrl":null,"IsTextSubtitleStream":true,"SupportsExternalStream":true,"Path":null,"PixelFormat":null,"Level":null,"IsAnamorphic":null},{"Codec":"subrip","CodecTag":null,"Language":"eng","ColorRange":null,"ColorSpace":null,"ColorTransfer":null,"ColorPrimaries":null,"DvVersionMajor":null,"DvVersionMinor":null,"DvProfile":null,"DvLevel":null,"RpuPresentFlag":null,"ElPresentFlag":null,"BlPresentFlag":null,"DvBlSignalCompatibilityId":null,"Rotation":null,"Comment":null,"TimeBase":"1/1000","CodecTimeBase":null,"Title":"SDH","Hdr10PlusPresentFlag":null,"VideoRange":0,"VideoRangeType":0,"VideoDoViTitle":null,"AudioSpatialFormat":0,"LocalizedUndefined":"Undefined","LocalizedDefault":"Default","LocalizedForced":"Forced","LocalizedExternal":"External","LocalizedHearingImpaired":"Hearing Impaired","LocalizedLanguage":"English","LocalizedOriginal":null,"DisplayTitle":"SDH - English - Hearing Impaired - SUBRIP","NalLengthSize":null,"IsInterlaced":false,"IsAVC":null,"ChannelLayout":null,"BitRate":null,"BitDepth":null,"RefFrames":null,"PacketLength":null,"Channels":null,"SampleRate":null,"IsDefault":false,"IsForced":false,"IsHearingImpaired":true,"IsOriginal":true,"Height":null,"Width":null,"AverageFrameRate":null,"RealFrameRate":null,"ReferenceFrameRate":null,"Profile":null,"Type":2,"AspectRatio":null,"Index":3,"Score":null,"IsExternal":false,"DeliveryMethod":null,"DeliveryUrl":null,"IsExternalUrl":null,"IsTextSubtitleStream":true,"SupportsExternalStream":true,"Path":null,"PixelFormat":null,"Level":null,"IsAnamorphic":null}],"MediaAttachments":[],"Formats":[],"Bitrate":7240439,"FallbackMaxStreamingBitrate":null,"Timestamp":null,"RequiredHttpHeaders":{},"TranscodingUrl":null,"TranscodingSubProtocol":0,"TranscodingContainer":null,"AnalyzeDurationMs":null,"DefaultAudioStreamIndex":null,"DefaultSubtitleStreamIndex":null,"HasSegments":false}

/usr/lib/jellyfin-ffmpeg/ffmpeg -analyzeduration 200M -probesize 1G -fflags +genpts  -i file:"/data/movies/movie/www.UIndex.org    -    The Odyssey 2026 1080p AMZN WEB-DL DDP5 1 H 264-Kitsune/The Odyssey 2026 1080p AMZN WEB-DL DDP5 1 H 264-Kitsune.mkv" -map_metadata -1 -map_chapters -1 -threads 0 -map 0:0 -map 0:1 -map -0:s -codec:v:0 copy -bsf:v h264_mp4toannexb -start_at_zero -codec:a:0 libfdk_aac -ac 2 -ab 256000 -af "volume=2" -copyts -avoid_negative_ts disabled -max_muxing_queue_size 2048 -f hls -max_delay 5000000 -hls_time 6 -hls_segment_type fmp4 -hls_fmp4_init_filename "df765ae64375b4f5a38b4afde070ee4d-1.mp4" -start_number 0 -hls_segment_filename "/config/cache/transcodes/df765ae64375b4f5a38b4afde070ee4d%d.mp4" -hls_playlist_type vod -hls_list_size 0 -hls_segment_options movflags=+frag_discont+skip_sidx -y "/config/cache/transcodes/df765ae64375b4f5a38b4afde070ee4d.m3u8"


ffmpeg version 8.1.2-Jellyfin Copyright (c) 2000-2026 the FFmpeg developers
  built with gcc 15 (Ubuntu 15.2.0-16ubuntu1)
  configuration: --prefix=/usr/lib/jellyfin-ffmpeg --target-os=linux --extra-version=Jellyfin --disable-unstable --disable-doc --disable-ffplay --disable-static --disable-libxcb --disable-libxcb-shm --disable-libxcb-xfixes --disable-libxcb-shape --disable-xlib --disable-sdl2 --enable-lto=auto --enable-gpl --enable-version3 --enable-shared --enable-gmp --enable-gnutls --enable-chromaprint --enable-opencl --enable-libdrm --enable-libxml2 --enable-libass --enable-libfreetype --enable-libfribidi --enable-libfontconfig --enable-libharfbuzz --enable-libbluray --enable-libmp3lame --enable-libopus --enable-libtheora --enable-libvorbis --enable-libopenmpt --enable-libdav1d --enable-libsvtav1 --enable-libwebp --enable-libvpx --enable-libx264 --enable-libx265 --enable-libzvbi --enable-libzimg --enable-libfdk-aac --enable-libshaderc --enable-libplacebo --enable-vulkan --enable-vulkan-static --enable-vaapi --enable-ffnvcodec --enable-cuda --enable-cuda-llvm --enable-cuvid --enable-nvdec --enable-nvenc --arch=arm64 --cross-prefix=/usr/bin/aarch64-linux-gnu- --enable-cross-compile --enable-rkmpp --enable-rkrga
  libavutil      60. 26.102 / 60. 26.102
  libavcodec     62. 28.102 / 62. 28.102
  libavformat    62. 12.102 / 62. 12.102
  libavdevice    62.  3.102 / 62.  3.102
  libavfilter    11. 14.102 / 11. 14.102
  libswscale      9.  5.102 /  9.  5.102
  libswresample   6.  3.102 /  6.  3.102
Input #0, matroska,webm, from 'file:/data/movies/movie/www.UIndex.org    -    The Odyssey 2026 1080p AMZN WEB-DL DDP5 1 H 264-Kitsune/The Odyssey 2026 1080p AMZN WEB-DL DDP5 1 H 264-Kitsune.mkv':
  Metadata:
    encoder         : libebml v1.4.5 + libmatroska v1.7.1
  Duration: 01:26:03.46, start: 0.000000, bitrate: 7240 kb/s
  Stream #0:0: Video: h264 (High), yuv420p(tv, bt709, progressive), 1920x800 [SAR 1:1 DAR 12:5], 23.98 fps, 23.98 tbr, 1k tbn (default)
    Metadata:
      BPS             : 6598194
      DURATION        : 01:26:03.450000000
      NUMBER_OF_FRAMES: 123799
      NUMBER_OF_BYTES : 4258680841
      _STATISTICS_WRITING_APP: mkvmerge v100.0 ('Do Hot Girls Like Chords') 64-bit
      _STATISTICS_TAGS: BPS DURATION NUMBER_OF_FRAMES NUMBER_OF_BYTES
  Stream #0:1(eng): Audio: eac3, 48000 Hz, 5.1(side), fltp, 640 kb/s (default)
    Metadata:
      BPS             : 640000
      DURATION        : 01:26:03.456000000
      NUMBER_OF_FRAMES: 161358
      NUMBER_OF_BYTES : 413076480
      _STATISTICS_WRITING_APP: mkvmerge v100.0 ('Do Hot Girls Like Chords') 64-bit
      _STATISTICS_TAGS: BPS DURATION NUMBER_OF_FRAMES NUMBER_OF_BYTES
  Stream #0:2(eng): Subtitle: subrip (srt)
    Metadata:
      BPS             : 65
      DURATION        : 01:22:16.105000000
      NUMBER_OF_FRAMES: 1405
      NUMBER_OF_BYTES : 40282
      _STATISTICS_WRITING_APP: mkvmerge v100.0 ('Do Hot Girls Like Chords') 64-bit
      _STATISTICS_TAGS: BPS DURATION NUMBER_OF_FRAMES NUMBER_OF_BYTES
  Stream #0:3(eng): Subtitle: subrip (srt) (original) (hearing impaired)
    Metadata:
      title           : SDH
      BPS             : 65
      DURATION        : 01:22:16.105000000
      NUMBER_OF_FRAMES: 1430
      NUMBER_OF_BYTES : 40598
      _STATISTICS_WRITING_APP: mkvmerge v100.0 ('Do Hot Girls Like Chords') 64-bit
      _STATISTICS_TAGS: BPS DURATION NUMBER_OF_FRAMES NUMBER_OF_BYTES
Stream mapping:
  Stream #0:0 -> #0:0 (copy)
  Stream #0:1 -> #0:1 (eac3 (native) -> aac (libfdk_aac))
Press [q] to stop, [?] for help
[hls @ 0xaaaac9f23870] Opening '/config/cache/transcodes/df765ae64375b4f5a38b4afde070ee4d-1.mp4' for writing
Output #0, hls, to '/config/cache/transcodes/df765ae64375b4f5a38b4afde070ee4d.m3u8':
  Metadata:
    encoder         : Lavf62.12.102
  Stream #0:0: Video: h264 (High), yuv420p(tv, bt709, progressive), 1920x800 [SAR 1:1 DAR 12:5], q=2-31, 23.98 fps, 23.98 tbr, 16k tbn (default)
  Stream #0:1: Audio: aac, 48000 Hz, stereo, s16, 256 kb/s (default)
    Metadata:
      encoder         : Lavc62.28.102 libfdk_aac
    Side data:
      CPB properties: bitrate max/min/avg: 256000/256000/256000 buffer size: 0 vbv_delay: N/A
[hls @ 0xaaaac9f23870] Opening '/config/cache/transcodes/df765ae64375b4f5a38b4afde070ee4d0.mp4' for writing
[hls @ 0xaaaac9f23870] Opening '/config/cache/transcodes/df765ae64375b4f5a38b4afde070ee4d1.mp4' for writing
[hls @ 0xaaaac9f23870] Opening '/config/cache/transcodes/df765ae64375b4f5a38b4afde070ee4d2.mp4' for writing
[hls @ 0xaaaac9f23870] Opening '/config/cache/transcodes/df765ae64375b4f5a38b4afde070ee4d3.mp4' for writing
frame=  667 fps=0.0 q=-1.0 size=N/A time=00:00:00.00 bitrate=N/A speed=   0x elapsed=0:00:00.50    
[hls @ 0xaaaac9f23870] Opening '/config/cache/transcodes/df765ae64375b4f5a38b4afde070ee4d4.mp4' for writing
[hls @ 0xaaaac9f23870] Opening '/config/cache/transcodes/df765ae64375b4f5a38b4afde070ee4d5.mp4' for writing
[hls @ 0xaaaac9f23870] Opening '/config/cache/transcodes/df765ae64375b4f5a38b4afde070ee4d6.mp4' for writing
[hls @ 0xaaaac9f23870] Opening '/config/cache/transcodes/df765ae64375b4f5a38b4afde070ee4d7.mp4' for writing
[hls @ 0xaaaac9f23870] Opening '/config/cache/transcodes/df765ae64375b4f5a38b4afde070ee4d8.mp4' for writing
frame= 1374 fps=1373 q=-1.0 size=N/A time=00:00:29.63 bitrate=N/A speed=29.6x elapsed=0:00:01.00    
[hls @ 0xaaaac9f23870] Opening '/config/cache/transcodes/df765ae64375b4f5a38b4afde070ee4d9.mp4' for writing
[hls @ 0xaaaac9f23870] Opening '/config/cache/transcodes/df765ae64375b4f5a38b4afde070ee4d10.mp4' for writing
[hls @ 0xaaaac9f23870] Opening '/config/cache/transcodes/df765ae64375b4f5a38b4afde070ee4d11.mp4' for writing
[hls @ 0xaaaac9f23870] Opening '/config/cache/transcodes/df765ae64375b4f5a38b4afde070ee4d12.mp4' for writing
[hls @ 0xaaaac9f23870] Opening '/config/cache/transcodes/df765ae64375b4f5a38b4afde070ee4d13.mp4' for writing
frame= 2068 fps=1378 q=-1.0 size=N/A time=00:00:58.73 bitrate=N/A speed=39.1x elapsed=0:00:01.50    
[hls @ 0xaaaac9f23870] Opening '/config/cache/transcodes/df765ae64375b4f5a38b4afde070ee4d14.mp4' for writing
[hls @ 0xaaaac9f23870] Opening '/config/cache/transcodes/df765ae64375b4f5a38b4afde070ee4d15.mp4' for writing
[hls @ 0xaaaac9f23870] Opening '/config/cache/transcodes/df765ae64375b4f5a38b4afde070ee4d16.mp4' for writing
[hls @ 0xaaaac9f23870] Opening '/config/cache/transcodes/df765ae64375b4f5a38b4afde070ee4d17.mp4' for writing
[hls @ 0xaaaac9f23870] Opening '/config/cache/transcodes/df765ae64375b4f5a38b4afde070ee4d18.mp4' for writing
frame= 2766 fps=1382 q=-1.0 size=N/A time=00:01:27.61 bitrate=N/A speed=43.8x elapsed=0:00:02.00    
[hls @ 0xaaaac9f23870] Opening '/config/cache/transcodes/df765ae64375b4f5a38b4afde070ee4d19.mp4' for writing
[hls @ 0xaaaac9f23870] Opening '/config/cache/transcodes/df765ae64375b4f5a38b4afde070ee4d20.mp4' for writing
[hls @ 0xaaaac9f23870] Opening '/config/cache/transcodes/df765ae64375b4f5a38b4afde070ee4d21.mp4' for writing
[hls @ 0xaaaac9f23870] Opening '/config/cache/transcodes/df765ae64375b4f5a38b4afde070ee4d22.mp4' for writing
[hls @ 0xaaaac9f23870] Opening '/config/cache/transcodes/df765ae64375b4f5a38b4afde070ee4d23.mp4' for writing
frame= 3461 fps=1383 q=-1.0 size=N/A time=00:01:56.87 bitrate=N/A speed=46.7x elapsed=0:00:02.50    
[hls @ 0xaaaac9f23870] Opening '/config/cache/transcodes/df765ae64375b4f5a38b4afde070ee4d24.mp4' for writing
[hls @ 0xaaaac9f23870] Opening '/config/cache/transcodes/df765ae64375b4f5a38b4afde070ee4d25.mp4' for writing
[hls @ 0xaaaac9f23870] Opening '/config/cache/transcodes/df765ae64375b4f5a38b4afde070ee4d26.mp4' for writing
[hls @ 0xaaaac9f23870] Opening '/config/cache/transcodes/df765ae64375b4f5a38b4afde070ee4d27.mp4' for writing
[hls @ 0xaaaac9f23870] Opening '/config/cache/transcodes/df765ae64375b4f5a38b4afde070ee4d28.mp4' for writing
frame= 4188 fps=1393 q=-1.0 size=N/A time=00:02:27.07 bitrate=N/A speed=48.9x elapsed=0:00:03.00    
[hls @ 0xaaaac9f23870] Opening '/config/cache/transcodes/df765ae64375b4f5a38b4afde070ee4d29.mp4' for writing
[hls @ 0xaaaac9f23870] Opening '/config/cache/transcodes/df765ae64375b4f5a38b4afde070ee4d30.mp4' for writing
[hls @ 0xaaaac9f23870] Opening '/config/cache/transcodes/df765ae64375b4f5a38b4afde070ee4d31.mp4' for writing
[hls @ 0xaaaac9f23870] Opening '/config/cache/transcodes/df765ae64375b4f5a38b4afde070ee4d32.mp4' for writing
[hls @ 0xaaaac9f23870] Opening '/config/cache/transcodes/df765ae64375b4f5a38b4afde070ee4d33.mp4' for writing
frame= 4950 fps=1412 q=-1.0 size=N/A time=00:02:58.88 bitrate=N/A speed=  51x elapsed=0:00:03.50    
[hls @ 0xaaaac9f23870] Opening '/config/cache/transcodes/df765ae64375b4f5a38b4afde070ee4d34.mp4' for writing
[hls @ 0xaaaac9f23870] Opening '/config/cache/transcodes/df765ae64375b4f5a38b4afde070ee4d35.mp4' for writing
[hls @ 0xaaaac9f23870] Opening '/config/cache/transcodes/df765ae64375b4f5a38b4afde070ee4d36.mp4' for writing
[hls @ 0xaaaac9f23870] Opening '/config/cache/transcodes/df765ae64375b4f5a38b4afde070ee4d37.mp4' for writing
frame= 5623 fps=1402 q=-1.0 size=N/A time=00:03:26.84 bitrate=N/A speed=51.6x elapsed=0:00:04.00    
[hls @ 0xaaaac9f23870] Opening '/config/cache/transcodes/df765ae64375b4f5a38b4afde070ee4d38.mp4' for writing
[hls @ 0xaaaac9f23870] Opening '/config/cache/transcodes/df765ae64375b4f5a38b4afde070ee4d39.mp4' for writing
[hls @ 0xaaaac9f23870] Opening '/config/cache/transcodes/df765ae64375b4f5a38b4afde070ee4d40.mp4' for writing
[hls @ 0xaaaac9f23870] Opening '/config/cache/transcodes/df765ae64375b4f5a38b4afde070ee4d41.mp4' for writing
[hls @ 0xaaaac9f23870] Opening '/config/cache/transcodes/df765ae64375b4f5a38b4afde070ee4d42.mp4' for writing
[hls @ 0xaaaac9f23870] Opening '/config/cache/transcodes/df765ae64375b4f5a38b4afde070ee4d43.mp4' for writing
frame= 6348 fps=1408 q=-1.0 size=N/A time=00:03:57.01 bitrate=N/A speed=52.6x elapsed=0:00:04.50    
[hls @ 0xaaaac9f23870] Opening '/config/cache/transcodes/df765ae64375b4f5a38b4afde070ee4d44.mp4' for writing
[hls @ 0xaaaac9f23870] Opening '/config/cache/transcodes/df765ae64375b4f5a38b4afde070ee4d45.mp4' for writing
[hls @ 0xaaaac9f23870] Opening '/config/cache/transcodes/df765ae64375b4f5a38b4afde070ee4d46.mp4' for writing
[hls @ 0xaaaac9f23870] Opening '/config/cache/transcodes/df765ae64375b4f5a38b4afde070ee4d47.mp4' for writing
frame= 7057 fps=1409 q=-1.0 size=N/A time=00:04:26.58 bitrate=N/A speed=53.2x elapsed=0:00:05.00    
[hls @ 0xaaaac9f23870] Opening '/config/cache/transcodes/df765ae64375b4f5a38b4afde070ee4d48.mp4' for writing
[hls @ 0xaaaac9f23870] Opening '/config/cache/transcodes/df765ae64375b4f5a38b4afde070ee4d49.mp4' for writing
[hls @ 0xaaaac9f23870] Opening '/config/cache/transcodes/df765ae64375b4f5a38b4afde070ee4d50.mp4' for writing
[hls @ 0xaaaac9f23870] Opening '/config/cache/transcodes/df765ae64375b4f5a38b4afde070ee4d51.mp4' for writing
[hls @ 0xaaaac9f23870] Opening '/config/cache/transcodes/df765ae64375b4f5a38b4afde070ee4d52.mp4' for writing
[hls @ 0xaaaac9f23870] Opening '/config/cache/transcodes/df765ae64375b4f5a38b4afde070ee4d53.mp4' for writing
frame= 7825 fps=1420 q=-1.0 size=N/A time=00:04:58.58 bitrate=N/A speed=54.2x elapsed=0:00:05.50    
[hls @ 0xaaaac9f23870] Opening '/config/cache/transcodes/df765ae64375b4f5a38b4afde070ee4d54.mp4' for writing
[hls @ 0xaaaac9f23870] Opening '/config/cache/transcodes/df765ae64375b4f5a38b4afde070ee4d55.mp4' for writing
[hls @ 0xaaaac9f23870] Opening '/config/cache/transcodes/df765ae64375b4f5a38b4afde070ee4d56.mp4' for writing
[hls @ 0xaaaac9f23870] Opening '/config/cache/transcodes/df765ae64375b4f5a38b4afde070ee4d57.mp4' for writing
[hls @ 0xaaaac9f23870] Opening '/config/cache/transcodes/df765ae64375b4f5a38b4afde070ee4d58.mp4' for writing
frame= 8545 fps=1421 q=-1.0 size=N/A time=00:05:28.66 bitrate=N/A speed=54.7x elapsed=0:00:06.01    
[hls @ 0xaaaac9f23870] Opening '/config/cache/transcodes/df765ae64375b4f5a38b4afde070ee4d59.mp4' for writing
[hls @ 0xaaaac9f23870] Opening '/config/cache/transcodes/df765ae64375b4f5a38b4afde070ee4d60.mp4' for writing
[hls @ 0xaaaac9f23870] Opening '/config/cache/transcodes/df765ae64375b4f5a38b4afde070ee4d61.mp4' for writing
[hls @ 0xaaaac9f23870] Opening '/config/cache/transcodes/df765ae64375b4f5a38b4afde070ee4d62.mp4' for writing
frame= 9142 fps=1403 q=-1.0 size=N/A time=00:05:53.55 bitrate=N/A speed=54.3x elapsed=0:00:06.51    
[hls @ 0xaaaac9f23870] Opening '/config/cache/transcodes/df765ae64375b4f5a38b4afde070ee4d63.mp4' for writing
[hls @ 0xaaaac9f23870] Opening '/config/cache/transcodes/df765ae64375b4f5a38b4afde070ee4d64.mp4' for writing
[hls @ 0xaaaac9f23870] Opening '/config/cache/transcodes/df765ae64375b4f5a38b4afde070ee4d65.mp4' for writing
[hls @ 0xaaaac9f23870] Opening '/config/cache/transcodes/df765ae64375b4f5a38b4afde070ee4d66.mp4' for writing
frame= 9709 fps=1384 q=-1.0 size=N/A time=00:06:17.23 bitrate=N/A speed=53.8x elapsed=0:00:07.01    
[hls @ 0xaaaac9f23870] Opening '/config/cache/transcodes/df765ae64375b4f5a38b4afde070ee4d67.mp4' for writing
[hls @ 0xaaaac9f23870] Opening '/config/cache/transcodes/df765ae64375b4f5a38b4afde070ee4d68.mp4' for writing
[hls @ 0xaaaac9f23870] Opening '/config/cache/transcodes/df765ae64375b4f5a38b4afde070ee4d69.mp4' for writing
[hls @ 0xaaaac9f23870] Opening '/config/cache/transcodes/df765ae64375b4f5a38b4afde070ee4d70.mp4' for writing
frame=10267 fps=1366 q=-1.0 size=N/A time=00:06:40.40 bitrate=N/A speed=53.3x elapsed=0:00:07.51    
[hls @ 0xaaaac9f23870] Opening '/config/cache/transcodes/df765ae64375b4f5a38b4afde070ee4d71.mp4' for writing
[hls @ 0xaaaac9f23870] Opening '/config/cache/transcodes/df765ae64375b4f5a38b4afde070ee4d72.mp4' for writing
[hls @ 0xaaaac9f23870] Opening '/config/cache/transcodes/df765ae64375b4f5a38b4afde070ee4d73.mp4' for writing
[hls @ 0xaaaac9f23870] Opening '/config/cache/transcodes/df765ae64375b4f5a38b4afde070ee4d74.mp4' for writing
frame=10865 fps=1355 q=-1.0 size=N/A time=00:07:05.38 bitrate=N/A speed=53.1x elapsed=0:00:08.01    
[hls @ 0xaaaac9f23870] Opening '/config/cache/transcodes/df765ae64375b4f5a38b4afde070ee4d75.mp4' for writing
[hls @ 0xaaaac9f23870] Opening '/config/cache/transcodes/df765ae64375b4f5a38b4afde070ee4d76.mp4' for writing
[hls @ 0xaaaac9f23870] Opening '/config/cache/transcodes/df765ae64375b4f5a38b4afde070ee4d77.mp4' for writing
[hls @ 0xaaaac9f23870] Opening '/config/cache/transcodes/df765ae64375b4f5a38b4afde070ee4d78.mp4' for writing
frame=11461 fps=1346 q=-1.0 size=N/A time=00:07:30.38 bitrate=N/A speed=52.9x elapsed=0:00:08.51    
[hls @ 0xaaaac9f23870] Opening '/config/cache/transcodes/df765ae64375b4f5a38b4afde070ee4d79.mp4' for writing
[hls @ 0xaaaac9f23870] Opening '/config/cache/transcodes/df765ae64375b4f5a38b4afde070ee4d80.mp4' for writing
[hls @ 0xaaaac9f23870] Opening '/config/cache/transcodes/df765ae64375b4f5a38b4afde070ee4d81.mp4' for writing
[hls @ 0xaaaac9f23870] Opening '/config/cache/transcodes/df765ae64375b4f5a38b4afde070ee4d82.mp4' for writing
frame=11971 fps=1327 q=-1.0 size=N/A time=00:07:51.68 bitrate=N/A speed=52.3x elapsed=0:00:09.01    
[hls @ 0xaaaac9f23870] Opening '/config/cache/transcodes/df765ae64375b4f5a38b4afde070ee4d83.mp4' for writing
[hls @ 0xaaaac9f23870] Opening '/config/cache/transcodes/df765ae64375b4f5a38b4afde070ee4d84.mp4' for writing
[hls @ 0xaaaac9f23870] Opening '/config/cache/transcodes/df765ae64375b4f5a38b4afde070ee4d85.mp4' for writing
frame=12497 fps=1313 q=-1.0 size=N/A time=00:08:13.58 bitrate=N/A speed=51.9x elapsed=0:00:09.51    
[hls @ 0xaaaac9f23870] Opening '/config/cache/transcodes/df765ae64375b4f5a38b4afde070ee4d86.mp4' for writing
[hls @ 0xaaaac9f23870] Opening '/config/cache/transcodes/df765ae64375b4f5a38b4afde070ee4d87.mp4' for writing
[hls @ 0xaaaac9f23870] Opening '/config/cache/transcodes/df765ae64375b4f5a38b4afde070ee4d88.mp4' for writing
frame=12967 fps=1294 q=-1.0 size=N/A time=00:08:33.00 bitrate=N/A speed=51.2x elapsed=0:00:10.01    
[hls @ 0xaaaac9f23870] Opening '/config/cache/transcodes/df765ae64375b4f5a38b4afde070ee4d89.mp4' for writing
[hls @ 0xaaaac9f23870] Opening '/config/cache/transcodes/df765ae64375b4f5a38b4afde070ee4d90.mp4' for writing
[hls @ 0xaaaac9f23870] Opening '/config/cache/transcodes/df765ae64375b4f5a38b4afde070ee4d91.mp4' for writing
[hls @ 0xaaaac9f23870] Opening '/config/cache/transcodes/df765ae64375b4f5a38b4afde070ee4d92.mp4' for writing
frame=13484 fps=1282 q=-1.0 size=N/A time=00:08:54.63 bitrate=N/A speed=50.8x elapsed=0:00:10.51    
[hls @ 0xaaaac9f23870] Opening '/config/cache/transcodes/df765ae64375b4f5a38b4afde070ee4d93.mp4' for writing
[hls @ 0xaaaac9f23870] Opening '/config/cache/transcodes/df765ae64375b4f5a38b4afde070ee4d94.mp4' for writing
[hls @ 0xaaaac9f23870] Opening '/config/cache/transcodes/df765ae64375b4f5a38b4afde070ee4d95.mp4' for writing
[hls @ 0xaaaac9f23870] Opening '/config/cache/transcodes/df765ae64375b4f5a38b4afde070ee4d96.mp4' for writing
frame=14021 fps=1272 q=-1.0 size=N/A time=00:09:17.14 bitrate=N/A speed=50.6x elapsed=0:00:11.02    
[hls @ 0xaaaac9f23870] Opening '/config/cache/transcodes/df765ae64375b4f5a38b4afde070ee4d97.mp4' for writing
[hls @ 0xaaaac9f23870] Opening '/config/cache/transcodes/df765ae64375b4f5a38b4afde070ee4d98.mp4' for writing
[hls @ 0xaaaac9f23870] Opening '/config/cache/transcodes/df765ae64375b4f5a38b4afde070ee4d99.mp4' for writing
[hls @ 0xaaaac9f23870] Opening '/config/cache/transcodes/df765ae64375b4f5a38b4afde070ee4d100.mp4' for writing
frame=14609 fps=1268 q=-1.0 size=N/A time=00:09:41.78 bitrate=N/A speed=50.5x elapsed=0:00:11.52    
[hls @ 0xaaaac9f23870] Opening '/config/cache/transcodes/df765ae64375b4f5a38b4afde070ee4d101.mp4' for writing
[hls @ 0xaaaac9f23870] Opening '/config/cache/transcodes/df765ae64375b4f5a38b4afde070ee4d102.mp4' for writing
[hls @ 0xaaaac9f23870] Opening '/config/cache/transcodes/df765ae64375b4f5a38b4afde070ee4d103.mp4' for writing
[hls @ 0xaaaac9f23870] Opening '/config/cache/transcodes/df765ae64375b4f5a38b4afde070ee4d104.mp4' for writing
frame=15169 fps=1262 q=-1.0 size=N/A time=00:10:04.97 bitrate=N/A speed=50.3x elapsed=0:00:12.02    
[hls @ 0xaaaac9f23870] Opening '/config/cache/transcodes/df765ae64375b4f5a38b4afde070ee4d105.mp4' for writing
[hls @ 0xaaaac9f23870] Opening '/config/cache/transcodes/df765ae64375b4f5a38b4afde070ee4d106.mp4' for writing
[hls @ 0xaaaac9f23870] Opening '/config/cache/transcodes/df765ae64375b4f5a38b4afde070ee4d107.mp4' for writing
[hls @ 0xaaaac9f23870] Opening '/config/cache/transcodes/df765ae64375b4f5a38b4afde070ee4d108.mp4' for writing
frame=15781 fps=1260 q=-1.0 size=N/A time=00:10:30.48 bitrate=N/A speed=50.3x elapsed=0:00:12.52    
[hls @ 0xaaaac9f23870] Opening '/config/cache/transcodes/df765ae64375b4f5a38b4afde070ee4d109.mp4' for writing
[hls @ 0xaaaac9f23870] Opening '/config/cache/transcodes/df765ae64375b4f5a38b4afde070ee4d110.mp4' for writing
[hls @ 0xaaaac9f23870] Opening '/config/cache/transcodes/df765ae64375b4f5a38b4afde070ee4d111.mp4' for writing
[hls @ 0xaaaac9f23870] Opening '/config/cache/transcodes/df765ae64375b4f5a38b4afde070ee4d112.mp4' for writing
frame=16321 fps=1253 q=-1.0 size=N/A time=00:10:52.90 bitrate=N/A speed=50.1x elapsed=0:00:13.02    
[hls @ 0xaaaac9f23870] Opening '/config/cache/transcodes/df765ae64375b4f5a38b4afde070ee4d113.mp4' for writing
[hls @ 0xaaaac9f23870] Opening '/config/cache/transcodes/df765ae64375b4f5a38b4afde070ee4d114.mp4' for writing
[hls @ 0xaaaac9f23870] Opening '/config/cache/transcodes/df765ae64375b4f5a38b4afde070ee4d115.mp4' for writing
frame=16746 fps=1238 q=-1.0 size=N/A time=00:11:10.65 bitrate=N/A speed=49.6x elapsed=0:00:13.52    
[hls @ 0xaaaac9f23870] Opening '/config/cache/transcodes/df765ae64375b4f5a38b4afde070ee4d116.mp4' for writing
[hls @ 0xaaaac9f23870] Opening '/config/cache/transcodes/df765ae64375b4f5a38b4afde070ee4d117.mp4' for writing
[hls @ 0xaaaac9f23870] Opening '/config/cache/transcodes/df765ae64375b4f5a38b4afde070ee4d118.mp4' for writing
[hls @ 0xaaaac9f23870] Opening '/config/cache/transcodes/df765ae64375b4f5a38b4afde070ee4d119.mp4' for writing
frame=17329 fps=1236 q=-1.0 size=N/A time=00:11:35.08 bitrate=N/A speed=49.6x elapsed=0:00:14.02    
[hls @ 0xaaaac9f23870] Opening '/config/cache/transcodes/df765ae64375b4f5a38b4afde070ee4d120.mp4' for writing
[hls @ 0xaaaac9f23870] Opening '/config/cache/transcodes/df765ae64375b4f5a38b4afde070ee4d121.mp4' for writing
[hls @ 0xaaaac9f23870] Opening '/config/cache/transcodes/df765ae64375b4f5a38b4afde070ee4d122.mp4' for writing
[hls @ 0xaaaac9f23870] Opening '/config/cache/transcodes/df765ae64375b4f5a38b4afde070ee4d123.mp4' for writing
frame=17872 fps=1230 q=-1.0 size=N/A time=00:11:57.93 bitrate=N/A speed=49.4x elapsed=0:00:14.52    
[hls @ 0xaaaac9f23870] Opening '/config/cache/transcodes/df765ae64375b4f5a38b4afde070ee4d124.mp4' for writing
[hls @ 0xaaaac9f23870] Opening '/config/cache/transcodes/df765ae64375b4f5a38b4afde070ee4d125.mp4' for writing
[hls @ 0xaaaac9f23870] Opening '/config/cache/transcodes/df765ae64375b4f5a38b4afde070ee4d126.mp4' for writing
[hls @ 0xaaaac9f23870] Opening '/config/cache/transcodes/df765ae64375b4f5a38b4afde070ee4d127.mp4' for writing
frame=18481 fps=1230 q=-1.0 size=N/A time=00:12:22.97 bitrate=N/A speed=49.5x elapsed=0:00:15.02    
[hls @ 0xaaaac9f23870] Opening '/config/cache/transcodes/df765ae64375b4f5a38b4afde070ee4d128.mp4' for writing
[hls @ 0xaaaac9f23870] Opening '/config/cache/transcodes/df765ae64375b4f5a38b4afde070ee4d129.mp4' for writing
[hls @ 0xaaaac9f23870] Opening '/config/cache/transcodes/df765ae64375b4f5a38b4afde070ee4d130.mp4' for writing
frame=19013 fps=1224 q=-1.0 size=N/A time=00:12:45.35 bitrate=N/A speed=49.3x elapsed=0:00:15.52    
[hls @ 0xaaaac9f23870] Opening '/config/cache/transcodes/df765ae64375b4f5a38b4afde070ee4d131.mp4' for writing
[hls @ 0xaaaac9f23870] Opening '/config/cache/transcodes/df765ae64375b4f5a38b4afde070ee4d132.mp4' for writing
[hls @ 0xaaaac9f23870] Opening '/config/cache/transcodes/df765ae64375b4f5a38b4afde070ee4d133.mp4' for writing
[hls @ 0xaaaac9f23870] Opening '/config/cache/transcodes/df765ae64375b4f5a38b4afde070ee4d134.mp4' for writing
frame=19450 fps=1213 q=-1.0 size=N/A time=00:13:03.46 bitrate=N/A speed=48.9x elapsed=0:00:16.02    
[hls @ 0xaaaac9f23870] Opening '/config/cache/transcodes/df765ae64375b4f5a38b4afde070ee4d135.mp4' for writing
[hls @ 0xaaaac9f23870] Opening '/config/cache/transcodes/df765ae64375b4f5a38b4afde070ee4d136.mp4' for writing
[hls @ 0xaaaac9f23870] Opening '/config/cache/transcodes/df765ae64375b4f5a38b4afde070ee4d137.mp4' for writing
frame=19908 fps=1204 q=-1.0 size=N/A time=00:13:22.73 bitrate=N/A speed=48.6x elapsed=0:00:16.52    
[hls @ 0xaaaac9f23870] Opening '/config/cache/transcodes/df765ae64375b4f5a38b4afde070ee4d138.mp4' for writing
[hls @ 0xaaaac9f23870] Opening '/config/cache/transcodes/df765ae64375b4f5a38b4afde070ee4d139.mp4' for writing
frame=20290 fps=1191 q=-1.0 size=N/A time=00:13:38.60 bitrate=N/A speed=48.1x elapsed=0:00:17.02    
[hls @ 0xaaaac9f23870] Opening '/config/cache/transcodes/df765ae64375b4f5a38b4afde070ee4d140.mp4' for writing
[hls @ 0xaaaac9f23870] Opening '/config/cache/transcodes/df765ae64375b4f5a38b4afde070ee4d141.mp4' for writing
[hls @ 0xaaaac9f23870] Opening '/config/cache/transcodes/df765ae64375b4f5a38b4afde070ee4d142.mp4' for writing
frame=20617 fps=1176 q=-1.0 size=N/A time=00:13:52.38 bitrate=N/A speed=47.5x elapsed=0:00:17.52    
[hls @ 0xaaaac9f23870] Opening '/config/cache/transcodes/df765ae64375b4f5a38b4afde070ee4d143.mp4' for writing
[hls @ 0xaaaac9f23870] Opening '/config/cache/transcodes/df765ae64375b4f5a38b4afde070ee4d144.mp4' for writing
[hls @ 0xaaaac9f23870] Opening '/config/cache/transcodes/df765ae64375b4f5a38b4afde070ee4d145.mp4' for writing
frame=21099 fps=1170 q=-1.0 size=N/A time=00:14:12.13 bitrate=N/A speed=47.2x elapsed=0:00:18.03    
[hls @ 0xaaaac9f23870] Opening '/config/cache/transcodes/df765ae64375b4f5a38b4afde070ee4d146.mp4' for writing
[hls @ 0xaaaac9f23870] Opening '/config/cache/transcodes/df765ae64375b4f5a38b4afde070ee4d147.mp4' for writing
[hls @ 0xaaaac9f23870] Opening '/config/cache/transcodes/df765ae64375b4f5a38b4afde070ee4d148.mp4' for writing
frame=21472 fps=1158 q=-1.0 size=N/A time=00:14:27.92 bitrate=N/A speed=46.8x elapsed=0:00:18.53    
[hls @ 0xaaaac9f23870] Opening '/config/cache/transcodes/df765ae64375b4f5a38b4afde070ee4d149.mp4' for writing
[hls @ 0xaaaac9f23870] Opening '/config/cache/transcodes/df765ae64375b4f5a38b4afde070ee4d150.mp4' for writing
frame=21772 fps=1144 q=-1.0 size=N/A time=00:14:40.38 bitrate=N/A speed=46.2x elapsed=0:00:19.03    
[hls @ 0xaaaac9f23870] Opening '/config/cache/transcodes/df765ae64375b4f5a38b4afde070ee4d151.mp4' for writing
[hls @ 0xaaaac9f23870] Opening '/config/cache/transcodes/df765ae64375b4f5a38b4afde070ee4d152.mp4' for writing
[hls @ 0xaaaac9f23870] Opening '/config/cache/transcodes/df765ae64375b4f5a38b4afde070ee4d153.mp4' for writing
frame=22253 fps=1139 q=-1.0 size=N/A time=00:15:00.24 bitrate=N/A speed=46.1x elapsed=0:00:19.54    
[hls @ 0xaaaac9f23870] Opening '/config/cache/transcodes/df765ae64375b4f5a38b4afde070ee4d154.mp4' for writing
[hls @ 0xaaaac9f23870] Opening '/config/cache/transcodes/df765ae64375b4f5a38b4afde070ee4d155.mp4' for writing
[hls @ 0xaaaac9f23870] Opening '/config/cache/transcodes/df765ae64375b4f5a38b4afde070ee4d156.mp4' for writing
[hls @ 0xaaaac9f23870] Opening '/config/cache/transcodes/df765ae64375b4f5a38b4afde070ee4d157.mp4' for writing
frame=22861 fps=1140 q=-1.0 size=N/A time=00:15:25.78 bitrate=N/A speed=46.2x elapsed=0:00:20.05    
[hls @ 0xaaaac9f23870] Opening '/config/cache/transcodes/df765ae64375b4f5a38b4afde070ee4d158.mp4' for writing
[hls @ 0xaaaac9f23870] Opening '/config/cache/transcodes/df765ae64375b4f5a38b4afde070ee4d159.mp4' for writing
[hls @ 0xaaaac9f23870] Opening '/config/cache/transcodes/df765ae64375b4f5a38b4afde070ee4d160.mp4' for writing
[hls @ 0xaaaac9f23870] Opening '/config/cache/transcodes/df765ae64375b4f5a38b4afde070ee4d161.mp4' for writing
frame=23452 fps=1141 q=-1.0 size=N/A time=00:15:50.40 bitrate=N/A speed=46.2x elapsed=0:00:20.55    
[hls @ 0xaaaac9f23870] Opening '/config/cache/transcodes/df765ae64375b4f5a38b4afde070ee4d162.mp4' for writing
[hls @ 0xaaaac9f23870] Opening '/config/cache/transcodes/df765ae64375b4f5a38b4afde070ee4d163.mp4' for writing
[hls @ 0xaaaac9f23870] Opening '/config/cache/transcodes/df765ae64375b4f5a38b4afde070ee4d164.mp4' for writing
[hls @ 0xaaaac9f23870] Opening '/config/cache/transcodes/df765ae64375b4f5a38b4afde070ee4d165.mp4' for writing
frame=23915 fps=1136 q=-1.0 size=N/A time=00:16:09.77 bitrate=N/A speed=46.1x elapsed=0:00:21.05    
[hls @ 0xaaaac9f23870] Opening '/config/cache/transcodes/df765ae64375b4f5a38b4afde070ee4d166.mp4' for writing
[hls @ 0xaaaac9f23870] Opening '/config/cache/transcodes/df765ae64375b4f5a38b4afde070ee4d167.mp4' for writing
[hls @ 0xaaaac9f23870] Opening '/config/cache/transcodes/df765ae64375b4f5a38b4afde070ee4d168.mp4' for writing
frame=24368 fps=1131 q=-1.0 size=N/A time=00:16:28.56 bitrate=N/A speed=45.9x elapsed=0:00:21.55    
[hls @ 0xaaaac9f23870] Opening '/config/cache/transcodes/df765ae64375b4f5a38b4afde070ee4d169.mp4' for writing
[hls @ 0xaaaac9f23870] Opening '/config/cache/transcodes/df765ae64375b4f5a38b4afde070ee4d170.mp4' for writing
frame=24732 fps=1121 q=-1.0 size=N/A time=00:16:43.79 bitrate=N/A speed=45.5x elapsed=0:00:22.05    
[hls @ 0xaaaac9f23870] Opening '/config/cache/transcodes/df765ae64375b4f5a38b4afde070ee4d171.mp4' for writing
[hls @ 0xaaaac9f23870] Opening '/config/cache/transcodes/df765ae64375b4f5a38b4afde070ee4d172.mp4' for writing
[hls @ 0xaaaac9f23870] Opening '/config/cache/transcodes/df765ae64375b4f5a38b4afde070ee4d173.mp4' for writing
[hls @ 0xaaaac9f23870] Opening '/config/cache/transcodes/df765ae64375b4f5a38b4afde070ee4d174.mp4' for writing
frame=25253 fps=1120 q=-1.0 size=N/A time=00:17:05.57 bitrate=N/A speed=45.5x elapsed=0:00:22.55    
[hls @ 0xaaaac9f23870] Opening '/config/cache/transcodes/df765ae64375b4f5a38b4afde070ee4d175.mp4' for writing
[hls @ 0xaaaac9f23870] Opening '/config/cache/transcodes/df765ae64375b4f5a38b4afde070ee4d176.mp4' for writing
[hls @ 0xaaaac9f23870] Opening '/config/cache/transcodes/df765ae64375b4f5a38b4afde070ee4d177.mp4' for writing
[hls @ 0xaaaac9f23870] Opening '/config/cache/transcodes/df765ae64375b4f5a38b4afde070ee4d178.mp4' for writing
frame=25814 fps=1120 q=-1.0 size=N/A time=00:17:28.78 bitrate=N/A speed=45.5x elapsed=0:00:23.05    
[hls @ 0xaaaac9f23870] Opening '/config/cache/transcodes/df765ae64375b4f5a38b4afde070ee4d179.mp4' for writing
[hls @ 0xaaaac9f23870] Opening '/config/cache/transcodes/df765ae64375b4f5a38b4afde070ee4d180.mp4' for writing
[hls @ 0xaaaac9f23870] Opening '/config/cache/transcodes/df765ae64375b4f5a38b4afde070ee4d181.mp4' for writing
frame=26251 fps=1114 q=-1.0 size=N/A time=00:17:47.11 bitrate=N/A speed=45.3x elapsed=0:00:23.55    
[hls @ 0xaaaac9f23870] Opening '/config/cache/transcodes/df765ae64375b4f5a38b4afde070ee4d182.mp4' for writing
[hls @ 0xaaaac9f23870] Opening '/config/cache/transcodes/df765ae64375b4f5a38b4afde070ee4d183.mp4' for writing
[hls @ 0xaaaac9f23870] Opening '/config/cache/transcodes/df765ae64375b4f5a38b4afde070ee4d184.mp4' for writing
frame=26748 fps=1112 q=-1.0 size=N/A time=00:18:08.00 bitrate=N/A speed=45.2x elapsed=0:00:24.05    
[hls @ 0xaaaac9f23870] Opening '/config/cache/transcodes/df765ae64375b4f5a38b4afde070ee4d185.mp4' for writing
[hls @ 0xaaaac9f23870] Opening '/config/cache/transcodes/df765ae64375b4f5a38b4afde070ee4d186.mp4' for writing
[hls @ 0xaaaac9f23870] Opening '/config/cache/transcodes/df765ae64375b4f5a38b4afde070ee4d187.mp4' for writing
frame=27205 fps=1108 q=-1.0 size=N/A time=00:18:26.85 bitrate=N/A speed=45.1x elapsed=0:00:24.55    
[hls @ 0xaaaac9f23870] Opening '/config/cache/transcodes/df765ae64375b4f5a38b4afde070ee4d188.mp4' for writing
[hls @ 0xaaaac9f23870] Opening '/config/cache/transcodes/df765ae64375b4f5a38b4afde070ee4d189.mp4' for writing
[hls @ 0xaaaac9f23870] Opening '/config/cache/transcodes/df765ae64375b4f5a38b4afde070ee4d190.mp4' for writing
[hls @ 0xaaaac9f23870] Opening '/config/cache/transcodes/df765ae64375b4f5a38b4afde070ee4d191.mp4' for writing
frame=27745 fps=1107 q=-1.0 size=N/A time=00:18:49.38 bitrate=N/A speed=45.1x elapsed=0:00:25.05    
[hls @ 0xaaaac9f23870] Opening '/config/cache/transcodes/df765ae64375b4f5a38b4afde070ee4d192.mp4' for writing
[hls @ 0xaaaac9f23870] Opening '/config/cache/transcodes/df765ae64375b4f5a38b4afde070ee4d193.mp4' for writing
[hls @ 0xaaaac9f23870] Opening '/config/cache/transcodes/df765ae64375b4f5a38b4afde070ee4d194.mp4' for writing
frame=28219 fps=1104 q=-1.0 size=N/A time=00:19:09.39 bitrate=N/A speed=  45x elapsed=0:00:25.55    
[hls @ 0xaaaac9f23870] Opening '/config/cache/transcodes/df765ae64375b4f5a38b4afde070ee4d195.mp4' for writing
[hls @ 0xaaaac9f23870] Opening '/config/cache/transcodes/df765ae64375b4f5a38b4afde070ee4d196.mp4' for writing
[hls @ 0xaaaac9f23870] Opening '/config/cache/transcodes/df765ae64375b4f5a38b4afde070ee4d197.mp4' for writing
[hls @ 0xaaaac9f23870] Opening '/config/cache/transcodes/df765ae64375b4f5a38b4afde070ee4d198.mp4' for writing
frame=28669 fps=1100 q=-1.0 size=N/A time=00:19:28.12 bitrate=N/A speed=44.8x elapsed=0:00:26.05    
[hls @ 0xaaaac9f23870] Opening '/config/cache/transcodes/df765ae64375b4f5a38b4afde070ee4d199.mp4' for writing
[hls @ 0xaaaac9f23870] Opening '/config/cache/transcodes/df765ae64375b4f5a38b4afde070ee4d200.mp4' for writing
[hls @ 0xaaaac9f23870] Opening '/config/cache/transcodes/df765ae64375b4f5a38b4afde070ee4d201.mp4' for writing
frame=29152 fps=1098 q=-1.0 size=N/A time=00:19:48.28 bitrate=N/A speed=44.7x elapsed=0:00:26.55    
[hls @ 0xaaaac9f23870] Opening '/config/cache/transcodes/df765ae64375b4f5a38b4afde070ee4d202.mp4' for writing
[hls @ 0xaaaac9f23870] Opening '/config/cache/transcodes/df765ae64375b4f5a38b4afde070ee4d203.mp4' for writing
[hls @ 0xaaaac9f23870] Opening '/config/cache/transcodes/df765ae64375b4f5a38b4afde070ee4d204.mp4' for writing
frame=29549 fps=1092 q=-1.0 size=N/A time=00:20:04.75 bitrate=N/A speed=44.5x elapsed=0:00:27.05    
[hls @ 0xaaaac9f23870] Opening '/config/cache/transcodes/df765ae64375b4f5a38b4afde070ee4d205.mp4' for writing
[hls @ 0xaaaac9f23870] Opening '/config/cache/transcodes/df765ae64375b4f5a38b4afde070ee4d206.mp4' for writing
[hls @ 0xaaaac9f23870] Opening '/config/cache/transcodes/df765ae64375b4f5a38b4afde070ee4d207.mp4' for writing
frame=29953 fps=1087 q=-1.0 size=N/A time=00:20:21.80 bitrate=N/A speed=44.3x elapsed=0:00:27.55    
[hls @ 0xaaaac9f23870] Opening '/config/cache/transcodes/df765ae64375b4f5a38b4afde070ee4d208.mp4' for writing
[hls @ 0xaaaac9f23870] Opening '/config/cache/transcodes/df765ae64375b4f5a38b4afde070ee4d209.mp4' for writing
frame=30368 fps=1082 q=-1.0 size=N/A time=00:20:38.72 bitrate=N/A speed=44.1x elapsed=0:00:28.06    
[hls @ 0xaaaac9f23870] Opening '/config/cache/transcodes/df765ae64375b4f5a38b4afde070ee4d210.mp4' for writing
[hls @ 0xaaaac9f23870] Opening '/config/cache/transcodes/df765ae64375b4f5a38b4afde070ee4d211.mp4' for writing
frame=30577 fps=1070 q=-1.0 size=N/A time=00:20:47.55 bitrate=N/A speed=43.7x elapsed=0:00:28.56    
[hls @ 0xaaaac9f23870] Opening '/config/cache/transcodes/df765ae64375b4f5a38b4afde070ee4d212.mp4' for writing
[hls @ 0xaaaac9f23870] Opening '/config/cache/transcodes/df765ae64375b4f5a38b4afde070ee4d213.mp4' for writing
[hls @ 0xaaaac9f23870] Opening '/config/cache/transcodes/df765ae64375b4f5a38b4afde070ee4d214.mp4' for writing
frame=31019 fps=1067 q=-1.0 size=N/A time=00:21:06.02 bitrate=N/A speed=43.6x elapsed=0:00:29.07    
[hls @ 0xaaaac9f23870] Opening '/config/cache/transcodes/df765ae64375b4f5a38b4afde070ee4d215.mp4' for writing
[hls @ 0xaaaac9f23870] Opening '/config/cache/transcodes/df765ae64375b4f5a38b4afde070ee4d216.mp4' for writing
frame=31380 fps=1061 q=-1.0 size=N/A time=00:21:21.19 bitrate=N/A speed=43.3x elapsed=0:00:29.57    
[hls @ 0xaaaac9f23870] Opening '/config/cache/transcodes/df765ae64375b4f5a38b4afde070ee4d217.mp4' for writing
[hls @ 0xaaaac9f23870] Opening '/config/cache/transcodes/df765ae64375b4f5a38b4afde070ee4d218.mp4' for writing
[hls @ 0xaaaac9f23870] Opening '/config/cache/transcodes/df765ae64375b4f5a38b4afde070ee4d219.mp4' for writing
frame=31777 fps=1057 q=-1.0 size=N/A time=00:21:37.89 bitrate=N/A speed=43.2x elapsed=0:00:30.07    
[hls @ 0xaaaac9f23870] Opening '/config/cache/transcodes/df765ae64375b4f5a38b4afde070ee4d220.mp4' for writing
[hls @ 0xaaaac9f23870] Opening '/config/cache/transcodes/df765ae64375b4f5a38b4afde070ee4d221.mp4' for writing
frame=32113 fps=1050 q=-1.0 size=N/A time=00:21:51.59 bitrate=N/A speed=42.9x elapsed=0:00:30.57    
[hls @ 0xaaaac9f23870] Opening '/config/cache/transcodes/df765ae64375b4f5a38b4afde070ee4d222.mp4' for writing
[hls @ 0xaaaac9f23870] Opening '/config/cache/transcodes/df765ae64375b4f5a38b4afde070ee4d223.mp4' for writing
[hls @ 0xaaaac9f23870] Opening '/config/cache/transcodes/df765ae64375b4f5a38b4afde070ee4d224.mp4' for writing
frame=32545 fps=1047 q=-1.0 size=N/A time=00:22:09.66 bitrate=N/A speed=42.8x elapsed=0:00:31.07    
[hls @ 0xaaaac9f23870] Opening '/config/cache/transcodes/df765ae64375b4f5a38b4afde070ee4d225.mp4' for writing
[hls @ 0xaaaac9f23870] Opening '/config/cache/transcodes/df765ae64375b4f5a38b4afde070ee4d226.mp4' for writing
[hls @ 0xaaaac9f23870] Opening '/config/cache/transcodes/df765ae64375b4f5a38b4afde070ee4d227.mp4' for writing
frame=32918 fps=1043 q=-1.0 size=N/A time=00:22:25.17 bitrate=N/A speed=42.6x elapsed=0:00:31.57    
[hls @ 0xaaaac9f23870] Opening '/config/cache/transcodes/df765ae64375b4f5a38b4afde070ee4d228.mp4' for writing
[hls @ 0xaaaac9f23870] Opening '/config/cache/transcodes/df765ae64375b4f5a38b4afde070ee4d229.mp4' for writing
[hls @ 0xaaaac9f23870] Opening '/config/cache/transcodes/df765ae64375b4f5a38b4afde070ee4d230.mp4' for writing
frame=33409 fps=1041 q=-1.0 size=N/A time=00:22:45.80 bitrate=N/A speed=42.6x elapsed=0:00:32.08    
[hls @ 0xaaaac9f23870] Opening '/config/cache/transcodes/df765ae64375b4f5a38b4afde070ee4d231.mp4' for writing
[hls @ 0xaaaac9f23870] Opening '/config/cache/transcodes/df765ae64375b4f5a38b4afde070ee4d232.mp4' for writing
[hls @ 0xaaaac9f23870] Opening '/config/cache/transcodes/df765ae64375b4f5a38b4afde070ee4d233.mp4' for writing
frame=33761 fps=1036 q=-1.0 size=N/A time=00:23:00.54 bitrate=N/A speed=42.4x elapsed=0:00:32.58    
[hls @ 0xaaaac9f23870] Opening '/config/cache/transcodes/df765ae64375b4f5a38b4afde070ee4d234.mp4' for writing
[hls @ 0xaaaac9f23870] Opening '/config/cache/transcodes/df765ae64375b4f5a38b4afde070ee4d235.mp4' for writing
[hls @ 0xaaaac9f23870] Opening '/config/cache/transcodes/df765ae64375b4f5a38b4afde070ee4d236.mp4' for writing
frame=34147 fps=1032 q=-1.0 size=N/A time=00:23:16.41 bitrate=N/A speed=42.2x elapsed=0:00:33.08    
[hls @ 0xaaaac9f23870] Opening '/config/cache/transcodes/df765ae64375b4f5a38b4afde070ee4d237.mp4' for writing
[hls @ 0xaaaac9f23870] Opening '/config/cache/transcodes/df765ae64375b4f5a38b4afde070ee4d238.mp4' for writing
[hls @ 0xaaaac9f23870] Opening '/config/cache/transcodes/df765ae64375b4f5a38b4afde070ee4d239.mp4' for writing
frame=34609 fps=1030 q=-1.0 size=N/A time=00:23:35.78 bitrate=N/A speed=42.2x elapsed=0:00:33.58    
[hls @ 0xaaaac9f23870] Opening '/config/cache/transcodes/df765ae64375b4f5a38b4afde070ee4d240.mp4' for writing
[hls @ 0xaaaac9f23870] Opening '/config/cache/transcodes/df765ae64375b4f5a38b4afde070ee4d241.mp4' for writing
[hls @ 0xaaaac9f23870] Opening '/config/cache/transcodes/df765ae64375b4f5a38b4afde070ee4d242.mp4' for writing
frame=35057 fps=1028 q=-1.0 size=N/A time=00:23:54.41 bitrate=N/A speed=42.1x elapsed=0:00:34.08    
[hls @ 0xaaaac9f23870] Opening '/config/cache/transcodes/df765ae64375b4f5a38b4afde070ee4d243.mp4' for writing
[hls @ 0xaaaac9f23870] Opening '/config/cache/transcodes/df765ae64375b4f5a38b4afde070ee4d244.mp4' for writing
[hls @ 0xaaaac9f23870] Opening '/config/cache/transcodes/df765ae64375b4f5a38b4afde070ee4d245.mp4' for writing
frame=35566 fps=1028 q=-1.0 size=N/A time=00:24:15.92 bitrate=N/A speed=42.1x elapsed=0:00:34.58    
[hls @ 0xaaaac9f23870] Opening '/config/cache/transcodes/df765ae64375b4f5a38b4afde070ee4d246.mp4' for writing
[hls @ 0xaaaac9f23870] Opening '/config/cache/transcodes/df765ae64375b4f5a38b4afde070ee4d247.mp4' for writing
[hls @ 0xaaaac9f23870] Opening '/config/cache/transcodes/df765ae64375b4f5a38b4afde070ee4d248.mp4' for writing
[hls @ 0xaaaac9f23870] Opening '/config/cache/transcodes/df765ae64375b4f5a38b4afde070ee4d249.mp4' for writing
frame=36090 fps=1029 q=-1.0 size=N/A time=00:24:37.63 bitrate=N/A speed=42.1x elapsed=0:00:35.08    
[hls @ 0xaaaac9f23870] Opening '/config/cache/transcodes/df765ae64375b4f5a38b4afde070ee4d250.mp4' for writing
[hls @ 0xaaaac9f23870] Opening '/config/cache/transcodes/df765ae64375b4f5a38b4afde070ee4d251.mp4' for writing
[hls @ 0xaaaac9f23870] Opening '/config/cache/transcodes/df765ae64375b4f5a38b4afde070ee4d252.mp4' for writing
frame=36463 fps=1025 q=-1.0 size=N/A time=00:24:53.33 bitrate=N/A speed=  42x elapsed=0:00:35.58    
[hls @ 0xaaaac9f23870] Opening '/config/cache/transcodes/df765ae64375b4f5a38b4afde070ee4d253.mp4' for writing
[hls @ 0xaaaac9f23870] Opening '/config/cache/transcodes/df765ae64375b4f5a38b4afde070ee4d254.mp4' for writing
frame=36849 fps=1021 q=-1.0 size=N/A time=00:25:09.16 bitrate=N/A speed=41.8x elapsed=0:00:36.08    
[hls @ 0xaaaac9f23870] Opening '/config/cache/transcodes/df765ae64375b4f5a38b4afde070ee4d255.mp4' for writing
[hls @ 0xaaaac9f23870] Opening '/config/cache/transcodes/df765ae64375b4f5a38b4afde070ee4d256.mp4' for writing
[hls @ 0xaaaac9f23870] Opening '/config/cache/transcodes/df765ae64375b4f5a38b4afde070ee4d257.mp4' for writing
frame=37271 fps=1019 q=-1.0 size=N/A time=00:25:26.82 bitrate=N/A speed=41.7x elapsed=0:00:36.58    
[hls @ 0xaaaac9f23870] Opening '/config/cache/transcodes/df765ae64375b4f5a38b4afde070ee4d258.mp4' for writing
[hls @ 0xaaaac9f23870] Opening '/config/cache/transcodes/df765ae64375b4f5a38b4afde070ee4d259.mp4' for writing
[hls @ 0xaaaac9f23870] Opening '/config/cache/transcodes/df765ae64375b4f5a38b4afde070ee4d260.mp4' for writing
frame=37667 fps=1016 q=-1.0 size=N/A time=00:25:43.55 bitrate=N/A speed=41.6x elapsed=0:00:37.08    
[hls @ 0xaaaac9f23870] Opening '/config/cache/transcodes/df765ae64375b4f5a38b4afde070ee4d261.mp4' for writing
[hls @ 0xaaaac9f23870] Opening '/config/cache/transcodes/df765ae64375b4f5a38b4afde070ee4d262.mp4' for writing
frame=37972 fps=1010 q=-1.0 size=N/A time=00:25:56.24 bitrate=N/A speed=41.4x elapsed=0:00:37.58    
[hls @ 0xaaaac9f23870] Opening '/config/cache/transcodes/df765ae64375b4f5a38b4afde070ee4d263.mp4' for writing
[hls @ 0xaaaac9f23870] Opening '/config/cache/transcodes/df765ae64375b4f5a38b4afde070ee4d264.mp4' for writing
[hls @ 0xaaaac9f23870] Opening '/config/cache/transcodes/df765ae64375b4f5a38b4afde070ee4d265.mp4' for writing
frame=38365 fps=1007 q=-1.0 size=N/A time=00:26:12.39 bitrate=N/A speed=41.3x elapsed=0:00:38.08    
[hls @ 0xaaaac9f23870] Opening '/config/cache/transcodes/df765ae64375b4f5a38b4afde070ee4d266.mp4' for writing
[hls @ 0xaaaac9f23870] Opening '/config/cache/transcodes/df765ae64375b4f5a38b4afde070ee4d267.mp4' for writing
frame=38682 fps=1002 q=-1.0 size=N/A time=00:26:25.70 bitrate=N/A speed=41.1x elapsed=0:00:38.59    
[hls @ 0xaaaac9f23870] Opening '/config/cache/transcodes/df765ae64375b4f5a38b4afde070ee4d268.mp4' for writing
[hls @ 0xaaaac9f23870] Opening '/config/cache/transcodes/df765ae64375b4f5a38b4afde070ee4d269.mp4' for writing
[hls @ 0xaaaac9f23870] Opening '/config/cache/transcodes/df765ae64375b4f5a38b4afde070ee4d270.mp4' for writing
frame=39121 fps=1001 q=-1.0 size=N/A time=00:26:43.84 bitrate=N/A speed=  41x elapsed=0:00:39.09    
[hls @ 0xaaaac9f23870] Opening '/config/cache/transcodes/df765ae64375b4f5a38b4afde070ee4d271.mp4' for writing
[hls @ 0xaaaac9f23870] Opening '/config/cache/transcodes/df765ae64375b4f5a38b4afde070ee4d272.mp4' for writing
[hls @ 0xaaaac9f23870] Opening '/config/cache/transcodes/df765ae64375b4f5a38b4afde070ee4d273.mp4' for writing
frame=39511 fps=998 q=-1.0 size=N/A time=00:27:00.20 bitrate=N/A speed=40.9x elapsed=0:00:39.59    
[hls @ 0xaaaac9f23870] Opening '/config/cache/transcodes/df765ae64375b4f5a38b4afde070ee4d274.mp4' for writing
[hls @ 0xaaaac9f23870] Opening '/config/cache/transcodes/df765ae64375b4f5a38b4afde070ee4d275.mp4' for writing
[hls @ 0xaaaac9f23870] Opening '/config/cache/transcodes/df765ae64375b4f5a38b4afde070ee4d276.mp4' for writing
frame=39892 fps=995 q=-1.0 size=N/A time=00:27:16.37 bitrate=N/A speed=40.8x elapsed=0:00:40.09    
[hls @ 0xaaaac9f23870] Opening '/config/cache/transcodes/df765ae64375b4f5a38b4afde070ee4d277.mp4' for writing
[hls @ 0xaaaac9f23870] Opening '/config/cache/transcodes/df765ae64375b4f5a38b4afde070ee4d278.mp4' for writing
frame=40260 fps=992 q=-1.0 size=N/A time=00:27:31.58 bitrate=N/A speed=40.7x elapsed=0:00:40.59    
[hls @ 0xaaaac9f23870] Opening '/config/cache/transcodes/df765ae64375b4f5a38b4afde070ee4d279.mp4' for writing
[hls @ 0xaaaac9f23870] Opening '/config/cache/transcodes/df765ae64375b4f5a38b4afde070ee4d280.mp4' for writing
frame=40529 fps=986 q=-1.0 size=N/A time=00:27:42.92 bitrate=N/A speed=40.5x elapsed=0:00:41.09    
[hls @ 0xaaaac9f23870] Opening '/config/cache/transcodes/df765ae64375b4f5a38b4afde070ee4d281.mp4' for writing
[hls @ 0xaaaac9f23870] Opening '/config/cache/transcodes/df765ae64375b4f5a38b4afde070ee4d282.mp4' for writing
[hls @ 0xaaaac9f23870] Opening '/config/cache/transcodes/df765ae64375b4f5a38b4afde070ee4d283.mp4' for writing
frame=40902 fps=983 q=-1.0 size=N/A time=00:27:58.35 bitrate=N/A speed=40.3x elapsed=0:00:41.59    
[hls @ 0xaaaac9f23870] Opening '/config/cache/transcodes/df765ae64375b4f5a38b4afde070ee4d284.mp4' for writing
[hls @ 0xaaaac9f23870] Opening '/config/cache/transcodes/df765ae64375b4f5a38b4afde070ee4d285.mp4' for writing
frame=41281 fps=981 q=-1.0 size=N/A time=00:28:14.01 bitrate=N/A speed=40.2x elapsed=0:00:42.09    
[hls @ 0xaaaac9f23870] Opening '/config/cache/transcodes/df765ae64375b4f5a38b4afde070ee4d286.mp4' for writing
[hls @ 0xaaaac9f23870] Opening '/config/cache/transcodes/df765ae64375b4f5a38b4afde070ee4d287.mp4' for writing
[hls @ 0xaaaac9f23870] Opening '/config/cache/transcodes/df765ae64375b4f5a38b4afde070ee4d288.mp4' for writing
frame=41681 fps=978 q=-1.0 size=N/A time=00:28:30.96 bitrate=N/A speed=40.2x elapsed=0:00:42.60    
[hls @ 0xaaaac9f23870] Opening '/config/cache/transcodes/df765ae64375b4f5a38b4afde070ee4d289.mp4' for writing
[hls @ 0xaaaac9f23870] Opening '/config/cache/transcodes/df765ae64375b4f5a38b4afde070ee4d290.mp4' for writing
[hls @ 0xaaaac9f23870] Opening '/config/cache/transcodes/df765ae64375b4f5a38b4afde070ee4d291.mp4' for writing
frame=42140 fps=978 q=-1.0 size=N/A time=00:28:49.85 bitrate=N/A speed=40.1x elapsed=0:00:43.10    
[hls @ 0xaaaac9f23870] Opening '/config/cache/transcodes/df765ae64375b4f5a38b4afde070ee4d292.mp4' for writing
[hls @ 0xaaaac9f23870] Opening '/config/cache/transcodes/df765ae64375b4f5a38b4afde070ee4d293.mp4' for writing
[hls @ 0xaaaac9f23870] Opening '/config/cache/transcodes/df765ae64375b4f5a38b4afde070ee4d294.mp4' for writing
frame=42595 fps=977 q=-1.0 size=N/A time=00:29:08.77 bitrate=N/A speed=40.1x elapsed=0:00:43.60    
[hls @ 0xaaaac9f23870] Opening '/config/cache/transcodes/df765ae64375b4f5a38b4afde070ee4d295.mp4' for writing
[hls @ 0xaaaac9f23870] Opening '/config/cache/transcodes/df765ae64375b4f5a38b4afde070ee4d296.mp4' for writing
[hls @ 0xaaaac9f23870] Opening '/config/cache/transcodes/df765ae64375b4f5a38b4afde070ee4d297.mp4' for writing
frame=42962 fps=974 q=-1.0 size=N/A time=00:29:24.62 bitrate=N/A speed=  40x elapsed=0:00:44.10    
[hls @ 0xaaaac9f23870] Opening '/config/cache/transcodes/df765ae64375b4f5a38b4afde070ee4d298.mp4' for writing
[hls @ 0xaaaac9f23870] Opening '/config/cache/transcodes/df765ae64375b4f5a38b4afde070ee4d299.mp4' for writing
[hls @ 0xaaaac9f23870] Opening '/config/cache/transcodes/df765ae64375b4f5a38b4afde070ee4d300.mp4' for writing
frame=43357 fps=972 q=-1.0 size=N/A time=00:29:40.69 bitrate=N/A speed=39.9x elapsed=0:00:44.60    
[hls @ 0xaaaac9f23870] Opening '/config/cache/transcodes/df765ae64375b4f5a38b4afde070ee4d301.mp4' for writing
[hls @ 0xaaaac9f23870] Opening '/config/cache/transcodes/df765ae64375b4f5a38b4afde070ee4d302.mp4' for writing
[hls @ 0xaaaac9f23870] Opening '/config/cache/transcodes/df765ae64375b4f5a38b4afde070ee4d303.mp4' for writing
frame=43835 fps=972 q=-1.0 size=N/A time=00:30:00.51 bitrate=N/A speed=39.9x elapsed=0:00:45.10    
[hls @ 0xaaaac9f23870] Opening '/config/cache/transcodes/df765ae64375b4f5a38b4afde070ee4d304.mp4' for writing
[hls @ 0xaaaac9f23870] Opening '/config/cache/transcodes/df765ae64375b4f5a38b4afde070ee4d305.mp4' for writing
[hls @ 0xaaaac9f23870] Opening '/config/cache/transcodes/df765ae64375b4f5a38b4afde070ee4d306.mp4' for writing
frame=44237 fps=970 q=-1.0 size=N/A time=00:30:17.40 bitrate=N/A speed=39.8x elapsed=0:00:45.61    
[hls @ 0xaaaac9f23870] Opening '/config/cache/transcodes/df765ae64375b4f5a38b4afde070ee4d307.mp4' for writing
[hls @ 0xaaaac9f23870] Opening '/config/cache/transcodes/df765ae64375b4f5a38b4afde070ee4d308.mp4' for writing
[hls @ 0xaaaac9f23870] Opening '/config/cache/transcodes/df765ae64375b4f5a38b4afde070ee4d309.mp4' for writing
frame=44713 fps=970 q=-1.0 size=N/A time=00:30:37.24 bitrate=N/A speed=39.8x elapsed=0:00:46.11    
[hls @ 0xaaaac9f23870] Opening '/config/cache/transcodes/df765ae64375b4f5a38b4afde070ee4d310.mp4' for writing
[hls @ 0xaaaac9f23870] Opening '/config/cache/transcodes/df765ae64375b4f5a38b4afde070ee4d311.mp4' for writing
[hls @ 0xaaaac9f23870] Opening '/config/cache/transcodes/df765ae64375b4f5a38b4afde070ee4d312.mp4' for writing
frame=45097 fps=967 q=-1.0 size=N/A time=00:30:53.24 bitrate=N/A speed=39.8x elapsed=0:00:46.61    
[hls @ 0xaaaac9f23870] Opening '/config/cache/transcodes/df765ae64375b4f5a38b4afde070ee4d313.mp4' for writing
[hls @ 0xaaaac9f23870] Opening '/config/cache/transcodes/df765ae64375b4f5a38b4afde070ee4d314.mp4' for writing
frame=45379 fps=963 q=-1.0 size=N/A time=00:31:05.02 bitrate=N/A speed=39.6x elapsed=0:00:47.11    
[hls @ 0xaaaac9f23870] Opening '/config/cache/transcodes/df765ae64375b4f5a38b4afde070ee4d315.mp4' for writing
[hls @ 0xaaaac9f23870] Opening '/config/cache/transcodes/df765ae64375b4f5a38b4afde070ee4d316.mp4' for writing
frame=45652 fps=959 q=-1.0 size=N/A time=00:31:16.56 bitrate=N/A speed=39.4x elapsed=0:00:47.61    
[hls @ 0xaaaac9f23870] Opening '/config/cache/transcodes/df765ae64375b4f5a38b4afde070ee4d317.mp4' for writing
frame=45925 fps=954 q=-1.0 size=N/A time=00:31:27.63 bitrate=N/A speed=39.2x elapsed=0:00:48.12    
[hls @ 0xaaaac9f23870] Opening '/config/cache/transcodes/df765ae64375b4f5a38b4afde070ee4d318.mp4' for writing
[hls @ 0xaaaac9f23870] Opening '/config/cache/transcodes/df765ae64375b4f5a38b4afde070ee4d319.mp4' for writing
[hls @ 0xaaaac9f23870] Opening '/config/cache/transcodes/df765ae64375b4f5a38b4afde070ee4d320.mp4' for writing
frame=46248 fps=951 q=-1.0 size=N/A time=00:31:41.14 bitrate=N/A speed=39.1x elapsed=0:00:48.62    
[hls @ 0xaaaac9f23870] Opening '/config/cache/transcodes/df765ae64375b4f5a38b4afde070ee4d321.mp4' for writing
[hls @ 0xaaaac9f23870] Opening '/config/cache/transcodes/df765ae64375b4f5a38b4afde070ee4d322.mp4' for writing
frame=46550 fps=948 q=-1.0 size=N/A time=00:31:53.77 bitrate=N/A speed=  39x elapsed=0:00:49.12    
[hls @ 0xaaaac9f23870] Opening '/config/cache/transcodes/df765ae64375b4f5a38b4afde070ee4d323.mp4' for writing
[hls @ 0xaaaac9f23870] Opening '/config/cache/transcodes/df765ae64375b4f5a38b4afde070ee4d324.mp4' for writing
[hls @ 0xaaaac9f23870] Opening '/config/cache/transcodes/df765ae64375b4f5a38b4afde070ee4d325.mp4' for writing
frame=47030 fps=948 q=-1.0 size=N/A time=00:32:13.69 bitrate=N/A speed=  39x elapsed=0:00:49.62    
[hls @ 0xaaaac9f23870] Opening '/config/cache/transcodes/df765ae64375b4f5a38b4afde070ee4d326.mp4' for writing
[hls @ 0xaaaac9f23870] Opening '/config/cache/transcodes/df765ae64375b4f5a38b4afde070ee4d327.mp4' for writing
frame=47333 fps=944 q=-1.0 size=N/A time=00:32:26.60 bitrate=N/A speed=38.8x elapsed=0:00:50.12    
[hls @ 0xaaaac9f23870] Opening '/config/cache/transcodes/df765ae64375b4f5a38b4afde070ee4d328.mp4' for writing
[hls @ 0xaaaac9f23870] Opening '/config/cache/transcodes/df765ae64375b4f5a38b4afde070ee4d329.mp4' for writing
[hls @ 0xaaaac9f23870] Opening '/config/cache/transcodes/df765ae64375b4f5a38b4afde070ee4d330.mp4' for writing
frame=47732 fps=943 q=-1.0 size=N/A time=00:32:43.09 bitrate=N/A speed=38.8x elapsed=0:00:50.62    
[hls @ 0xaaaac9f23870] Opening '/config/cache/transcodes/df765ae64375b4f5a38b4afde070ee4d331.mp4' for writing
[hls @ 0xaaaac9f23870] Opening '/config/cache/transcodes/df765ae64375b4f5a38b4afde070ee4d332.mp4' for writing
frame=48012 fps=939 q=-1.0 size=N/A time=00:32:54.69 bitrate=N/A speed=38.6x elapsed=0:00:51.12    
[hls @ 0xaaaac9f23870] Opening '/config/cache/transcodes/df765ae64375b4f5a38b4afde070ee4d333.mp4' for writing
[hls @ 0xaaaac9f23870] Opening '/config/cache/transcodes/df765ae64375b4f5a38b4afde070ee4d334.mp4' for writing
[hls @ 0xaaaac9f23870] Opening '/config/cache/transcodes/df765ae64375b4f5a38b4afde070ee4d335.mp4' for writing
frame=48379 fps=937 q=-1.0 size=N/A time=00:33:10.01 bitrate=N/A speed=38.5x elapsed=0:00:51.62    
[hls @ 0xaaaac9f23870] Opening '/config/cache/transcodes/df765ae64375b4f5a38b4afde070ee4d336.mp4' for writing
[hls @ 0xaaaac9f23870] Opening '/config/cache/transcodes/df765ae64375b4f5a38b4afde070ee4d337.mp4' for writing
frame=48773 fps=936 q=-1.0 size=N/A time=00:33:26.54 bitrate=N/A speed=38.5x elapsed=0:00:52.12    
[hls @ 0xaaaac9f23870] Opening '/config/cache/transcodes/df765ae64375b4f5a38b4afde070ee4d338.mp4' for writing
[hls @ 0xaaaac9f23870] Opening '/config/cache/transcodes/df765ae64375b4f5a38b4afde070ee4d339.mp4' for writing
frame=48966 fps=930 q=-1.0 size=N/A time=00:33:34.81 bitrate=N/A speed=38.3x elapsed=0:00:52.63    
[hls @ 0xaaaac9f23870] Opening '/config/cache/transcodes/df765ae64375b4f5a38b4afde070ee4d340.mp4' for writing
[hls @ 0xaaaac9f23870] Opening '/config/cache/transcodes/df765ae64375b4f5a38b4afde070ee4d341.mp4' for writing
frame=49216 fps=926 q=-1.0 size=N/A time=00:33:45.13 bitrate=N/A speed=38.1x elapsed=0:00:53.13    
[hls @ 0xaaaac9f23870] Opening '/config/cache/transcodes/df765ae64375b4f5a38b4afde070ee4d342.mp4' for writing
[hls @ 0xaaaac9f23870] Opening '/config/cache/transcodes/df765ae64375b4f5a38b4afde070ee4d343.mp4' for writing
frame=49516 fps=923 q=-1.0 size=N/A time=00:33:57.67 bitrate=N/A speed=  38x elapsed=0:00:53.63    
[hls @ 0xaaaac9f23870] Opening '/config/cache/transcodes/df765ae64375b4f5a38b4afde070ee4d344.mp4' for writing
[hls @ 0xaaaac9f23870] Opening '/config/cache/transcodes/df765ae64375b4f5a38b4afde070ee4d345.mp4' for writing
[hls @ 0xaaaac9f23870] Opening '/config/cache/transcodes/df765ae64375b4f5a38b4afde070ee4d346.mp4' for writing
frame=49925 fps=922 q=-1.0 size=N/A time=00:34:14.63 bitrate=N/A speed=  38x elapsed=0:00:54.13    
[hls @ 0xaaaac9f23870] Opening '/config/cache/transcodes/df765ae64375b4f5a38b4afde070ee4d347.mp4' for writing
[hls @ 0xaaaac9f23870] Opening '/config/cache/transcodes/df765ae64375b4f5a38b4afde070ee4d348.mp4' for writing
frame=50357 fps=922 q=-1.0 size=N/A time=00:34:32.61 bitrate=N/A speed=37.9x elapsed=0:00:54.63    
[hls @ 0xaaaac9f23870] Opening '/config/cache/transcodes/df765ae64375b4f5a38b4afde070ee4d349.mp4' for writing
[hls @ 0xaaaac9f23870] Opening '/config/cache/transcodes/df765ae64375b4f5a38b4afde070ee4d350.mp4' for writing
[hls @ 0xaaaac9f23870] Opening '/config/cache/transcodes/df765ae64375b4f5a38b4afde070ee4d351.mp4' for writing
[hls @ 0xaaaac9f23870] Opening '/config/cache/transcodes/df765ae64375b4f5a38b4afde070ee4d352.mp4' for writing
frame=50881 fps=923 q=-1.0 size=N/A time=00:34:54.54 bitrate=N/A speed=  38x elapsed=0:00:55.14    
[hls @ 0xaaaac9f23870] Opening '/config/cache/transcodes/df765ae64375b4f5a38b4afde070ee4d353.mp4' for writing
[hls @ 0xaaaac9f23870] Opening '/config/cache/transcodes/df765ae64375b4f5a38b4afde070ee4d354.mp4' for writing
[hls @ 0xaaaac9f23870] Opening '/config/cache/transcodes/df765ae64375b4f5a38b4afde070ee4d355.mp4' for writing
frame=51329 fps=923 q=-1.0 size=N/A time=00:35:13.19 bitrate=N/A speed=  38x elapsed=0:00:55.64    
[hls @ 0xaaaac9f23870] Opening '/config/cache/transcodes/df765ae64375b4f5a38b4afde070ee4d356.mp4' for writing
[hls @ 0xaaaac9f23870] Opening '/config/cache/transcodes/df765ae64375b4f5a38b4afde070ee4d357.mp4' for writing
[hls @ 0xaaaac9f23870] Opening '/config/cache/transcodes/df765ae64375b4f5a38b4afde070ee4d358.mp4' for writing
frame=51720 fps=921 q=-1.0 size=N/A time=00:35:29.38 bitrate=N/A speed=37.9x elapsed=0:00:56.14    
[hls @ 0xaaaac9f23870] Opening '/config/cache/transcodes/df765ae64375b4f5a38b4afde070ee4d359.mp4' for writing
[hls @ 0xaaaac9f23870] Opening '/config/cache/transcodes/df765ae64375b4f5a38b4afde070ee4d360.mp4' for writing
[hls @ 0xaaaac9f23870] Opening '/config/cache/transcodes/df765ae64375b4f5a38b4afde070ee4d361.mp4' for writing
frame=52208 fps=922 q=-1.0 size=N/A time=00:35:49.82 bitrate=N/A speed=  38x elapsed=0:00:56.64    
[hls @ 0xaaaac9f23870] Opening '/config/cache/transcodes/df765ae64375b4f5a38b4afde070ee4d362.mp4' for writing
[hls @ 0xaaaac9f23870] Opening '/config/cache/transcodes/df765ae64375b4f5a38b4afde070ee4d363.mp4' for writing
[hls @ 0xaaaac9f23870] Opening '/config/cache/transcodes/df765ae64375b4f5a38b4afde070ee4d364.mp4' for writing
[hls @ 0xaaaac9f23870] Opening '/config/cache/transcodes/df765ae64375b4f5a38b4afde070ee4d365.mp4' for writing
frame=52663 fps=922 q=-1.0 size=N/A time=00:36:08.89 bitrate=N/A speed=  38x elapsed=0:00:57.14    
[hls @ 0xaaaac9f23870] Opening '/config/cache/transcodes/df765ae64375b4f5a38b4afde070ee4d366.mp4' for writing
[hls @ 0xaaaac9f23870] Opening '/config/cache/transcodes/df765ae64375b4f5a38b4afde070ee4d367.mp4' for writing
frame=53022 fps=920 q=-1.0 size=N/A time=00:36:23.76 bitrate=N/A speed=37.9x elapsed=0:00:57.64    
[hls @ 0xaaaac9f23870] Opening '/config/cache/transcodes/df765ae64375b4f5a38b4afde070ee4d368.mp4' for writing
[hls @ 0xaaaac9f23870] Opening '/config/cache/transcodes/df765ae64375b4f5a38b4afde070ee4d369.mp4' for writing
[hls @ 0xaaaac9f23870] Opening '/config/cache/transcodes/df765ae64375b4f5a38b4afde070ee4d370.mp4' for writing
frame=53491 fps=920 q=-1.0 size=N/A time=00:36:43.30 bitrate=N/A speed=37.9x elapsed=0:00:58.14    
[hls @ 0xaaaac9f23870] Opening '/config/cache/transcodes/df765ae64375b4f5a38b4afde070ee4d371.mp4' for writing
[hls @ 0xaaaac9f23870] Opening '/config/cache/transcodes/df765ae64375b4f5a38b4afde070ee4d372.mp4' for writing
[hls @ 0xaaaac9f23870] Opening '/config/cache/transcodes/df765ae64375b4f5a38b4afde070ee4d373.mp4' for writing
frame=53905 fps=919 q=-1.0 size=N/A time=00:37:00.43 bitrate=N/A speed=37.9x elapsed=0:00:58.64    
[hls @ 0xaaaac9f23870] Opening '/config/cache/transcodes/df765ae64375b4f5a38b4afde070ee4d374.mp4' for writing
[hls @ 0xaaaac9f23870] Opening '/config/cache/transcodes/df765ae64375b4f5a38b4afde070ee4d375.mp4' for writing
frame=54173 fps=916 q=-1.0 size=N/A time=00:37:11.63 bitrate=N/A speed=37.7x elapsed=0:00:59.14    
[hls @ 0xaaaac9f23870] Opening '/config/cache/transcodes/df765ae64375b4f5a38b4afde070ee4d376.mp4' for writing
[hls @ 0xaaaac9f23870] Opening '/config/cache/transcodes/df765ae64375b4f5a38b4afde070ee4d377.mp4' for writing
frame=54451 fps=913 q=-1.0 size=N/A time=00:37:23.41 bitrate=N/A speed=37.6x elapsed=0:00:59.64    
[hls @ 0xaaaac9f23870] Opening '/config/cache/transcodes/df765ae64375b4f5a38b4afde070ee4d378.mp4' for writing
[hls @ 0xaaaac9f23870] Opening '/config/cache/transcodes/df765ae64375b4f5a38b4afde070ee4d379.mp4' for writing
frame=54721 fps=910 q=-1.0 size=N/A time=00:37:34.50 bitrate=N/A speed=37.5x elapsed=0:01:00.15    
[hls @ 0xaaaac9f23870] Opening '/config/cache/transcodes/df765ae64375b4f5a38b4afde070ee4d380.mp4' for writing
[hls @ 0xaaaac9f23870] Opening '/config/cache/transcodes/df765ae64375b4f5a38b4afde070ee4d381.mp4' for writing
frame=55093 fps=908 q=-1.0 size=N/A time=00:37:50.03 bitrate=N/A speed=37.4x elapsed=0:01:00.65    
[hls @ 0xaaaac9f23870] Opening '/config/cache/transcodes/df765ae64375b4f5a38b4afde070ee4d382.mp4' for writing
[hls @ 0xaaaac9f23870] Opening '/config/cache/transcodes/df765ae64375b4f5a38b4afde070ee4d383.mp4' for writing
frame=55383 fps=906 q=-1.0 size=N/A time=00:38:02.36 bitrate=N/A speed=37.3x elapsed=0:01:01.15    
[hls @ 0xaaaac9f23870] Opening '/config/cache/transcodes/df765ae64375b4f5a38b4afde070ee4d384.mp4' for writing
[hls @ 0xaaaac9f23870] Opening '/config/cache/transcodes/df765ae64375b4f5a38b4afde070ee4d385.mp4' for writing
frame=55612 fps=902 q=-1.0 size=N/A time=00:38:11.88 bitrate=N/A speed=37.2x elapsed=0:01:01.66    
[hls @ 0xaaaac9f23870] Opening '/config/cache/transcodes/df765ae64375b4f5a38b4afde070ee4d386.mp4' for writing
[hls @ 0xaaaac9f23870] Opening '/config/cache/transcodes/df765ae64375b4f5a38b4afde070ee4d387.mp4' for writing
frame=55862 fps=899 q=-1.0 size=N/A time=00:38:22.29 bitrate=N/A speed=  37x elapsed=0:01:02.16    
[hls @ 0xaaaac9f23870] Opening '/config/cache/transcodes/df765ae64375b4f5a38b4afde070ee4d388.mp4' for writing
[hls @ 0xaaaac9f23870] Opening '/config/cache/transcodes/df765ae64375b4f5a38b4afde070ee4d389.mp4' for writing
frame=56118 fps=895 q=-1.0 size=N/A time=00:38:33.11 bitrate=N/A speed=36.9x elapsed=0:01:02.66    
[hls @ 0xaaaac9f23870] Opening '/config/cache/transcodes/df765ae64375b4f5a38b4afde070ee4d390.mp4' for writing
[hls @ 0xaaaac9f23870] Opening '/config/cache/transcodes/df765ae64375b4f5a38b4afde070ee4d391.mp4' for writing
frame=56404 fps=893 q=-1.0 size=N/A time=00:38:44.94 bitrate=N/A speed=36.8x elapsed=0:01:03.16    
frame=56446 fps=887 q=-1.0 size=N/A time=00:38:46.79 bitrate=N/A speed=36.5x elapsed=0:01:03.66    
[hls @ 0xaaaac9f23870] Opening '/config/cache/transcodes/df765ae64375b4f5a38b4afde070ee4d392.mp4' for writing
frame=56612 fps=882 q=-1.0 size=N/A time=00:38:53.37 bitrate=N/A speed=36.4x elapsed=0:01:04.16    
[hls @ 0xaaaac9f23870] Opening '/config/cache/transcodes/df765ae64375b4f5a38b4afde070ee4d393.mp4' for writing
[hls @ 0xaaaac9f23870] Opening '/config/cache/transcodes/df765ae64375b4f5a38b4afde070ee4d394.mp4' for writing
frame=56929 fps=880 q=-1.0 size=N/A time=00:39:06.83 bitrate=N/A speed=36.3x elapsed=0:01:04.66    
[hls @ 0xaaaac9f23870] Opening '/config/cache/transcodes/df765ae64375b4f5a38b4afde070ee4d395.mp4' for writing
[hls @ 0xaaaac9f23870] Opening '/config/cache/transcodes/df765ae64375b4f5a38b4afde070ee4d396.mp4' for writing
[hls @ 0xaaaac9f23870] Opening '/config/cache/transcodes/df765ae64375b4f5a38b4afde070ee4d397.mp4' for writing
frame=57300 fps=879 q=-1.0 size=N/A time=00:39:22.17 bitrate=N/A speed=36.2x elapsed=0:01:05.17    
[hls @ 0xaaaac9f23870] Opening '/config/cache/transcodes/df765ae64375b4f5a38b4afde070ee4d398.mp4' for writing
[hls @ 0xaaaac9f23870] Opening '/config/cache/transcodes/df765ae64375b4f5a38b4afde070ee4d399.mp4' for writing
frame=57629 fps=877 q=-1.0 size=N/A time=00:39:36.02 bitrate=N/A speed=36.2x elapsed=0:01:05.67    
[hls @ 0xaaaac9f23870] Opening '/config/cache/transcodes/df765ae64375b4f5a38b4afde070ee4d400.mp4' for writing
[hls @ 0xaaaac9f23870] Opening '/config/cache/transcodes/df765ae64375b4f5a38b4afde070ee4d401.mp4' for writing
frame=57971 fps=876 q=-1.0 size=N/A time=00:39:50.08 bitrate=N/A speed=36.1x elapsed=0:01:06.17    
[hls @ 0xaaaac9f23870] Opening '/config/cache/transcodes/df765ae64375b4f5a38b4afde070ee4d402.mp4' for writing
[hls @ 0xaaaac9f23870] Opening '/config/cache/transcodes/df765ae64375b4f5a38b4afde070ee4d403.mp4' for writing
[hls @ 0xaaaac9f23870] Opening '/config/cache/transcodes/df765ae64375b4f5a38b4afde070ee4d404.mp4' for writing
frame=58308 fps=874 q=-1.0 size=N/A time=00:40:04.39 bitrate=N/A speed=36.1x elapsed=0:01:06.67    
[hls @ 0xaaaac9f23870] Opening '/config/cache/transcodes/df765ae64375b4f5a38b4afde070ee4d405.mp4' for writing
[hls @ 0xaaaac9f23870] Opening '/config/cache/transcodes/df765ae64375b4f5a38b4afde070ee4d406.mp4' for writing
frame=58668 fps=873 q=-1.0 size=N/A time=00:40:19.32 bitrate=N/A speed=  36x elapsed=0:01:07.18    
[hls @ 0xaaaac9f23870] Opening '/config/cache/transcodes/df765ae64375b4f5a38b4afde070ee4d407.mp4' for writing
[hls @ 0xaaaac9f23870] Opening '/config/cache/transcodes/df765ae64375b4f5a38b4afde070ee4d408.mp4' for writing
[hls @ 0xaaaac9f23870] Opening '/config/cache/transcodes/df765ae64375b4f5a38b4afde070ee4d409.mp4' for writing
frame=59113 fps=873 q=-1.0 size=N/A time=00:40:37.80 bitrate=N/A speed=  36x elapsed=0:01:07.68    
[hls @ 0xaaaac9f23870] Opening '/config/cache/transcodes/df765ae64375b4f5a38b4afde070ee4d410.mp4' for writing
[hls @ 0xaaaac9f23870] Opening '/config/cache/transcodes/df765ae64375b4f5a38b4afde070ee4d411.mp4' for writing
[hls @ 0xaaaac9f23870] Opening '/config/cache/transcodes/df765ae64375b4f5a38b4afde070ee4d412.mp4' for writing
frame=59521 fps=873 q=-1.0 size=N/A time=00:40:54.89 bitrate=N/A speed=  36x elapsed=0:01:08.18    
[hls @ 0xaaaac9f23870] Opening '/config/cache/transcodes/df765ae64375b4f5a38b4afde070ee4d413.mp4' for writing
[hls @ 0xaaaac9f23870] Opening '/config/cache/transcodes/df765ae64375b4f5a38b4afde070ee4d414.mp4' for writing
[hls @ 0xaaaac9f23870] Opening '/config/cache/transcodes/df765ae64375b4f5a38b4afde070ee4d415.mp4' for writing
frame=59953 fps=873 q=-1.0 size=N/A time=00:41:12.72 bitrate=N/A speed=  36x elapsed=0:01:08.68    
[hls @ 0xaaaac9f23870] Opening '/config/cache/transcodes/df765ae64375b4f5a38b4afde070ee4d416.mp4' for writing
[hls @ 0xaaaac9f23870] Opening '/config/cache/transcodes/df765ae64375b4f5a38b4afde070ee4d417.mp4' for writing
[hls @ 0xaaaac9f23870] Opening '/config/cache/transcodes/df765ae64375b4f5a38b4afde070ee4d418.mp4' for writing
frame=60362 fps=872 q=-1.0 size=N/A time=00:41:29.94 bitrate=N/A speed=  36x elapsed=0:01:09.18    
[hls @ 0xaaaac9f23870] Opening '/config/cache/transcodes/df765ae64375b4f5a38b4afde070ee4d419.mp4' for writing
[hls @ 0xaaaac9f23870] Opening '/config/cache/transcodes/df765ae64375b4f5a38b4afde070ee4d420.mp4' for writing
frame=60625 fps=870 q=-1.0 size=N/A time=00:41:40.82 bitrate=N/A speed=35.9x elapsed=0:01:09.68    
[hls @ 0xaaaac9f23870] Opening '/config/cache/transcodes/df765ae64375b4f5a38b4afde070ee4d421.mp4' for writing
[hls @ 0xaaaac9f23870] Opening '/config/cache/transcodes/df765ae64375b4f5a38b4afde070ee4d422.mp4' for writing
frame=60970 fps=869 q=-1.0 size=N/A time=00:41:55.34 bitrate=N/A speed=35.8x elapsed=0:01:10.18    
[hls @ 0xaaaac9f23870] Opening '/config/cache/transcodes/df765ae64375b4f5a38b4afde070ee4d423.mp4' for writing
[hls @ 0xaaaac9f23870] Opening '/config/cache/transcodes/df765ae64375b4f5a38b4afde070ee4d424.mp4' for writing
frame=61157 fps=865 q=-1.0 size=N/A time=00:42:03.15 bitrate=N/A speed=35.7x elapsed=0:01:10.68    
[hls @ 0xaaaac9f23870] Opening '/config/cache/transcodes/df765ae64375b4f5a38b4afde070ee4d425.mp4' for writing
frame=61422 fps=863 q=-1.0 size=N/A time=00:42:14.01 bitrate=N/A speed=35.6x elapsed=0:01:11.19    
[hls @ 0xaaaac9f23870] Opening '/config/cache/transcodes/df765ae64375b4f5a38b4afde070ee4d426.mp4' for writing
[hls @ 0xaaaac9f23870] Opening '/config/cache/transcodes/df765ae64375b4f5a38b4afde070ee4d427.mp4' for writing
frame=61585 fps=859 q=-1.0 size=N/A time=00:42:21.13 bitrate=N/A speed=35.4x elapsed=0:01:11.69    
[hls @ 0xaaaac9f23870] Opening '/config/cache/transcodes/df765ae64375b4f5a38b4afde070ee4d428.mp4' for writing
frame=61860 fps=857 q=-1.0 size=N/A time=00:42:32.42 bitrate=N/A speed=35.4x elapsed=0:01:12.19    
[hls @ 0xaaaac9f23870] Opening '/config/cache/transcodes/df765ae64375b4f5a38b4afde070ee4d429.mp4' for writing
[hls @ 0xaaaac9f23870] Opening '/config/cache/transcodes/df765ae64375b4f5a38b4afde070ee4d430.mp4' for writing
[hls @ 0xaaaac9f23870] Opening '/config/cache/transcodes/df765ae64375b4f5a38b4afde070ee4d431.mp4' for writing
frame=62165 fps=855 q=-1.0 size=N/A time=00:42:45.22 bitrate=N/A speed=35.3x elapsed=0:01:12.69    
[hls @ 0xaaaac9f23870] Opening '/config/cache/transcodes/df765ae64375b4f5a38b4afde070ee4d432.mp4' for writing
frame=62405 fps=852 q=-1.0 size=N/A time=00:42:55.25 bitrate=N/A speed=35.2x elapsed=0:01:13.21    
[hls @ 0xaaaac9f23870] Opening '/config/cache/transcodes/df765ae64375b4f5a38b4afde070ee4d433.mp4' for writing
[hls @ 0xaaaac9f23870] Opening '/config/cache/transcodes/df765ae64375b4f5a38b4afde070ee4d434.mp4' for writing
frame=62608 fps=849 q=-1.0 size=N/A time=00:43:03.61 bitrate=N/A speed=  35x elapsed=0:01:13.71    
[hls @ 0xaaaac9f23870] Opening '/config/cache/transcodes/df765ae64375b4f5a38b4afde070ee4d435.mp4' for writing
frame=62862 fps=847 q=-1.0 size=N/A time=00:43:14.26 bitrate=N/A speed=  35x elapsed=0:01:14.21    
[hls @ 0xaaaac9f23870] Opening '/config/cache/transcodes/df765ae64375b4f5a38b4afde070ee4d436.mp4' for writing
[hls @ 0xaaaac9f23870] Opening '/config/cache/transcodes/df765ae64375b4f5a38b4afde070ee4d437.mp4' for writing
[hls @ 0xaaaac9f23870] Opening '/config/cache/transcodes/df765ae64375b4f5a38b4afde070ee4d438.mp4' for writing
frame=63180 fps=846 q=-1.0 size=N/A time=00:43:27.50 bitrate=N/A speed=34.9x elapsed=0:01:14.72    
[hls @ 0xaaaac9f23870] Opening '/config/cache/transcodes/df765ae64375b4f5a38b4afde070ee4d439.mp4' for writing
frame=63432 fps=843 q=-1.0 size=N/A time=00:43:38.16 bitrate=N/A speed=34.8x elapsed=0:01:15.22    
[hls @ 0xaaaac9f23870] Opening '/config/cache/transcodes/df765ae64375b4f5a38b4afde070ee4d440.mp4' for writing
[hls @ 0xaaaac9f23870] Opening '/config/cache/transcodes/df765ae64375b4f5a38b4afde070ee4d441.mp4' for writing
frame=63662 fps=841 q=-1.0 size=N/A time=00:43:47.76 bitrate=N/A speed=34.7x elapsed=0:01:15.72    
[hls @ 0xaaaac9f23870] Opening '/config/cache/transcodes/df765ae64375b4f5a38b4afde070ee4d442.mp4' for writing
frame=63837 fps=838 q=-1.0 size=N/A time=00:43:54.70 bitrate=N/A speed=34.6x elapsed=0:01:16.22    
[hls @ 0xaaaac9f23870] Opening '/config/cache/transcodes/df765ae64375b4f5a38b4afde070ee4d443.mp4' for writing
[hls @ 0xaaaac9f23870] Opening '/config/cache/transcodes/df765ae64375b4f5a38b4afde070ee4d444.mp4' for writing
frame=64103 fps=836 q=-1.0 size=N/A time=00:44:06.15 bitrate=N/A speed=34.5x elapsed=0:01:16.72    
[hls @ 0xaaaac9f23870] Opening '/config/cache/transcodes/df765ae64375b4f5a38b4afde070ee4d445.mp4' for writing
frame=64257 fps=832 q=-1.0 size=N/A time=00:44:12.57 bitrate=N/A speed=34.3x elapsed=0:01:17.22    
[hls @ 0xaaaac9f23870] Opening '/config/cache/transcodes/df765ae64375b4f5a38b4afde070ee4d446.mp4' for writing
[hls @ 0xaaaac9f23870] Opening '/config/cache/transcodes/df765ae64375b4f5a38b4afde070ee4d447.mp4' for writing
frame=64557 fps=831 q=-1.0 size=N/A time=00:44:25.08 bitrate=N/A speed=34.3x elapsed=0:01:17.72    
[hls @ 0xaaaac9f23870] Opening '/config/cache/transcodes/df765ae64375b4f5a38b4afde070ee4d448.mp4' for writing
frame=64727 fps=827 q=-1.0 size=N/A time=00:44:31.91 bitrate=N/A speed=34.2x elapsed=0:01:18.22    
[hls @ 0xaaaac9f23870] Opening '/config/cache/transcodes/df765ae64375b4f5a38b4afde070ee4d449.mp4' for writing
[hls @ 0xaaaac9f23870] Opening '/config/cache/transcodes/df765ae64375b4f5a38b4afde070ee4d450.mp4' for writing
frame=64901 fps=824 q=-1.0 size=N/A time=00:44:39.36 bitrate=N/A speed=  34x elapsed=0:01:18.72    
[hls @ 0xaaaac9f23870] Opening '/config/cache/transcodes/df765ae64375b4f5a38b4afde070ee4d451.mp4' for writing
frame=65148 fps=822 q=-1.0 size=N/A time=00:44:49.55 bitrate=N/A speed=33.9x elapsed=0:01:19.22    
[hls @ 0xaaaac9f23870] Opening '/config/cache/transcodes/df765ae64375b4f5a38b4afde070ee4d452.mp4' for writing
[hls @ 0xaaaac9f23870] Opening '/config/cache/transcodes/df765ae64375b4f5a38b4afde070ee4d453.mp4' for writing
frame=65333 fps=819 q=-1.0 size=N/A time=00:44:57.45 bitrate=N/A speed=33.8x elapsed=0:01:19.72    
[hls @ 0xaaaac9f23870] Opening '/config/cache/transcodes/df765ae64375b4f5a38b4afde070ee4d454.mp4' for writing
frame=65561 fps=817 q=-1.0 size=N/A time=00:45:06.90 bitrate=N/A speed=33.7x elapsed=0:01:20.22    
[hls @ 0xaaaac9f23870] Opening '/config/cache/transcodes/df765ae64375b4f5a38b4afde070ee4d455.mp4' for writing
[hls @ 0xaaaac9f23870] Opening '/config/cache/transcodes/df765ae64375b4f5a38b4afde070ee4d456.mp4' for writing
frame=65765 fps=815 q=-1.0 size=N/A time=00:45:15.43 bitrate=N/A speed=33.6x elapsed=0:01:20.72    
[hls @ 0xaaaac9f23870] Opening '/config/cache/transcodes/df765ae64375b4f5a38b4afde070ee4d457.mp4' for writing
frame=65967 fps=812 q=-1.0 size=N/A time=00:45:23.89 bitrate=N/A speed=33.5x elapsed=0:01:21.22    
[hls @ 0xaaaac9f23870] Opening '/config/cache/transcodes/df765ae64375b4f5a38b4afde070ee4d458.mp4' for writing
frame=66054 fps=808 q=-1.0 size=N/A time=00:45:27.48 bitrate=N/A speed=33.4x elapsed=0:01:21.72    
[hls @ 0xaaaac9f23870] Opening '/config/cache/transcodes/df765ae64375b4f5a38b4afde070ee4d459.mp4' for writing
frame=66193 fps=805 q=-1.0 size=N/A time=00:45:33.37 bitrate=N/A speed=33.2x elapsed=0:01:22.23    
[hls @ 0xaaaac9f23870] Opening '/config/cache/transcodes/df765ae64375b4f5a38b4afde070ee4d460.mp4' for writing
frame=66341 fps=802 q=-1.0 size=N/A time=00:45:39.41 bitrate=N/A speed=33.1x elapsed=0:01:22.73    
[hls @ 0xaaaac9f23870] Opening '/config/cache/transcodes/df765ae64375b4f5a38b4afde070ee4d461.mp4' for writing
frame=66487 fps=799 q=-1.0 size=N/A time=00:45:45.49 bitrate=N/A speed=  33x elapsed=0:01:23.24    
frame=66487 fps=794 q=-1.0 size=N/A time=00:45:45.49 bitrate=N/A speed=32.8x elapsed=0:01:23.74    
frame=66596 fps=791 q=-1.0 size=N/A time=00:45:49.82 bitrate=N/A speed=32.6x elapsed=0:01:24.24    
[hls @ 0xaaaac9f23870] Opening '/config/cache/transcodes/df765ae64375b4f5a38b4afde070ee4d462.mp4' for writing
frame=66724 fps=787 q=-1.0 size=N/A time=00:45:55.47 bitrate=N/A speed=32.5x elapsed=0:01:24.74    
[hls @ 0xaaaac9f23870] Opening '/config/cache/transcodes/df765ae64375b4f5a38b4afde070ee4d463.mp4' for writing
frame=66828 fps=784 q=-1.0 size=N/A time=00:45:59.57 bitrate=N/A speed=32.4x elapsed=0:01:25.24    
[hls @ 0xaaaac9f23870] Opening '/config/cache/transcodes/df765ae64375b4f5a38b4afde070ee4d464.mp4' for writing
frame=66917 fps=780 q=-1.0 size=N/A time=00:46:03.49 bitrate=N/A speed=32.2x elapsed=0:01:25.74    
[hls @ 0xaaaac9f23870] Opening '/config/cache/transcodes/df765ae64375b4f5a38b4afde070ee4d465.mp4' for writing
frame=67057 fps=778 q=-1.0 size=N/A time=00:46:09.42 bitrate=N/A speed=32.1x elapsed=0:01:26.24    
frame=67186 fps=775 q=-1.0 size=N/A time=00:46:14.74 bitrate=N/A speed=  32x elapsed=0:01:26.74    
[hls @ 0xaaaac9f23870] Opening '/config/cache/transcodes/df765ae64375b4f5a38b4afde070ee4d466.mp4' for writing
[hls @ 0xaaaac9f23870] Opening '/config/cache/transcodes/df765ae64375b4f5a38b4afde070ee4d467.mp4' for writing
frame=67349 fps=772 q=-1.0 size=N/A time=00:46:21.50 bitrate=N/A speed=31.9x elapsed=0:01:27.24    
frame=67481 fps=769 q=-1.0 size=N/A time=00:46:26.88 bitrate=N/A speed=31.8x elapsed=0:01:27.74    
[hls @ 0xaaaac9f23870] Opening '/config/cache/transcodes/df765ae64375b4f5a38b4afde070ee4d468.mp4' for writing
[hls @ 0xaaaac9f23870] Opening '/config/cache/transcodes/df765ae64375b4f5a38b4afde070ee4d469.mp4' for writing
frame=67636 fps=766 q=-1.0 size=N/A time=00:46:33.50 bitrate=N/A speed=31.7x elapsed=0:01:28.24    
frame=67728 fps=763 q=-1.0 size=N/A time=00:46:37.34 bitrate=N/A speed=31.5x elapsed=0:01:28.74    
[hls @ 0xaaaac9f23870] Opening '/config/cache/transcodes/df765ae64375b4f5a38b4afde070ee4d470.mp4' for writing
frame=67829 fps=760 q=-1.0 size=N/A time=00:46:41.32 bitrate=N/A speed=31.4x elapsed=0:01:29.24    
[hls @ 0xaaaac9f23870] Opening '/config/cache/transcodes/df765ae64375b4f5a38b4afde070ee4d471.mp4' for writing
frame=67924 fps=757 q=-1.0 size=N/A time=00:46:45.48 bitrate=N/A speed=31.3x elapsed=0:01:29.75    
[hls @ 0xaaaac9f23870] Opening '/config/cache/transcodes/df765ae64375b4f5a38b4afde070ee4d472.mp4' for writing
frame=68069 fps=754 q=-1.0 size=N/A time=00:46:51.56 bitrate=N/A speed=31.2x elapsed=0:01:30.25    
[hls @ 0xaaaac9f23870] Opening '/config/cache/transcodes/df765ae64375b4f5a38b4afde070ee4d473.mp4' for writing
frame=68215 fps=752 q=-1.0 size=N/A time=00:46:57.51 bitrate=N/A speed=  31x elapsed=0:01:30.75    
frame=68350 fps=749 q=-1.0 size=N/A time=00:47:03.28 bitrate=N/A speed=30.9x elapsed=0:01:31.25    
[hls @ 0xaaaac9f23870] Opening '/config/cache/transcodes/df765ae64375b4f5a38b4afde070ee4d474.mp4' for writing
[hls @ 0xaaaac9f23870] Opening '/config/cache/transcodes/df765ae64375b4f5a38b4afde070ee4d475.mp4' for writing


[q] command received. Exiting.

[hls @ 0xaaaac9f23870] Opening '/config/cache/transcodes/df765ae64375b4f5a38b4afde070ee4d476.mp4' for writing
[out#0/hls @ 0xaaaac9cf00c0] video:2403072KiB audio:89295KiB subtitle:0KiB other streams:0KiB global headers:0KiB muxing overhead: unknown
frame=68505 fps=743 q=-1.0 Lsize=N/A time=00:47:09.75 bitrate=N/A speed=30.7x elapsed=0:01:32.15    