[2026-09-28 22:20:34] [INFO] Jellyfin Enhanced v12.9.0.0 initialized. Plugin logs will be written to: /config/log/JellyfinEnhanced_2026-09-28.log
[2026-09-28 22:20:35] [INFO] [MDBList] No cache file found, starting empty
[2026-09-28 22:20:38] [INFO] [CDN] Refreshing local CDN asset cache…
[2026-09-28 22:20:38] [INFO] [Clear Translation Cache] Translation cache clear signal set at 2026-09-28T22:20:38.6650000+00:00. All clients will clear their translation cache on next page load.
[2026-09-28 22:20:38] [INFO] Jellyfin Enhanced Startup Task run successfully.
[2026-09-28 22:20:38] [INFO] Client script will be injected at request time by the injection middleware.
[2026-09-28 22:20:39] [INFO] [WhatsNew] 50 new setting(s) pending in 12.9.0.0 (vs. last-acknowledged baseline 12.2.0.0): languageTagsPriority, languageTagsPriorityStrict, spoilerAdvancedMode, spoilerNextEpisodeStripTitle, spoilerNextEpisodeStripOverview, spoilerNextEpisodeStripRatings, spoilerNextEpisodeStripImage, spoilerCurrentSeasonStripTitle, spoilerCurrentSeasonStripOverview, spoilerCurrentSeasonStripRatings, mdblistRatingsEnabled, mdblistApiKey, checkMdblistStatusBtn, mdblistRatingsShowOnItemDetails, mdblistRatingsFetchEnabled, mdblistFetchReserve, mdblistRatingsAutoSyncEnabled, mdblistRatingsOverwriteExisting, mdblistRatingsShowPercentSymbol, showPlaybackRatingBadge, activityFeedEnabled, activityFeedShowWatched, activityFeedShowFavorited, activityFeedShowReviewed, activityFeedShowActiveStreams, activityFeedUseNativeTab, activityFeedUsePluginPages, activityFeedUseCustomTabs, activityFeedAutoCreateCustomTab, jellyseerrSearchExcludeLibraryItems, jellyseerrAvailablePosterLinksToJellyfin, importSonarrFromSeerr, importRadarrFromSeerr, shokoUrl, shokoApiKey, shokoShowEpisodes, shokoShowSpecials, shokoShowCredits, shokoShowTrailers, shokoShowParodies, shokoShowOther, shokoUrlMappings, validateShokoMappingsBtn, analyticsEnabled, analyticsShareFeatureFlags, analyticsShareUsageCounts, analyticsShareDataSizes, analyticsReportIntervalDays, analyticsPreviewBtn, rebuildTagCacheBtn
[2026-09-28 22:20:39] [INFO] [Auto-Season-Request] Auto-request monitoring is disabled in configuration - not subscribing to playback events
[2026-09-28 22:20:39] [INFO] [Auto-Movie-Request] Auto-Movie-Request monitoring is disabled in configuration - not subscribing to playback events
[2026-09-28 22:20:39] [INFO] [Watchlist] Watchlist monitoring is disabled in configuration - not subscribing to library events
[2026-09-28 22:20:39] [INFO] [SeerrScan] Subscribed to library ItemAdded events
[2026-09-28 22:20:39] [INFO] [TagCache] No cache file found, starting empty
[2026-09-28 22:20:39] [INFO] [TagCacheMonitor] Event subscriptions active
[2026-09-28 22:20:39] [INFO] [TagCache] No cache on disk; queuing the tag cache build.
[2026-09-28 22:20:39] [INFO] Jellyfin Enhanced Startup Task completed successfully.
[2026-09-28 22:20:39] [INFO] [TagCacheMonitor] Event subscriptions active
[2026-09-28 22:20:39] [INFO] [TagCache] Cache is empty; running full build
[2026-09-28 22:20:39] [INFO] [TagCache] Starting full cache build...
[2026-09-28 22:20:39] [INFO] [TagCache] Found 94 taggable items
[2026-09-28 22:20:39] [INFO] [TagCache] Full cache build complete: 94 entries in 0.7s
[2026-09-28 22:20:39] [INFO] [TagCache] Saved 94 entries to disk
[2026-09-28 22:20:40] [DEBUG] [CDN] Upstream returned 429 for source 'award-logos'.
[2026-09-28 22:20:40] [WARN] [CDN] Failed to refresh known asset 'award-logos/oscar'.
[2026-09-28 22:20:55] [DEBUG] [CDN] Upstream returned 429 for source 'award-logos'.
[2026-09-28 22:20:55] [WARN] [CDN] Failed to refresh known asset 'award-logos/national-board-of-review'.
[2026-09-28 22:20:59] [INFO] Jellyfin Enhanced: injected the client script via request-time middleware (IStartupFilter).
[2026-09-28 22:20:59] [INFO] [Awards] No cache file found, starting empty
[2026-09-28 22:21:00] [DEBUG] [CDN] Upstream returned 429 for source 'award-logos'.
[2026-09-28 22:21:00] [WARN] [CDN] Failed to refresh known asset 'award-logos/kids-choice'.
[2026-09-28 22:21:00] [INFO] Seeded default hidden-content.json for new user sam (69d94fa549af48b39febcbfadd04de8a) from plugin configuration.
[2026-09-28 22:21:00] [INFO] Saved default settings.json for new user sam (69d94fa549af48b39febcbfadd04de8a) from plugin configuration.
[2026-09-28 22:21:04] [DEBUG] [CDN] Upstream returned 429 for source 'award-logos'.
[2026-09-28 22:21:04] [WARN] [CDN] Failed to refresh known asset 'award-logos/cannes'.
[2026-09-28 22:21:05] [INFO] [CDN] Refreshed 54/58 known assets into the local cache.
[2026-09-28 22:26:05] [INFO] Jellyfin Enhanced: configuration updated — Seerr caches cleared.
[2026-09-28 22:26:05] [INFO] [Maintenance] Already inactive - skipping disable.
[2026-09-28 22:26:08] [ERROR] Exception during TMDB API key validation: The SSL connection could not be established, see inner exception.
[2026-09-28 22:26:20] [ERROR] Exception during TMDB API key validation: The SSL connection could not be established, see inner exception.
[2026-09-28 22:26:36] [ERROR] Exception during TMDB API key validation: The SSL connection could not be established, see inner exception.
[2026-09-28 22:27:40] [INFO] Jellyfin Enhanced: configuration updated — Seerr caches cleared.
[2026-09-28 22:27:40] [INFO] [Maintenance] Already inactive - skipping disable.
[2026-09-28 22:27:46] [INFO] Jellyfin Enhanced: configuration updated — Seerr caches cleared.
[2026-09-28 22:27:46] [INFO] [Maintenance] Already inactive - skipping disable.
[2026-09-28 22:28:12] [DEBUG] Seerr returned 500 for /api/v1/movie/242441/similar?page=1; retrying (1/2)
[2026-09-28 22:28:12] [DEBUG] Seerr returned 500 for /api/v1/movie/242441/recommendations?page=1; retrying (1/2)
[2026-09-28 22:28:13] [DEBUG] Seerr returned 500 for /api/v1/movie/242441/similar?page=1; retrying (2/2)
[2026-09-28 22:30:31] [ERROR] Failed to proxy TMDB request for 'movie/519897'. Error: System.Net.Http.HttpRequestException: The SSL connection could not be established, see inner exception.\n ---> System.IO.IOException: Unable to read data from the transport connection: Connection reset by peer.\n ---> System.Net.Sockets.SocketException (104): Connection reset by peer\n   at System.Net.Sockets.Socket.AwaitableSocketAsyncEventArgs.CreateException(SocketError error, Boolean forAsyncThrow)\n   at System.Net.Sockets.NetworkStream.ReadAsync(Memory`1 buffer, CancellationToken cancellationToken)\n   at System.Net.Security.SslStream.EnsureFullTlsFrameAsync[TIOAdapter](CancellationToken cancellationToken, Int32 estimatedSize)\n   at System.Threading.ExecutionContext.RunInternal(ExecutionContext executionContext, ContextCallback callback, Object state)\n   at System.Net.Sockets.SocketAsyncEngine.System.Threading.IThreadPoolWorkItem.Execute()\n   at System.Threading.ThreadPoolWorkQueue.Dispatch()\n   at System.Threading.PortableThreadPool.WorkerThread.WorkerThreadStart()\n   at System.Threading.Thread.StartCallback()\n--- End of stack trace from previous location ---\n\n   --- End of inner exception stack trace ---\n   at System.Net.Security.SslStream.EnsureFullTlsFrameAsync[TIOAdapter](CancellationToken cancellationToken, Int32 estimatedSize)\n   at System.Runtime.CompilerServices.PoolingAsyncValueTaskMethodBuilder`1.StateMachineBox`1.System.Threading.Tasks.Sources.IValueTaskSource<TResult>.GetResult(Int16 token)\n   at System.Net.Security.SslStream.ReceiveHandshakeFrameAsync[TIOAdapter](CancellationToken cancellationToken)\n   at System.Net.Security.SslStream.ForceAuthenticationAsync[TIOAdapter](Boolean receiveFirst, Byte[] reAuthenticationData, CancellationToken cancellationToken)\n   at System.Net.Http.ConnectHelper.EstablishSslConnectionAsync(SslClientAuthenticationOptions sslOptions, HttpRequestMessage request, Boolean async, Stream stream, CancellationToken cancellationToken)\n   --- End of inner exception stack trace ---\n   at System.Net.Http.ConnectHelper.EstablishSslConnectionAsync(SslClientAuthenticationOptions sslOptions, HttpRequestMessage request, Boolean async, Stream stream, CancellationToken cancellationToken)\n   at System.Net.Http.HttpConnectionPool.ConnectAsync(HttpRequestMessage request, Boolean async, CancellationToken cancellationToken)\n   at System.Net.Http.HttpConnectionPool.CreateHttp11ConnectionAsync(HttpRequestMessage request, Boolean async, CancellationToken cancellationToken)\n   at System.Net.Http.HttpConnectionPool.InjectNewHttp11ConnectionAsync(QueueItem queueItem)\n   at System.Threading.Tasks.TaskCompletionSourceWithCancellation`1.WaitWithCancellationAsync(CancellationToken cancellationToken)\n   at System.Net.Http.HttpConnectionPool.SendWithVersionDetectionAndRetryAsync(HttpRequestMessage request, Boolean async, Boolean doRequestAuth, CancellationToken cancellationToken)\n   at System.Net.Http.DiagnosticsHandler.SendAsyncCore(HttpRequestMessage request, Boolean async, CancellationToken cancellationToken)\n   at System.Net.Http.RedirectHandler.SendAsync(HttpRequestMessage request, Boolean async, CancellationToken cancellationToken)\n   at System.Net.Http.SocketsHttpHandler.<SendAsync>g__CreateHandlerAndSendAsync|115_0(HttpRequestMessage request, CancellationToken cancellationToken)\n   at Microsoft.Extensions.Http.Logging.LoggingHttpMessageHandler.<SendCoreAsync>g__Core|4_0(HttpRequestMessage request, Boolean useAsync, CancellationToken cancellationToken)\n   at Microsoft.Extensions.Http.Logging.LoggingScopeHttpMessageHandler.<SendCoreAsync>g__Core|4_0(HttpRequestMessage request, Boolean useAsync, CancellationToken cancellationToken)\n   at System.Net.Http.HttpClient.<SendAsync>g__Core|83_0(HttpRequestMessage request, HttpCompletionOption completionOption, CancellationTokenSource cts, Boolean disposeCts, CancellationTokenSource pendingRequestsCts, CancellationToken originalCancellationToken)\n   at Jellyfin.Plugin.JellyfinEnhanced.Services.TmdbResponseCache.FetchUpstreamAsync(String requestUri)\n   at Jellyfin.Plugin.JellyfinEnhanced.Controllers.JellyfinEnhancedController.ProxyTmdbRequest(String apiPath)
[2026-09-28 22:30:32] [DEBUG] Seerr returned 500 for /api/v1/movie/737154; retrying (1/2)
[2026-09-28 22:30:34] [INFO] Proxying Seerr request for user sam (69d94fa5-49af-48b3-9feb-cbfadd04de8a) to: https://req.ifeelsam.dev/api/v1/user/3/quota
[2026-09-28 22:30:37] [INFO] Fetching Seerr partial requests setting from: https://req.ifeelsam.dev/api/v1/settings/main
[2026-09-28 22:30:37] [INFO] Seerr settings — partialRequests: True, specialEpisodes: False
[2026-09-28 22:30:41] [INFO] Proxying Seerr request for user sam (69d94fa5-49af-48b3-9feb-cbfadd04de8a) to: https://req.ifeelsam.dev/api/v1/overrideRule
[2026-09-28 22:30:41] [WARN] Seerr request failed for user sam (69d94fa5-49af-48b3-9feb-cbfadd04de8a) at https://req.ifeelsam.dev: code=Forbidden status=403 cf-ray=a42631b01af43add-BOM — Seerr returned 403. Common causes: API key rotated, user lacks permission, or CSRF protection enabled in Seerr.
[2026-09-28 22:30:42] [INFO] Proxying Seerr request for user sam (69d94fa5-49af-48b3-9feb-cbfadd04de8a) to: https://req.ifeelsam.dev/api/v1/request
[2026-09-28 22:30:42] [DEBUG] Request body: {"mediaType":"tv","mediaId":276161,"seasons":[1]}
[2026-09-28 22:30:42] [INFO] Proxying Seerr request for user sam (69d94fa5-49af-48b3-9feb-cbfadd04de8a) to: https://req.ifeelsam.dev/api/v1/request?take=500&skip=0&filter=all
[2026-09-28 22:30:42] [INFO] Proxying Seerr request for user sam (69d94fa5-49af-48b3-9feb-cbfadd04de8a) to: https://req.ifeelsam.dev/api/v1/request?take=500&skip=0&filter=all
[2026-09-28 22:30:42] [INFO] Proxying Seerr request for user sam (69d94fa5-49af-48b3-9feb-cbfadd04de8a) to: https://req.ifeelsam.dev/api/v1/user/3/quota
[2026-09-28 22:36:44] [DEBUG] Seerr returned 500 for /api/v1/movie/937941/similar?page=1; retrying (1/2)
[2026-09-28 22:36:44] [DEBUG] Seerr returned 500 for /api/v1/movie/937941/recommendations?page=1; retrying (1/2)
[2026-09-28 22:36:44] [ERROR] Failed to proxy TMDB request for 'movie/937941/watch/providers'. Error: System.Net.Http.HttpRequestException: The SSL connection could not be established, see inner exception.\n ---> System.IO.IOException: Unable to read data from the transport connection: Connection reset by peer.\n ---> System.Net.Sockets.SocketException (104): Connection reset by peer\n   at System.Net.Sockets.Socket.AwaitableSocketAsyncEventArgs.CreateException(SocketError error, Boolean forAsyncThrow)\n   at System.Net.Sockets.NetworkStream.ReadAsync(Memory`1 buffer, CancellationToken cancellationToken)\n   at System.Net.Security.SslStream.EnsureFullTlsFrameAsync[TIOAdapter](CancellationToken cancellationToken, Int32 estimatedSize)\n   at System.Threading.ExecutionContext.RunInternal(ExecutionContext executionContext, ContextCallback callback, Object state)\n   at System.Net.Sockets.SocketAsyncEngine.System.Threading.IThreadPoolWorkItem.Execute()\n   at System.Threading.ThreadPoolWorkQueue.Dispatch()\n   at System.Threading.PortableThreadPool.WorkerThread.WorkerThreadStart()\n   at System.Threading.Thread.StartCallback()\n--- End of stack trace from previous location ---\n\n   --- End of inner exception stack trace ---\n   at System.Net.Security.SslStream.EnsureFullTlsFrameAsync[TIOAdapter](CancellationToken cancellationToken, Int32 estimatedSize)\n   at System.Runtime.CompilerServices.PoolingAsyncValueTaskMethodBuilder`1.StateMachineBox`1.System.Threading.Tasks.Sources.IValueTaskSource<TResult>.GetResult(Int16 token)\n   at System.Net.Security.SslStream.ReceiveHandshakeFrameAsync[TIOAdapter](CancellationToken cancellationToken)\n   at System.Net.Security.SslStream.ForceAuthenticationAsync[TIOAdapter](Boolean receiveFirst, Byte[] reAuthenticationData, CancellationToken cancellationToken)\n   at System.Net.Http.ConnectHelper.EstablishSslConnectionAsync(SslClientAuthenticationOptions sslOptions, HttpRequestMessage request, Boolean async, Stream stream, CancellationToken cancellationToken)\n   --- End of inner exception stack trace ---\n   at System.Net.Http.ConnectHelper.EstablishSslConnectionAsync(SslClientAuthenticationOptions sslOptions, HttpRequestMessage request, Boolean async, Stream stream, CancellationToken cancellationToken)\n   at System.Net.Http.HttpConnectionPool.ConnectAsync(HttpRequestMessage request, Boolean async, CancellationToken cancellationToken)\n   at System.Net.Http.HttpConnectionPool.CreateHttp11ConnectionAsync(HttpRequestMessage request, Boolean async, CancellationToken cancellationToken)\n   at System.Net.Http.HttpConnectionPool.InjectNewHttp11ConnectionAsync(QueueItem queueItem)\n   at System.Threading.Tasks.TaskCompletionSourceWithCancellation`1.WaitWithCancellationAsync(CancellationToken cancellationToken)\n   at System.Net.Http.HttpConnectionPool.SendWithVersionDetectionAndRetryAsync(HttpRequestMessage request, Boolean async, Boolean doRequestAuth, CancellationToken cancellationToken)\n   at System.Net.Http.DiagnosticsHandler.SendAsyncCore(HttpRequestMessage request, Boolean async, CancellationToken cancellationToken)\n   at System.Net.Http.RedirectHandler.SendAsync(HttpRequestMessage request, Boolean async, CancellationToken cancellationToken)\n   at System.Net.Http.SocketsHttpHandler.<SendAsync>g__CreateHandlerAndSendAsync|115_0(HttpRequestMessage request, CancellationToken cancellationToken)\n   at Microsoft.Extensions.Http.Logging.LoggingHttpMessageHandler.<SendCoreAsync>g__Core|4_0(HttpRequestMessage request, Boolean useAsync, CancellationToken cancellationToken)\n   at Microsoft.Extensions.Http.Logging.LoggingScopeHttpMessageHandler.<SendCoreAsync>g__Core|4_0(HttpRequestMessage request, Boolean useAsync, CancellationToken cancellationToken)\n   at System.Net.Http.HttpClient.<SendAsync>g__Core|83_0(HttpRequestMessage request, HttpCompletionOption completionOption, CancellationTokenSource cts, Boolean disposeCts, CancellationTokenSource pendingRequestsCts, CancellationToken originalCancellationToken)\n   at Jellyfin.Plugin.JellyfinEnhanced.Services.TmdbResponseCache.FetchUpstreamAsync(String requestUri)\n   at Jellyfin.Plugin.JellyfinEnhanced.Controllers.JellyfinEnhancedController.ProxyTmdbRequest(String apiPath)
[2026-09-28 22:36:44] [DEBUG] Seerr returned 500 for /api/v1/movie/937941/similar?page=1; retrying (2/2)
[2026-09-28 22:36:44] [DEBUG] Seerr returned 500 for /api/v1/movie/937941/recommendations?page=1; retrying (2/2)
[2026-09-28 22:36:44] [ERROR] Failed to proxy TMDB request for 'movie/937941/watch/providers'. Error: System.Net.Http.HttpRequestException: The SSL connection could not be established, see inner exception.\n ---> System.IO.IOException: Unable to read data from the transport connection: Connection reset by peer.\n ---> System.Net.Sockets.SocketException (104): Connection reset by peer\n   at System.Net.Sockets.Socket.AwaitableSocketAsyncEventArgs.CreateException(SocketError error, Boolean forAsyncThrow)\n   at System.Net.Sockets.NetworkStream.ReadAsync(Memory`1 buffer, CancellationToken cancellationToken)\n   at System.Net.Security.SslStream.EnsureFullTlsFrameAsync[TIOAdapter](CancellationToken cancellationToken, Int32 estimatedSize)\n   at System.Threading.ExecutionContext.RunInternal(ExecutionContext executionContext, ContextCallback callback, Object state)\n   at System.Net.Sockets.SocketAsyncEngine.System.Threading.IThreadPoolWorkItem.Execute()\n   at System.Threading.ThreadPoolWorkQueue.Dispatch()\n   at System.Threading.PortableThreadPool.WorkerThread.WorkerThreadStart()\n   at System.Threading.Thread.StartCallback()\n--- End of stack trace from previous location ---\n\n   --- End of inner exception stack trace ---\n   at System.Net.Security.SslStream.EnsureFullTlsFrameAsync[TIOAdapter](CancellationToken cancellationToken, Int32 estimatedSize)\n   at System.Runtime.CompilerServices.PoolingAsyncValueTaskMethodBuilder`1.StateMachineBox`1.System.Threading.Tasks.Sources.IValueTaskSource<TResult>.GetResult(Int16 token)\n   at System.Net.Security.SslStream.ReceiveHandshakeFrameAsync[TIOAdapter](CancellationToken cancellationToken)\n   at System.Net.Security.SslStream.ForceAuthenticationAsync[TIOAdapter](Boolean receiveFirst, Byte[] reAuthenticationData, CancellationToken cancellationToken)\n   at System.Net.Http.ConnectHelper.EstablishSslConnectionAsync(SslClientAuthenticationOptions sslOptions, HttpRequestMessage request, Boolean async, Stream stream, CancellationToken cancellationToken)\n   --- End of inner exception stack trace ---\n   at System.Net.Http.ConnectHelper.EstablishSslConnectionAsync(SslClientAuthenticationOptions sslOptions, HttpRequestMessage request, Boolean async, Stream stream, CancellationToken cancellationToken)\n   at System.Net.Http.HttpConnectionPool.ConnectAsync(HttpRequestMessage request, Boolean async, CancellationToken cancellationToken)\n   at System.Net.Http.HttpConnectionPool.CreateHttp11ConnectionAsync(HttpRequestMessage request, Boolean async, CancellationToken cancellationToken)\n   at System.Net.Http.HttpConnectionPool.InjectNewHttp11ConnectionAsync(QueueItem queueItem)\n   at System.Threading.Tasks.TaskCompletionSourceWithCancellation`1.WaitWithCancellationAsync(CancellationToken cancellationToken)\n   at System.Net.Http.HttpConnectionPool.SendWithVersionDetectionAndRetryAsync(HttpRequestMessage request, Boolean async, Boolean doRequestAuth, CancellationToken cancellationToken)\n   at System.Net.Http.DiagnosticsHandler.SendAsyncCore(HttpRequestMessage request, Boolean async, CancellationToken cancellationToken)\n   at System.Net.Http.RedirectHandler.SendAsync(HttpRequestMessage request, Boolean async, CancellationToken cancellationToken)\n   at Microsoft.Extensions.Http.Logging.LoggingHttpMessageHandler.<SendCoreAsync>g__Core|4_0(HttpRequestMessage request, Boolean useAsync, CancellationToken cancellationToken)\n   at Microsoft.Extensions.Http.Logging.LoggingScopeHttpMessageHandler.<SendCoreAsync>g__Core|4_0(HttpRequestMessage request, Boolean useAsync, CancellationToken cancellationToken)\n   at System.Net.Http.HttpClient.<SendAsync>g__Core|83_0(HttpRequestMessage request, HttpCompletionOption completionOption, CancellationTokenSource cts, Boolean disposeCts, CancellationTokenSource pendingRequestsCts, CancellationToken originalCancellationToken)\n   at Jellyfin.Plugin.JellyfinEnhanced.Services.TmdbResponseCache.FetchUpstreamAsync(String requestUri)\n   at Jellyfin.Plugin.JellyfinEnhanced.Controllers.JellyfinEnhancedController.ProxyTmdbRequest(String apiPath)
[2026-09-28 22:36:45] [WARN] Seerr request failed for user sam (69d94fa5-49af-48b3-9feb-cbfadd04de8a) at https://req.ifeelsam.dev: code=UpstreamError status=500 cf-ray=a4263a912ea47766-BOM — Seerr returned 500 from https://req.ifeelsam.dev/api/v1/movie/937941/recommendations?page=1.
[2026-09-28 22:36:45] [WARN] Seerr request failed for user sam (69d94fa5-49af-48b3-9feb-cbfadd04de8a) at https://req.ifeelsam.dev: code=UpstreamError status=500 cf-ray=a4263a911f81409f-BOM — Seerr returned 500 from https://req.ifeelsam.dev/api/v1/movie/937941/similar?page=1.
[2026-09-28 22:36:46] [DEBUG] Seerr returned 500 for /api/v1/movie/937941/recommendations?page=1; retrying (1/2)
[2026-09-28 22:36:46] [DEBUG] Seerr returned 500 for /api/v1/movie/937941/similar?page=1; retrying (1/2)
[2026-09-28 22:36:46] [DEBUG] Seerr returned 500 for /api/v1/movie/937941/recommendations?page=1; retrying (2/2)
[2026-09-28 22:36:54] [DEBUG] Seerr returned 500 for /api/v1/movie/484779; retrying (1/2)
[2026-09-28 22:36:55] [DEBUG] Seerr returned 500 for /api/v1/movie/484779; retrying (2/2)
[2026-09-28 22:37:26] [INFO] Jellyfin Enhanced: configuration updated — Seerr caches cleared.
[2026-09-28 22:37:26] [INFO] [Maintenance] Already inactive - skipping disable.
[2026-09-28 22:38:14] [INFO] Jellyfin Enhanced: configuration updated — Seerr caches cleared.
[2026-09-28 22:38:14] [INFO] [Maintenance] Already inactive - skipping disable.
[2026-09-28 22:40:18] [ERROR] Failed to proxy TMDB request for 'movie/969681/watch/providers'. Error: System.Net.Http.HttpRequestException: The SSL connection could not be established, see inner exception.\n ---> System.IO.IOException: Unable to read data from the transport connection: Connection reset by peer.\n ---> System.Net.Sockets.SocketException (104): Connection reset by peer\n   at System.Net.Sockets.Socket.AwaitableSocketAsyncEventArgs.CreateException(SocketError error, Boolean forAsyncThrow)\n   at System.Net.Sockets.NetworkStream.ReadAsync(Memory`1 buffer, CancellationToken cancellationToken)\n   at System.Net.Security.SslStream.EnsureFullTlsFrameAsync[TIOAdapter](CancellationToken cancellationToken, Int32 estimatedSize)\n   at System.Threading.ExecutionContext.RunInternal(ExecutionContext executionContext, ContextCallback callback, Object state)\n   at System.Net.Sockets.SocketAsyncEngine.System.Threading.IThreadPoolWorkItem.Execute()\n   at System.Threading.ThreadPoolWorkQueue.Dispatch()\n   at System.Threading.PortableThreadPool.WorkerThread.WorkerThreadStart()\n   at System.Threading.Thread.StartCallback()\n--- End of stack trace from previous location ---\n\n   --- End of inner exception stack trace ---\n   at System.Net.Security.SslStream.EnsureFullTlsFrameAsync[TIOAdapter](CancellationToken cancellationToken, Int32 estimatedSize)\n   at System.Runtime.CompilerServices.PoolingAsyncValueTaskMethodBuilder`1.StateMachineBox`1.System.Threading.Tasks.Sources.IValueTaskSource<TResult>.GetResult(Int16 token)\n   at System.Net.Security.SslStream.ReceiveHandshakeFrameAsync[TIOAdapter](CancellationToken cancellationToken)\n   at System.Net.Security.SslStream.ForceAuthenticationAsync[TIOAdapter](Boolean receiveFirst, Byte[] reAuthenticationData, CancellationToken cancellationToken)\n   at System.Net.Http.ConnectHelper.EstablishSslConnectionAsync(SslClientAuthenticationOptions sslOptions, HttpRequestMessage request, Boolean async, Stream stream, CancellationToken cancellationToken)\n   --- End of inner exception stack trace ---\n   at System.Net.Http.ConnectHelper.EstablishSslConnectionAsync(SslClientAuthenticationOptions sslOptions, HttpRequestMessage request, Boolean async, Stream stream, CancellationToken cancellationToken)\n   at System.Net.Http.HttpConnectionPool.ConnectAsync(HttpRequestMessage request, Boolean async, CancellationToken cancellationToken)\n   at System.Net.Http.HttpConnectionPool.CreateHttp11ConnectionAsync(HttpRequestMessage request, Boolean async, CancellationToken cancellationToken)\n   at System.Net.Http.HttpConnectionPool.InjectNewHttp11ConnectionAsync(QueueItem queueItem)\n   at System.Threading.Tasks.TaskCompletionSourceWithCancellation`1.WaitWithCancellationAsync(CancellationToken cancellationToken)\n   at System.Net.Http.HttpConnectionPool.SendWithVersionDetectionAndRetryAsync(HttpRequestMessage request, Boolean async, Boolean doRequestAuth, CancellationToken cancellationToken)\n   at System.Net.Http.DiagnosticsHandler.SendAsyncCore(HttpRequestMessage request, Boolean async, CancellationToken cancellationToken)\n   at System.Net.Http.RedirectHandler.SendAsync(HttpRequestMessage request, Boolean async, CancellationToken cancellationToken)\n   at System.Net.Http.SocketsHttpHandler.<SendAsync>g__CreateHandlerAndSendAsync|115_0(HttpRequestMessage request, CancellationToken cancellationToken)\n   at Microsoft.Extensions.Http.Logging.LoggingHttpMessageHandler.<SendCoreAsync>g__Core|4_0(HttpRequestMessage request, Boolean useAsync, CancellationToken cancellationToken)\n   at Microsoft.Extensions.Http.Logging.LoggingScopeHttpMessageHandler.<SendCoreAsync>g__Core|4_0(HttpRequestMessage request, Boolean useAsync, CancellationToken cancellationToken)\n   at System.Net.Http.HttpClient.<SendAsync>g__Core|83_0(HttpRequestMessage request, HttpCompletionOption completionOption, CancellationTokenSource cts, Boolean disposeCts, CancellationTokenSource pendingRequestsCts, CancellationToken originalCancellationToken)\n   at Jellyfin.Plugin.JellyfinEnhanced.Services.TmdbResponseCache.FetchUpstreamAsync(String requestUri)\n   at Jellyfin.Plugin.JellyfinEnhanced.Controllers.JellyfinEnhancedController.ProxyTmdbRequest(String apiPath)
[2026-09-28 22:40:59] [DEBUG] Seerr returned 500 for /api/v1/movie/614722/similar?page=1; retrying (1/2)
[2026-09-28 22:40:59] [DEBUG] Seerr returned 500 for /api/v1/movie/614722/recommendations?page=1; retrying (1/2)
[2026-09-28 22:40:59] [DEBUG] Seerr returned 500 for /api/v1/movie/614722/similar?page=1; retrying (2/2)
[2026-09-28 22:40:59] [DEBUG] Seerr returned 500 for /api/v1/movie/614722/recommendations?page=1; retrying (2/2)
[2026-09-28 22:41:00] [WARN] Seerr request failed for user sam (69d94fa5-49af-48b3-9feb-cbfadd04de8a) at https://req.ifeelsam.dev: code=UpstreamError status=500 cf-ray=a42640cb9b694236-BOM — Seerr returned 500 from https://req.ifeelsam.dev/api/v1/movie/614722/recommendations?page=1.
[2026-09-28 22:41:13] [DEBUG] Seerr returned 500 for /api/v1/movie/263115/recommendations?page=1; retrying (1/2)
[2026-09-28 22:41:13] [DEBUG] Seerr returned 500 for /api/v1/movie/263115/similar?page=1; retrying (1/2)
[2026-09-28 22:41:14] [DEBUG] Seerr returned 500 for /api/v1/movie/263115/recommendations?page=1; retrying (2/2)
[2026-09-28 22:41:14] [DEBUG] Seerr returned 500 for /api/v1/movie/263115/similar?page=1; retrying (2/2)
[2026-09-28 22:41:15] [DEBUG] Seerr returned 500 for /api/v1/movie/49538/similar?page=1; retrying (1/2)
[2026-09-28 22:41:15] [DEBUG] Seerr returned 500 for /api/v1/movie/49538/recommendations?page=1; retrying (1/2)
[2026-09-28 22:41:16] [DEBUG] Seerr returned 500 for /api/v1/movie/49538/similar?page=1; retrying (2/2)
[2026-09-28 22:49:27] [INFO] Saved user settings for sam (69d94fa549af48b39febcbfadd04de8a): LastOpenedTab: shortcuts → ui
[2026-09-28 22:49:30] [INFO] Saved user settings for sam (69d94fa549af48b39febcbfadd04de8a): LastOpenedTab: ui → random-button
[2026-09-28 22:49:30] [INFO] Saved user settings for sam (69d94fa549af48b39febcbfadd04de8a): LastOpenedTab: random-button → subtitles
[2026-09-28 22:49:31] [INFO] Saved user settings for sam (69d94fa549af48b39febcbfadd04de8a): LastOpenedTab: subtitles → playback
[2026-09-28 22:49:31] [INFO] Saved user settings for sam (69d94fa549af48b39febcbfadd04de8a): LastOpenedTab: playback → shortcuts
[2026-09-28 22:49:33] [INFO] Saved user settings for sam (69d94fa549af48b39febcbfadd04de8a): LastOpenedTab: shortcuts → ui
[2026-09-28 22:50:12] [INFO] Saved user settings for sam (69d94fa549af48b39febcbfadd04de8a): LastOpenedTab: ui → subtitles
[2026-09-28 22:50:17] [INFO] Saved user settings for sam (69d94fa549af48b39febcbfadd04de8a): LastOpenedTab: subtitles → random-button
[2026-09-28 22:50:23] [INFO] Saved user settings for sam (69d94fa549af48b39febcbfadd04de8a): LastOpenedTab: random-button → shortcuts
[2026-09-28 22:50:24] [INFO] Saved user settings for sam (69d94fa549af48b39febcbfadd04de8a): LastOpenedTab: shortcuts → playback
[2026-09-28 22:50:35] [INFO] Saved user settings for sam (69d94fa549af48b39febcbfadd04de8a): LastOpenedTab: playback → language
[2026-09-28 22:50:38] [INFO] Saved user settings for sam (69d94fa549af48b39febcbfadd04de8a): LastOpenedTab: language → ui
[2026-09-28 22:50:39] [INFO] Saved user settings for sam (69d94fa549af48b39febcbfadd04de8a): LastOpenedTab: ui → random-button
[2026-09-28 22:50:40] [INFO] Saved user settings for sam (69d94fa549af48b39febcbfadd04de8a): LastOpenedTab: random-button → subtitles
[2026-09-28 22:50:41] [INFO] Saved user settings for sam (69d94fa549af48b39febcbfadd04de8a): LastOpenedTab: subtitles → random-button
[2026-09-28 22:51:19] [INFO] [Watchlist] Unsubscribing from library events
[2026-09-28 22:51:19] [INFO] [Auto-Movie-Request] Unsubscribing from playback events
[2026-09-28 22:51:19] [INFO] [Auto-Season-Request] Unsubscribing from playback events
[2026-09-28 22:51:19] [INFO] Jellyfin Enhanced v12.9.0.0 initialized. Plugin logs will be written to: /config/log/JellyfinEnhanced_2026-09-28.log
[2026-09-28 22:51:19] [INFO] Normalized shortcut list: dropped 20 duplicate(s), 0 malformed entry/entries, added 0 missing default(s)
[2026-09-28 22:51:21] [INFO] [MDBList] No cache file found, starting empty
[2026-09-28 22:51:24] [INFO] Jellyfin Enhanced Startup Task run successfully.
[2026-09-28 22:51:24] [INFO] Client script will be injected at request time by the injection middleware.
[2026-09-28 22:51:24] [INFO] [Clear Translation Cache] Translation cache clear signal set at 2026-09-28T22:51:24.2060000+00:00. All clients will clear their translation cache on next page load.
[2026-09-28 22:51:24] [INFO] [CDN] Refreshing local CDN asset cache…
[2026-09-28 22:51:24] [INFO] [WhatsNew] 50 new setting(s) pending in 12.9.0.0 (vs. last-acknowledged baseline 12.2.0.0): languageTagsPriority, languageTagsPriorityStrict, spoilerAdvancedMode, spoilerNextEpisodeStripTitle, spoilerNextEpisodeStripOverview, spoilerNextEpisodeStripRatings, spoilerNextEpisodeStripImage, spoilerCurrentSeasonStripTitle, spoilerCurrentSeasonStripOverview, spoilerCurrentSeasonStripRatings, mdblistRatingsEnabled, mdblistApiKey, checkMdblistStatusBtn, mdblistRatingsShowOnItemDetails, mdblistRatingsFetchEnabled, mdblistFetchReserve, mdblistRatingsAutoSyncEnabled, mdblistRatingsOverwriteExisting, mdblistRatingsShowPercentSymbol, showPlaybackRatingBadge, activityFeedEnabled, activityFeedShowWatched, activityFeedShowFavorited, activityFeedShowReviewed, activityFeedShowActiveStreams, activityFeedUseNativeTab, activityFeedUsePluginPages, activityFeedUseCustomTabs, activityFeedAutoCreateCustomTab, jellyseerrSearchExcludeLibraryItems, jellyseerrAvailablePosterLinksToJellyfin, importSonarrFromSeerr, importRadarrFromSeerr, shokoUrl, shokoApiKey, shokoShowEpisodes, shokoShowSpecials, shokoShowCredits, shokoShowTrailers, shokoShowParodies, shokoShowOther, shokoUrlMappings, validateShokoMappingsBtn, analyticsEnabled, analyticsShareFeatureFlags, analyticsShareUsageCounts, analyticsShareDataSizes, analyticsReportIntervalDays, analyticsPreviewBtn, rebuildTagCacheBtn
[2026-09-28 22:51:24] [INFO] [Auto-Season-Request] Auto-request monitoring is disabled in configuration - not subscribing to playback events
[2026-09-28 22:51:24] [INFO] [Auto-Movie-Request] Auto-Movie-Request monitoring is disabled in configuration - not subscribing to playback events
[2026-09-28 22:51:24] [INFO] [Watchlist] Watchlist monitoring is disabled in configuration - not subscribing to library events
[2026-09-28 22:51:24] [INFO] [SeerrScan] Subscribed to library ItemAdded events
[2026-09-28 22:51:24] [INFO] [TagCache] Loaded 94 entries from disk (v1, schema v4)
[2026-09-28 22:51:24] [INFO] [TagCacheMonitor] Event subscriptions active
[2026-09-28 22:51:24] [INFO] Jellyfin Enhanced Startup Task completed successfully.
[2026-09-28 22:51:26] [DEBUG] [CDN] Upstream returned 429 for source 'award-logos'.
[2026-09-28 22:51:26] [WARN] [CDN] Failed to refresh known asset 'award-logos/oscar'.
[2026-09-28 22:51:41] [DEBUG] [CDN] Upstream returned 429 for source 'award-logos'.
[2026-09-28 22:51:41] [WARN] [CDN] Failed to refresh known asset 'award-logos/national-board-of-review'.
[2026-09-28 22:51:46] [DEBUG] [CDN] Upstream returned 429 for source 'award-logos'.
[2026-09-28 22:51:46] [WARN] [CDN] Failed to refresh known asset 'award-logos/kids-choice'.
[2026-09-28 22:51:51] [DEBUG] [CDN] Upstream returned 429 for source 'award-logos'.
[2026-09-28 22:51:51] [WARN] [CDN] Failed to refresh known asset 'award-logos/cannes'.
[2026-09-28 22:51:51] [INFO] [CDN] Refreshed 54/58 known assets into the local cache.
[2026-09-28 22:53:29] [INFO] Jellyfin Enhanced: injected the client script via request-time middleware (IStartupFilter).
[2026-09-28 22:53:29] [INFO] [Awards] No cache file found, starting empty
[2026-09-28 22:54:43] [INFO] [Watchlist] Unsubscribing from library events
[2026-09-28 22:54:43] [INFO] [Auto-Movie-Request] Unsubscribing from playback events
[2026-09-28 22:54:43] [INFO] [Auto-Season-Request] Unsubscribing from playback events
[2026-09-28 22:54:44] [INFO] Jellyfin Enhanced v12.9.0.0 initialized. Plugin logs will be written to: /config/log/JellyfinEnhanced_2026-09-28.log
[2026-09-28 22:54:44] [INFO] Normalized shortcut list: dropped 20 duplicate(s), 0 malformed entry/entries, added 0 missing default(s)
[2026-09-28 22:54:45] [INFO] [MDBList] No cache file found, starting empty
[2026-09-28 22:54:48] [INFO] Jellyfin Enhanced Startup Task run successfully.
[2026-09-28 22:54:48] [INFO] Client script will be injected at request time by the injection middleware.
[2026-09-28 22:54:48] [INFO] [CDN] Refreshing local CDN asset cache…
[2026-09-28 22:54:48] [INFO] [Clear Translation Cache] Translation cache clear signal set at 2026-09-28T22:54:48.1910000+00:00. All clients will clear their translation cache on next page load.
[2026-09-28 22:54:48] [INFO] [WhatsNew] 50 new setting(s) pending in 12.9.0.0 (vs. last-acknowledged baseline 12.2.0.0): languageTagsPriority, languageTagsPriorityStrict, spoilerAdvancedMode, spoilerNextEpisodeStripTitle, spoilerNextEpisodeStripOverview, spoilerNextEpisodeStripRatings, spoilerNextEpisodeStripImage, spoilerCurrentSeasonStripTitle, spoilerCurrentSeasonStripOverview, spoilerCurrentSeasonStripRatings, mdblistRatingsEnabled, mdblistApiKey, checkMdblistStatusBtn, mdblistRatingsShowOnItemDetails, mdblistRatingsFetchEnabled, mdblistFetchReserve, mdblistRatingsAutoSyncEnabled, mdblistRatingsOverwriteExisting, mdblistRatingsShowPercentSymbol, showPlaybackRatingBadge, activityFeedEnabled, activityFeedShowWatched, activityFeedShowFavorited, activityFeedShowReviewed, activityFeedShowActiveStreams, activityFeedUseNativeTab, activityFeedUsePluginPages, activityFeedUseCustomTabs, activityFeedAutoCreateCustomTab, jellyseerrSearchExcludeLibraryItems, jellyseerrAvailablePosterLinksToJellyfin, importSonarrFromSeerr, importRadarrFromSeerr, shokoUrl, shokoApiKey, shokoShowEpisodes, shokoShowSpecials, shokoShowCredits, shokoShowTrailers, shokoShowParodies, shokoShowOther, shokoUrlMappings, validateShokoMappingsBtn, analyticsEnabled, analyticsShareFeatureFlags, analyticsShareUsageCounts, analyticsShareDataSizes, analyticsReportIntervalDays, analyticsPreviewBtn, rebuildTagCacheBtn
[2026-09-28 22:54:48] [INFO] [Auto-Season-Request] Auto-request monitoring is disabled in configuration - not subscribing to playback events
[2026-09-28 22:54:48] [INFO] [Auto-Movie-Request] Auto-Movie-Request monitoring is disabled in configuration - not subscribing to playback events
[2026-09-28 22:54:48] [INFO] [Watchlist] Watchlist monitoring is disabled in configuration - not subscribing to library events
[2026-09-28 22:54:48] [INFO] [SeerrScan] Subscribed to library ItemAdded events
[2026-09-28 22:54:48] [INFO] [TagCache] Loaded 94 entries from disk (v1, schema v4)
[2026-09-28 22:54:48] [INFO] [TagCacheMonitor] Event subscriptions active
[2026-09-28 22:54:48] [INFO] Jellyfin Enhanced Startup Task completed successfully.
[2026-09-28 22:54:50] [DEBUG] [CDN] Upstream returned 429 for source 'award-logos'.
[2026-09-28 22:54:50] [WARN] [CDN] Failed to refresh known asset 'award-logos/oscar'.
[2026-09-28 22:55:08] [DEBUG] [CDN] Upstream returned 429 for source 'award-logos'.
[2026-09-28 22:55:08] [DEBUG] [CDN] Serving stale cached copy of 'award-logos/saturn' after upstream fetch failure.
[2026-09-28 22:55:16] [DEBUG] [CDN] Upstream returned 429 for source 'award-logos'.
[2026-09-28 22:55:16] [WARN] [CDN] Failed to refresh known asset 'award-logos/cannes'.
[2026-09-28 22:55:17] [INFO] [CDN] Refreshed 56/58 known assets into the local cache.
[2026-09-28 22:55:55] [INFO] [Awards] No cache file found, starting empty
[2026-09-28 22:56:22] [DEBUG] Seerr returned 500 for /api/v1/movie/1478743; retrying (1/2)
[2026-09-28 22:56:22] [DEBUG] Seerr returned 500 for /api/v1/movie/1268781; retrying (1/2)
[2026-09-28 22:56:22] [DEBUG] Seerr returned 500 for /api/v1/movie/379183; retrying (1/2)
[2026-09-28 22:56:22] [DEBUG] Seerr returned 500 for /api/v1/movie/379183; retrying (2/2)
[2026-09-28 22:56:22] [DEBUG] Seerr returned 500 for /api/v1/movie/1268781; retrying (2/2)
[2026-09-28 22:56:22] [ERROR] Failed to proxy TMDB request for 'movie/896977'. Error: System.Net.Http.HttpRequestException: The SSL connection could not be established, see inner exception.\n ---> System.IO.IOException: Unable to read data from the transport connection: Connection reset by peer.\n ---> System.Net.Sockets.SocketException (104): Connection reset by peer\n   at System.Net.Sockets.Socket.AwaitableSocketAsyncEventArgs.CreateException(SocketError error, Boolean forAsyncThrow)\n   at System.Net.Sockets.NetworkStream.ReadAsync(Memory`1 buffer, CancellationToken cancellationToken)\n   at System.Net.Security.SslStream.EnsureFullTlsFrameAsync[TIOAdapter](CancellationToken cancellationToken, Int32 estimatedSize)\n   at System.Threading.ExecutionContext.RunInternal(ExecutionContext executionContext, ContextCallback callback, Object state)\n   at System.Net.Sockets.SocketAsyncEngine.System.Threading.IThreadPoolWorkItem.Execute()\n   at System.Threading.ThreadPoolWorkQueue.Dispatch()\n   at System.Threading.PortableThreadPool.WorkerThread.WorkerThreadStart()\n   at System.Threading.Thread.StartCallback()\n--- End of stack trace from previous location ---\n\n   --- End of inner exception stack trace ---\n   at System.Net.Security.SslStream.EnsureFullTlsFrameAsync[TIOAdapter](CancellationToken cancellationToken, Int32 estimatedSize)\n   at System.Runtime.CompilerServices.PoolingAsyncValueTaskMethodBuilder`1.StateMachineBox`1.System.Threading.Tasks.Sources.IValueTaskSource<TResult>.GetResult(Int16 token)\n   at System.Net.Security.SslStream.ReceiveHandshakeFrameAsync[TIOAdapter](CancellationToken cancellationToken)\n   at System.Net.Security.SslStream.ForceAuthenticationAsync[TIOAdapter](Boolean receiveFirst, Byte[] reAuthenticationData, CancellationToken cancellationToken)\n   at System.Net.Http.ConnectHelper.EstablishSslConnectionAsync(SslClientAuthenticationOptions sslOptions, HttpRequestMessage request, Boolean async, Stream stream, CancellationToken cancellationToken)\n   --- End of inner exception stack trace ---\n   at System.Net.Http.ConnectHelper.EstablishSslConnectionAsync(SslClientAuthenticationOptions sslOptions, HttpRequestMessage request, Boolean async, Stream stream, CancellationToken cancellationToken)\n   at System.Net.Http.HttpConnectionPool.ConnectAsync(HttpRequestMessage request, Boolean async, CancellationToken cancellationToken)\n   at System.Net.Http.HttpConnectionPool.CreateHttp11ConnectionAsync(HttpRequestMessage request, Boolean async, CancellationToken cancellationToken)\n   at System.Net.Http.HttpConnectionPool.InjectNewHttp11ConnectionAsync(QueueItem queueItem)\n   at System.Threading.Tasks.TaskCompletionSourceWithCancellation`1.WaitWithCancellationAsync(CancellationToken cancellationToken)\n   at System.Net.Http.HttpConnectionPool.SendWithVersionDetectionAndRetryAsync(HttpRequestMessage request, Boolean async, Boolean doRequestAuth, CancellationToken cancellationToken)\n   at System.Net.Http.DiagnosticsHandler.SendAsyncCore(HttpRequestMessage request, Boolean async, CancellationToken cancellationToken)\n   at System.Net.Http.RedirectHandler.SendAsync(HttpRequestMessage request, Boolean async, CancellationToken cancellationToken)\n   at Microsoft.Extensions.Http.Logging.LoggingHttpMessageHandler.<SendCoreAsync>g__Core|4_0(HttpRequestMessage request, Boolean useAsync, CancellationToken cancellationToken)\n   at Microsoft.Extensions.Http.Logging.LoggingScopeHttpMessageHandler.<SendCoreAsync>g__Core|4_0(HttpRequestMessage request, Boolean useAsync, CancellationToken cancellationToken)\n   at System.Net.Http.HttpClient.<SendAsync>g__Core|83_0(HttpRequestMessage request, HttpCompletionOption completionOption, CancellationTokenSource cts, Boolean disposeCts, CancellationTokenSource pendingRequestsCts, CancellationToken originalCancellationToken)\n   at Jellyfin.Plugin.JellyfinEnhanced.Services.TmdbResponseCache.FetchUpstreamAsync(String requestUri)\n   at Jellyfin.Plugin.JellyfinEnhanced.Controllers.JellyfinEnhancedController.ProxyTmdbRequest(String apiPath)
[2026-09-28 22:56:23] [ERROR] Failed to proxy TMDB request for 'movie/1478743'. Error: System.Net.Http.HttpRequestException: The SSL connection could not be established, see inner exception.\n ---> System.IO.IOException: Unable to read data from the transport connection: Connection reset by peer.\n ---> System.Net.Sockets.SocketException (104): Connection reset by peer\n   at System.Net.Sockets.Socket.AwaitableSocketAsyncEventArgs.CreateException(SocketError error, Boolean forAsyncThrow)\n   at System.Net.Sockets.NetworkStream.ReadAsync(Memory`1 buffer, CancellationToken cancellationToken)\n   at System.Net.Security.SslStream.EnsureFullTlsFrameAsync[TIOAdapter](CancellationToken cancellationToken, Int32 estimatedSize)\n   at System.Threading.ExecutionContext.RunInternal(ExecutionContext executionContext, ContextCallback callback, Object state)\n   at System.Net.Sockets.SocketAsyncEngine.System.Threading.IThreadPoolWorkItem.Execute()\n   at System.Threading.ThreadPoolWorkQueue.Dispatch()\n   at System.Threading.PortableThreadPool.WorkerThread.WorkerThreadStart()\n   at System.Threading.Thread.StartCallback()\n--- End of stack trace from previous location ---\n\n   --- End of inner exception stack trace ---\n   at System.Net.Security.SslStream.EnsureFullTlsFrameAsync[TIOAdapter](CancellationToken cancellationToken, Int32 estimatedSize)\n   at System.Runtime.CompilerServices.PoolingAsyncValueTaskMethodBuilder`1.StateMachineBox`1.System.Threading.Tasks.Sources.IValueTaskSource<TResult>.GetResult(Int16 token)\n   at System.Net.Security.SslStream.ReceiveHandshakeFrameAsync[TIOAdapter](CancellationToken cancellationToken)\n   at System.Net.Security.SslStream.ForceAuthenticationAsync[TIOAdapter](Boolean receiveFirst, Byte[] reAuthenticationData, CancellationToken cancellationToken)\n   at System.Net.Http.ConnectHelper.EstablishSslConnectionAsync(SslClientAuthenticationOptions sslOptions, HttpRequestMessage request, Boolean async, Stream stream, CancellationToken cancellationToken)\n   --- End of inner exception stack trace ---\n   at System.Net.Http.ConnectHelper.EstablishSslConnectionAsync(SslClientAuthenticationOptions sslOptions, HttpRequestMessage request, Boolean async, Stream stream, CancellationToken cancellationToken)\n   at System.Net.Http.HttpConnectionPool.ConnectAsync(HttpRequestMessage request, Boolean async, CancellationToken cancellationToken)\n   at System.Net.Http.HttpConnectionPool.CreateHttp11ConnectionAsync(HttpRequestMessage request, Boolean async, CancellationToken cancellationToken)\n   at System.Net.Http.HttpConnectionPool.InjectNewHttp11ConnectionAsync(QueueItem queueItem)\n   at System.Threading.Tasks.TaskCompletionSourceWithCancellation`1.WaitWithCancellationAsync(CancellationToken cancellationToken)\n   at System.Net.Http.HttpConnectionPool.SendWithVersionDetectionAndRetryAsync(HttpRequestMessage request, Boolean async, Boolean doRequestAuth, CancellationToken cancellationToken)\n   at System.Net.Http.DiagnosticsHandler.SendAsyncCore(HttpRequestMessage request, Boolean async, CancellationToken cancellationToken)\n   at System.Net.Http.RedirectHandler.SendAsync(HttpRequestMessage request, Boolean async, CancellationToken cancellationToken)\n   at Microsoft.Extensions.Http.Logging.LoggingHttpMessageHandler.<SendCoreAsync>g__Core|4_0(HttpRequestMessage request, Boolean useAsync, CancellationToken cancellationToken)\n   at Microsoft.Extensions.Http.Logging.LoggingScopeHttpMessageHandler.<SendCoreAsync>g__Core|4_0(HttpRequestMessage request, Boolean useAsync, CancellationToken cancellationToken)\n   at System.Net.Http.HttpClient.<SendAsync>g__Core|83_0(HttpRequestMessage request, HttpCompletionOption completionOption, CancellationTokenSource cts, Boolean disposeCts, CancellationTokenSource pendingRequestsCts, CancellationToken originalCancellationToken)\n   at Jellyfin.Plugin.JellyfinEnhanced.Services.TmdbResponseCache.FetchUpstreamAsync(String requestUri)\n   at Jellyfin.Plugin.JellyfinEnhanced.Controllers.JellyfinEnhancedController.ProxyTmdbRequest(String apiPath)
[2026-09-28 22:56:23] [ERROR] Failed to proxy TMDB request for 'movie/896977'. Error: System.Net.Http.HttpRequestException: The SSL connection could not be established, see inner exception.\n ---> System.IO.IOException: Unable to read data from the transport connection: Connection reset by peer.\n ---> System.Net.Sockets.SocketException (104): Connection reset by peer\n   at System.Net.Sockets.Socket.AwaitableSocketAsyncEventArgs.CreateException(SocketError error, Boolean forAsyncThrow)\n   at System.Net.Sockets.NetworkStream.ReadAsync(Memory`1 buffer, CancellationToken cancellationToken)\n   at System.Net.Security.SslStream.EnsureFullTlsFrameAsync[TIOAdapter](CancellationToken cancellationToken, Int32 estimatedSize)\n   at System.Threading.ExecutionContext.RunInternal(ExecutionContext executionContext, ContextCallback callback, Object state)\n   at System.Net.Sockets.SocketAsyncEngine.System.Threading.IThreadPoolWorkItem.Execute()\n   at System.Threading.ThreadPoolWorkQueue.Dispatch()\n   at System.Threading.PortableThreadPool.WorkerThread.WorkerThreadStart()\n   at System.Threading.Thread.StartCallback()\n--- End of stack trace from previous location ---\n\n   --- End of inner exception stack trace ---\n   at System.Net.Security.SslStream.EnsureFullTlsFrameAsync[TIOAdapter](CancellationToken cancellationToken, Int32 estimatedSize)\n   at System.Runtime.CompilerServices.PoolingAsyncValueTaskMethodBuilder`1.StateMachineBox`1.System.Threading.Tasks.Sources.IValueTaskSource<TResult>.GetResult(Int16 token)\n   at System.Net.Security.SslStream.ReceiveHandshakeFrameAsync[TIOAdapter](CancellationToken cancellationToken)\n   at System.Net.Security.SslStream.ForceAuthenticationAsync[TIOAdapter](Boolean receiveFirst, Byte[] reAuthenticationData, CancellationToken cancellationToken)\n   at System.Net.Http.ConnectHelper.EstablishSslConnectionAsync(SslClientAuthenticationOptions sslOptions, HttpRequestMessage request, Boolean async, Stream stream, CancellationToken cancellationToken)\n   --- End of inner exception stack trace ---\n   at System.Net.Http.ConnectHelper.EstablishSslConnectionAsync(SslClientAuthenticationOptions sslOptions, HttpRequestMessage request, Boolean async, Stream stream, CancellationToken cancellationToken)\n   at System.Net.Http.HttpConnectionPool.ConnectAsync(HttpRequestMessage request, Boolean async, CancellationToken cancellationToken)\n   at System.Net.Http.HttpConnectionPool.CreateHttp11ConnectionAsync(HttpRequestMessage request, Boolean async, CancellationToken cancellationToken)\n   at System.Net.Http.HttpConnectionPool.InjectNewHttp11ConnectionAsync(QueueItem queueItem)\n   at System.Threading.Tasks.TaskCompletionSourceWithCancellation`1.WaitWithCancellationAsync(CancellationToken cancellationToken)\n   at System.Net.Http.HttpConnectionPool.SendWithVersionDetectionAndRetryAsync(HttpRequestMessage request, Boolean async, Boolean doRequestAuth, CancellationToken cancellationToken)\n   at System.Net.Http.DiagnosticsHandler.SendAsyncCore(HttpRequestMessage request, Boolean async, CancellationToken cancellationToken)\n   at System.Net.Http.RedirectHandler.SendAsync(HttpRequestMessage request, Boolean async, CancellationToken cancellationToken)\n   at Microsoft.Extensions.Http.Logging.LoggingHttpMessageHandler.<SendCoreAsync>g__Core|4_0(HttpRequestMessage request, Boolean useAsync, CancellationToken cancellationToken)\n   at Microsoft.Extensions.Http.Logging.LoggingScopeHttpMessageHandler.<SendCoreAsync>g__Core|4_0(HttpRequestMessage request, Boolean useAsync, CancellationToken cancellationToken)\n   at System.Net.Http.HttpClient.<SendAsync>g__Core|83_0(HttpRequestMessage request, HttpCompletionOption completionOption, CancellationTokenSource cts, Boolean disposeCts, CancellationTokenSource pendingRequestsCts, CancellationToken originalCancellationToken)\n   at Jellyfin.Plugin.JellyfinEnhanced.Services.TmdbResponseCache.FetchUpstreamAsync(String requestUri)\n   at Jellyfin.Plugin.JellyfinEnhanced.Controllers.JellyfinEnhancedController.ProxyTmdbRequest(String apiPath)
[2026-09-28 22:56:23] [WARN] Seerr request failed for user sam (69d94fa5-49af-48b3-9feb-cbfadd04de8a) at https://req.ifeelsam.dev: code=UpstreamError status=500 cf-ray=a42657535ce9423c-BOM — Seerr returned 500 from https://req.ifeelsam.dev/api/v1/movie/1268781.
[2026-09-28 22:56:23] [ERROR] Failed to proxy TMDB request for 'movie/1478743'. Error: System.Net.Http.HttpRequestException: The SSL connection could not be established, see inner exception.\n ---> System.IO.IOException: Unable to read data from the transport connection: Connection reset by peer.\n ---> System.Net.Sockets.SocketException (104): Connection reset by peer\n   at System.Net.Sockets.Socket.AwaitableSocketAsyncEventArgs.CreateException(SocketError error, Boolean forAsyncThrow)\n   at System.Net.Sockets.NetworkStream.ReadAsync(Memory`1 buffer, CancellationToken cancellationToken)\n   at System.Net.Security.SslStream.EnsureFullTlsFrameAsync[TIOAdapter](CancellationToken cancellationToken, Int32 estimatedSize)\n   at System.Threading.ExecutionContext.RunInternal(ExecutionContext executionContext, ContextCallback callback, Object state)\n   at System.Net.Sockets.SocketAsyncEngine.System.Threading.IThreadPoolWorkItem.Execute()\n   at System.Threading.ThreadPoolWorkQueue.Dispatch()\n   at System.Threading.PortableThreadPool.WorkerThread.WorkerThreadStart()\n   at System.Threading.Thread.StartCallback()\n--- End of stack trace from previous location ---\n\n   --- End of inner exception stack trace ---\n   at System.Net.Security.SslStream.EnsureFullTlsFrameAsync[TIOAdapter](CancellationToken cancellationToken, Int32 estimatedSize)\n   at System.Runtime.CompilerServices.PoolingAsyncValueTaskMethodBuilder`1.StateMachineBox`1.System.Threading.Tasks.Sources.IValueTaskSource<TResult>.GetResult(Int16 token)\n   at System.Net.Security.SslStream.ReceiveHandshakeFrameAsync[TIOAdapter](CancellationToken cancellationToken)\n   at System.Net.Security.SslStream.ForceAuthenticationAsync[TIOAdapter](Boolean receiveFirst, Byte[] reAuthenticationData, CancellationToken cancellationToken)\n   at System.Net.Http.ConnectHelper.EstablishSslConnectionAsync(SslClientAuthenticationOptions sslOptions, HttpRequestMessage request, Boolean async, Stream stream, CancellationToken cancellationToken)\n   --- End of inner exception stack trace ---\n   at System.Net.Http.ConnectHelper.EstablishSslConnectionAsync(SslClientAuthenticationOptions sslOptions, HttpRequestMessage request, Boolean async, Stream stream, CancellationToken cancellationToken)\n   at System.Net.Http.HttpConnectionPool.ConnectAsync(HttpRequestMessage request, Boolean async, CancellationToken cancellationToken)\n   at System.Net.Http.HttpConnectionPool.CreateHttp11ConnectionAsync(HttpRequestMessage request, Boolean async, CancellationToken cancellationToken)\n   at System.Net.Http.HttpConnectionPool.InjectNewHttp11ConnectionAsync(QueueItem queueItem)\n   at System.Threading.Tasks.TaskCompletionSourceWithCancellation`1.WaitWithCancellationAsync(CancellationToken cancellationToken)\n   at System.Net.Http.HttpConnectionPool.SendWithVersionDetectionAndRetryAsync(HttpRequestMessage request, Boolean async, Boolean doRequestAuth, CancellationToken cancellationToken)\n   at System.Net.Http.DiagnosticsHandler.SendAsyncCore(HttpRequestMessage request, Boolean async, CancellationToken cancellationToken)\n   at System.Net.Http.RedirectHandler.SendAsync(HttpRequestMessage request, Boolean async, CancellationToken cancellationToken)\n   at Microsoft.Extensions.Http.Logging.LoggingHttpMessageHandler.<SendCoreAsync>g__Core|4_0(HttpRequestMessage request, Boolean useAsync, CancellationToken cancellationToken)\n   at Microsoft.Extensions.Http.Logging.LoggingScopeHttpMessageHandler.<SendCoreAsync>g__Core|4_0(HttpRequestMessage request, Boolean useAsync, CancellationToken cancellationToken)\n   at System.Net.Http.HttpClient.<SendAsync>g__Core|83_0(HttpRequestMessage request, HttpCompletionOption completionOption, CancellationTokenSource cts, Boolean disposeCts, CancellationTokenSource pendingRequestsCts, CancellationToken originalCancellationToken)\n   at Jellyfin.Plugin.JellyfinEnhanced.Services.TmdbResponseCache.FetchUpstreamAsync(String requestUri)\n   at Jellyfin.Plugin.JellyfinEnhanced.Controllers.JellyfinEnhancedController.ProxyTmdbRequest(String apiPath)
[2026-09-28 22:56:24] [ERROR] Failed to proxy TMDB request for 'movie/379183'. Error: System.Net.Http.HttpRequestException: The SSL connection could not be established, see inner exception.\n ---> System.IO.IOException: Unable to read data from the transport connection: Connection reset by peer.\n ---> System.Net.Sockets.SocketException (104): Connection reset by peer\n   at System.Net.Sockets.Socket.AwaitableSocketAsyncEventArgs.CreateException(SocketError error, Boolean forAsyncThrow)\n   at System.Net.Sockets.NetworkStream.ReadAsync(Memory`1 buffer, CancellationToken cancellationToken)\n   at System.Net.Security.SslStream.EnsureFullTlsFrameAsync[TIOAdapter](CancellationToken cancellationToken, Int32 estimatedSize)\n   at System.Threading.ExecutionContext.RunInternal(ExecutionContext executionContext, ContextCallback callback, Object state)\n   at System.Net.Sockets.SocketAsyncEngine.System.Threading.IThreadPoolWorkItem.Execute()\n   at System.Threading.ThreadPoolWorkQueue.Dispatch()\n   at System.Threading.PortableThreadPool.WorkerThread.WorkerThreadStart()\n   at System.Threading.Thread.StartCallback()\n--- End of stack trace from previous location ---\n\n   --- End of inner exception stack trace ---\n   at System.Net.Security.SslStream.EnsureFullTlsFrameAsync[TIOAdapter](CancellationToken cancellationToken, Int32 estimatedSize)\n   at System.Runtime.CompilerServices.PoolingAsyncValueTaskMethodBuilder`1.StateMachineBox`1.System.Threading.Tasks.Sources.IValueTaskSource<TResult>.GetResult(Int16 token)\n   at System.Net.Security.SslStream.ReceiveHandshakeFrameAsync[TIOAdapter](CancellationToken cancellationToken)\n   at System.Net.Security.SslStream.ForceAuthenticationAsync[TIOAdapter](Boolean receiveFirst, Byte[] reAuthenticationData, CancellationToken cancellationToken)\n   at System.Net.Http.ConnectHelper.EstablishSslConnectionAsync(SslClientAuthenticationOptions sslOptions, HttpRequestMessage request, Boolean async, Stream stream, CancellationToken cancellationToken)\n   --- End of inner exception stack trace ---\n   at System.Net.Http.ConnectHelper.EstablishSslConnectionAsync(SslClientAuthenticationOptions sslOptions, HttpRequestMessage request, Boolean async, Stream stream, CancellationToken cancellationToken)\n   at System.Net.Http.HttpConnectionPool.ConnectAsync(HttpRequestMessage request, Boolean async, CancellationToken cancellationToken)\n   at System.Net.Http.HttpConnectionPool.CreateHttp11ConnectionAsync(HttpRequestMessage request, Boolean async, CancellationToken cancellationToken)\n   at System.Net.Http.HttpConnectionPool.InjectNewHttp11ConnectionAsync(QueueItem queueItem)\n   at System.Threading.Tasks.TaskCompletionSourceWithCancellation`1.WaitWithCancellationAsync(CancellationToken cancellationToken)\n   at System.Net.Http.HttpConnectionPool.SendWithVersionDetectionAndRetryAsync(HttpRequestMessage request, Boolean async, Boolean doRequestAuth, CancellationToken cancellationToken)\n   at System.Net.Http.DiagnosticsHandler.SendAsyncCore(HttpRequestMessage request, Boolean async, CancellationToken cancellationToken)\n   at System.Net.Http.RedirectHandler.SendAsync(HttpRequestMessage request, Boolean async, CancellationToken cancellationToken)\n   at Microsoft.Extensions.Http.Logging.LoggingHttpMessageHandler.<SendCoreAsync>g__Core|4_0(HttpRequestMessage request, Boolean useAsync, CancellationToken cancellationToken)\n   at Microsoft.Extensions.Http.Logging.LoggingScopeHttpMessageHandler.<SendCoreAsync>g__Core|4_0(HttpRequestMessage request, Boolean useAsync, CancellationToken cancellationToken)\n   at System.Net.Http.HttpClient.<SendAsync>g__Core|83_0(HttpRequestMessage request, HttpCompletionOption completionOption, CancellationTokenSource cts, Boolean disposeCts, CancellationTokenSource pendingRequestsCts, CancellationToken originalCancellationToken)\n   at Jellyfin.Plugin.JellyfinEnhanced.Services.TmdbResponseCache.FetchUpstreamAsync(String requestUri)\n   at Jellyfin.Plugin.JellyfinEnhanced.Controllers.JellyfinEnhancedController.ProxyTmdbRequest(String apiPath)
[2026-09-28 22:56:24] [ERROR] Failed to proxy TMDB request for 'movie/379183'. Error: System.Net.Http.HttpRequestException: The SSL connection could not be established, see inner exception.\n ---> System.IO.IOException: Unable to read data from the transport connection: Connection reset by peer.\n ---> System.Net.Sockets.SocketException (104): Connection reset by peer\n   at System.Net.Sockets.Socket.AwaitableSocketAsyncEventArgs.CreateException(SocketError error, Boolean forAsyncThrow)\n   at System.Net.Sockets.NetworkStream.ReadAsync(Memory`1 buffer, CancellationToken cancellationToken)\n   at System.Net.Security.SslStream.EnsureFullTlsFrameAsync[TIOAdapter](CancellationToken cancellationToken, Int32 estimatedSize)\n   at System.Threading.ExecutionContext.RunInternal(ExecutionContext executionContext, ContextCallback callback, Object state)\n   at System.Net.Sockets.SocketAsyncEngine.System.Threading.IThreadPoolWorkItem.Execute()\n   at System.Threading.ThreadPoolWorkQueue.Dispatch()\n   at System.Threading.PortableThreadPool.WorkerThread.WorkerThreadStart()\n   at System.Threading.Thread.StartCallback()\n--- End of stack trace from previous location ---\n\n   --- End of inner exception stack trace ---\n   at System.Net.Security.SslStream.EnsureFullTlsFrameAsync[TIOAdapter](CancellationToken cancellationToken, Int32 estimatedSize)\n   at System.Runtime.CompilerServices.PoolingAsyncValueTaskMethodBuilder`1.StateMachineBox`1.System.Threading.Tasks.Sources.IValueTaskSource<TResult>.GetResult(Int16 token)\n   at System.Net.Security.SslStream.ReceiveHandshakeFrameAsync[TIOAdapter](CancellationToken cancellationToken)\n   at System.Net.Security.SslStream.ForceAuthenticationAsync[TIOAdapter](Boolean receiveFirst, Byte[] reAuthenticationData, CancellationToken cancellationToken)\n   at System.Net.Http.ConnectHelper.EstablishSslConnectionAsync(SslClientAuthenticationOptions sslOptions, HttpRequestMessage request, Boolean async, Stream stream, CancellationToken cancellationToken)\n   --- End of inner exception stack trace ---\n   at System.Net.Http.ConnectHelper.EstablishSslConnectionAsync(SslClientAuthenticationOptions sslOptions, HttpRequestMessage request, Boolean async, Stream stream, CancellationToken cancellationToken)\n   at System.Net.Http.HttpConnectionPool.ConnectAsync(HttpRequestMessage request, Boolean async, CancellationToken cancellationToken)\n   at System.Net.Http.HttpConnectionPool.CreateHttp11ConnectionAsync(HttpRequestMessage request, Boolean async, CancellationToken cancellationToken)\n   at System.Net.Http.HttpConnectionPool.InjectNewHttp11ConnectionAsync(QueueItem queueItem)\n   at System.Threading.Tasks.TaskCompletionSourceWithCancellation`1.WaitWithCancellationAsync(CancellationToken cancellationToken)\n   at System.Net.Http.HttpConnectionPool.SendWithVersionDetectionAndRetryAsync(HttpRequestMessage request, Boolean async, Boolean doRequestAuth, CancellationToken cancellationToken)\n   at System.Net.Http.DiagnosticsHandler.SendAsyncCore(HttpRequestMessage request, Boolean async, CancellationToken cancellationToken)\n   at System.Net.Http.RedirectHandler.SendAsync(HttpRequestMessage request, Boolean async, CancellationToken cancellationToken)\n   at Microsoft.Extensions.Http.Logging.LoggingHttpMessageHandler.<SendCoreAsync>g__Core|4_0(HttpRequestMessage request, Boolean useAsync, CancellationToken cancellationToken)\n   at Microsoft.Extensions.Http.Logging.LoggingScopeHttpMessageHandler.<SendCoreAsync>g__Core|4_0(HttpRequestMessage request, Boolean useAsync, CancellationToken cancellationToken)\n   at System.Net.Http.HttpClient.<SendAsync>g__Core|83_0(HttpRequestMessage request, HttpCompletionOption completionOption, CancellationTokenSource cts, Boolean disposeCts, CancellationTokenSource pendingRequestsCts, CancellationToken originalCancellationToken)\n   at Jellyfin.Plugin.JellyfinEnhanced.Services.TmdbResponseCache.FetchUpstreamAsync(String requestUri)\n   at Jellyfin.Plugin.JellyfinEnhanced.Controllers.JellyfinEnhancedController.ProxyTmdbRequest(String apiPath)
[2026-09-28 22:56:25] [DEBUG] Seerr returned 500 for /api/v1/movie/1026453; retrying (1/2)
[2026-09-28 22:56:25] [DEBUG] Seerr returned 500 for /api/v1/movie/482215; retrying (1/2)
[2026-09-28 22:56:25] [DEBUG] Seerr returned 500 for /api/v1/movie/1362096; retrying (1/2)
[2026-09-28 22:56:25] [DEBUG] Seerr returned 500 for /api/v1/movie/1026453; retrying (2/2)
[2026-09-28 22:56:25] [DEBUG] Seerr returned 500 for /api/v1/movie/1362096; retrying (2/2)
[2026-09-28 22:56:27] [DEBUG] Seerr returned 500 for /api/v1/movie/959342; retrying (1/2)
[2026-09-28 22:56:27] [ERROR] Failed to proxy TMDB request for 'movie/460029'. Error: System.Net.Http.HttpRequestException: The SSL connection could not be established, see inner exception.\n ---> System.IO.IOException: Unable to read data from the transport connection: Connection reset by peer.\n ---> System.Net.Sockets.SocketException (104): Connection reset by peer\n   at System.Net.Sockets.Socket.AwaitableSocketAsyncEventArgs.CreateException(SocketError error, Boolean forAsyncThrow)\n   at System.Net.Sockets.NetworkStream.ReadAsync(Memory`1 buffer, CancellationToken cancellationToken)\n   at System.Net.Security.SslStream.EnsureFullTlsFrameAsync[TIOAdapter](CancellationToken cancellationToken, Int32 estimatedSize)\n   at System.Threading.ExecutionContext.RunInternal(ExecutionContext executionContext, ContextCallback callback, Object state)\n   at System.Net.Sockets.SocketAsyncEngine.System.Threading.IThreadPoolWorkItem.Execute()\n   at System.Threading.ThreadPoolWorkQueue.Dispatch()\n   at System.Threading.PortableThreadPool.WorkerThread.WorkerThreadStart()\n   at System.Threading.Thread.StartCallback()\n--- End of stack trace from previous location ---\n\n   --- End of inner exception stack trace ---\n   at System.Net.Security.SslStream.EnsureFullTlsFrameAsync[TIOAdapter](CancellationToken cancellationToken, Int32 estimatedSize)\n   at System.Runtime.CompilerServices.PoolingAsyncValueTaskMethodBuilder`1.StateMachineBox`1.System.Threading.Tasks.Sources.IValueTaskSource<TResult>.GetResult(Int16 token)\n   at System.Net.Security.SslStream.ReceiveHandshakeFrameAsync[TIOAdapter](CancellationToken cancellationToken)\n   at System.Net.Security.SslStream.ForceAuthenticationAsync[TIOAdapter](Boolean receiveFirst, Byte[] reAuthenticationData, CancellationToken cancellationToken)\n   at System.Net.Http.ConnectHelper.EstablishSslConnectionAsync(SslClientAuthenticationOptions sslOptions, HttpRequestMessage request, Boolean async, Stream stream, CancellationToken cancellationToken)\n   --- End of inner exception stack trace ---\n   at System.Net.Http.ConnectHelper.EstablishSslConnectionAsync(SslClientAuthenticationOptions sslOptions, HttpRequestMessage request, Boolean async, Stream stream, CancellationToken cancellationToken)\n   at System.Net.Http.HttpConnectionPool.ConnectAsync(HttpRequestMessage request, Boolean async, CancellationToken cancellationToken)\n   at System.Net.Http.HttpConnectionPool.CreateHttp11ConnectionAsync(HttpRequestMessage request, Boolean async, CancellationToken cancellationToken)\n   at System.Net.Http.HttpConnectionPool.InjectNewHttp11ConnectionAsync(QueueItem queueItem)\n   at System.Threading.Tasks.TaskCompletionSourceWithCancellation`1.WaitWithCancellationAsync(CancellationToken cancellationToken)\n   at System.Net.Http.HttpConnectionPool.SendWithVersionDetectionAndRetryAsync(HttpRequestMessage request, Boolean async, Boolean doRequestAuth, CancellationToken cancellationToken)\n   at System.Net.Http.DiagnosticsHandler.SendAsyncCore(HttpRequestMessage request, Boolean async, CancellationToken cancellationToken)\n   at System.Net.Http.RedirectHandler.SendAsync(HttpRequestMessage request, Boolean async, CancellationToken cancellationToken)\n   at Microsoft.Extensions.Http.Logging.LoggingHttpMessageHandler.<SendCoreAsync>g__Core|4_0(HttpRequestMessage request, Boolean useAsync, CancellationToken cancellationToken)\n   at Microsoft.Extensions.Http.Logging.LoggingScopeHttpMessageHandler.<SendCoreAsync>g__Core|4_0(HttpRequestMessage request, Boolean useAsync, CancellationToken cancellationToken)\n   at System.Net.Http.HttpClient.<SendAsync>g__Core|83_0(HttpRequestMessage request, HttpCompletionOption completionOption, CancellationTokenSource cts, Boolean disposeCts, CancellationTokenSource pendingRequestsCts, CancellationToken originalCancellationToken)\n   at Jellyfin.Plugin.JellyfinEnhanced.Services.TmdbResponseCache.FetchUpstreamAsync(String requestUri)\n   at Jellyfin.Plugin.JellyfinEnhanced.Controllers.JellyfinEnhancedController.ProxyTmdbRequest(String apiPath)
[2026-09-28 22:56:29] [ERROR] Failed to proxy TMDB request for 'movie/1654679'. Error: System.Net.Http.HttpRequestException: The SSL connection could not be established, see inner exception.\n ---> System.IO.IOException: Unable to read data from the transport connection: Connection reset by peer.\n ---> System.Net.Sockets.SocketException (104): Connection reset by peer\n   at System.Net.Sockets.Socket.AwaitableSocketAsyncEventArgs.CreateException(SocketError error, Boolean forAsyncThrow)\n   at System.Net.Sockets.NetworkStream.ReadAsync(Memory`1 buffer, CancellationToken cancellationToken)\n   at System.Net.Security.SslStream.EnsureFullTlsFrameAsync[TIOAdapter](CancellationToken cancellationToken, Int32 estimatedSize)\n   at System.Threading.ExecutionContext.RunInternal(ExecutionContext executionContext, ContextCallback callback, Object state)\n   at System.Net.Sockets.SocketAsyncEngine.System.Threading.IThreadPoolWorkItem.Execute()\n   at System.Threading.ThreadPoolWorkQueue.Dispatch()\n   at System.Threading.PortableThreadPool.WorkerThread.WorkerThreadStart()\n   at System.Threading.Thread.StartCallback()\n--- End of stack trace from previous location ---\n\n   --- End of inner exception stack trace ---\n   at System.Net.Security.SslStream.EnsureFullTlsFrameAsync[TIOAdapter](CancellationToken cancellationToken, Int32 estimatedSize)\n   at System.Runtime.CompilerServices.PoolingAsyncValueTaskMethodBuilder`1.StateMachineBox`1.System.Threading.Tasks.Sources.IValueTaskSource<TResult>.GetResult(Int16 token)\n   at System.Net.Security.SslStream.ReceiveHandshakeFrameAsync[TIOAdapter](CancellationToken cancellationToken)\n   at System.Net.Security.SslStream.ForceAuthenticationAsync[TIOAdapter](Boolean receiveFirst, Byte[] reAuthenticationData, CancellationToken cancellationToken)\n   at System.Net.Http.ConnectHelper.EstablishSslConnectionAsync(SslClientAuthenticationOptions sslOptions, HttpRequestMessage request, Boolean async, Stream stream, CancellationToken cancellationToken)\n   --- End of inner exception stack trace ---\n   at System.Net.Http.ConnectHelper.EstablishSslConnectionAsync(SslClientAuthenticationOptions sslOptions, HttpRequestMessage request, Boolean async, Stream stream, CancellationToken cancellationToken)\n   at System.Net.Http.HttpConnectionPool.ConnectAsync(HttpRequestMessage request, Boolean async, CancellationToken cancellationToken)\n   at System.Net.Http.HttpConnectionPool.CreateHttp11ConnectionAsync(HttpRequestMessage request, Boolean async, CancellationToken cancellationToken)\n   at System.Net.Http.HttpConnectionPool.InjectNewHttp11ConnectionAsync(QueueItem queueItem)\n   at System.Threading.Tasks.TaskCompletionSourceWithCancellation`1.WaitWithCancellationAsync(CancellationToken cancellationToken)\n   at System.Net.Http.HttpConnectionPool.SendWithVersionDetectionAndRetryAsync(HttpRequestMessage request, Boolean async, Boolean doRequestAuth, CancellationToken cancellationToken)\n   at System.Net.Http.DiagnosticsHandler.SendAsyncCore(HttpRequestMessage request, Boolean async, CancellationToken cancellationToken)\n   at System.Net.Http.RedirectHandler.SendAsync(HttpRequestMessage request, Boolean async, CancellationToken cancellationToken)\n   at Microsoft.Extensions.Http.Logging.LoggingHttpMessageHandler.<SendCoreAsync>g__Core|4_0(HttpRequestMessage request, Boolean useAsync, CancellationToken cancellationToken)\n   at Microsoft.Extensions.Http.Logging.LoggingScopeHttpMessageHandler.<SendCoreAsync>g__Core|4_0(HttpRequestMessage request, Boolean useAsync, CancellationToken cancellationToken)\n   at System.Net.Http.HttpClient.<SendAsync>g__Core|83_0(HttpRequestMessage request, HttpCompletionOption completionOption, CancellationTokenSource cts, Boolean disposeCts, CancellationTokenSource pendingRequestsCts, CancellationToken originalCancellationToken)\n   at Jellyfin.Plugin.JellyfinEnhanced.Services.TmdbResponseCache.FetchUpstreamAsync(String requestUri)\n   at Jellyfin.Plugin.JellyfinEnhanced.Controllers.JellyfinEnhancedController.ProxyTmdbRequest(String apiPath)
[2026-09-28 22:56:29] [ERROR] Failed to proxy TMDB request for 'movie/1659362'. Error: System.Net.Http.HttpRequestException: The SSL connection could not be established, see inner exception.\n ---> System.IO.IOException: Unable to read data from the transport connection: Connection reset by peer.\n ---> System.Net.Sockets.SocketException (104): Connection reset by peer\n   at System.Net.Sockets.Socket.AwaitableSocketAsyncEventArgs.CreateException(SocketError error, Boolean forAsyncThrow)\n   at System.Net.Sockets.NetworkStream.ReadAsync(Memory`1 buffer, CancellationToken cancellationToken)\n   at System.Net.Security.SslStream.EnsureFullTlsFrameAsync[TIOAdapter](CancellationToken cancellationToken, Int32 estimatedSize)\n   at System.Threading.ExecutionContext.RunInternal(ExecutionContext executionContext, ContextCallback callback, Object state)\n   at System.Net.Sockets.SocketAsyncEngine.System.Threading.IThreadPoolWorkItem.Execute()\n   at System.Threading.ThreadPoolWorkQueue.Dispatch()\n   at System.Threading.PortableThreadPool.WorkerThread.WorkerThreadStart()\n   at System.Threading.Thread.StartCallback()\n--- End of stack trace from previous location ---\n\n   --- End of inner exception stack trace ---\n   at System.Net.Security.SslStream.EnsureFullTlsFrameAsync[TIOAdapter](CancellationToken cancellationToken, Int32 estimatedSize)\n   at System.Runtime.CompilerServices.PoolingAsyncValueTaskMethodBuilder`1.StateMachineBox`1.System.Threading.Tasks.Sources.IValueTaskSource<TResult>.GetResult(Int16 token)\n   at System.Net.Security.SslStream.ReceiveHandshakeFrameAsync[TIOAdapter](CancellationToken cancellationToken)\n   at System.Net.Security.SslStream.ForceAuthenticationAsync[TIOAdapter](Boolean receiveFirst, Byte[] reAuthenticationData, CancellationToken cancellationToken)\n   at System.Net.Http.ConnectHelper.EstablishSslConnectionAsync(SslClientAuthenticationOptions sslOptions, HttpRequestMessage request, Boolean async, Stream stream, CancellationToken cancellationToken)\n   --- End of inner exception stack trace ---\n   at System.Net.Http.ConnectHelper.EstablishSslConnectionAsync(SslClientAuthenticationOptions sslOptions, HttpRequestMessage request, Boolean async, Stream stream, CancellationToken cancellationToken)\n   at System.Net.Http.HttpConnectionPool.ConnectAsync(HttpRequestMessage request, Boolean async, CancellationToken cancellationToken)\n   at System.Net.Http.HttpConnectionPool.CreateHttp11ConnectionAsync(HttpRequestMessage request, Boolean async, CancellationToken cancellationToken)\n   at System.Net.Http.HttpConnectionPool.InjectNewHttp11ConnectionAsync(QueueItem queueItem)\n   at System.Threading.Tasks.TaskCompletionSourceWithCancellation`1.WaitWithCancellationAsync(CancellationToken cancellationToken)\n   at System.Net.Http.HttpConnectionPool.SendWithVersionDetectionAndRetryAsync(HttpRequestMessage request, Boolean async, Boolean doRequestAuth, CancellationToken cancellationToken)\n   at System.Net.Http.DiagnosticsHandler.SendAsyncCore(HttpRequestMessage request, Boolean async, CancellationToken cancellationToken)\n   at System.Net.Http.RedirectHandler.SendAsync(HttpRequestMessage request, Boolean async, CancellationToken cancellationToken)\n   at Microsoft.Extensions.Http.Logging.LoggingHttpMessageHandler.<SendCoreAsync>g__Core|4_0(HttpRequestMessage request, Boolean useAsync, CancellationToken cancellationToken)\n   at Microsoft.Extensions.Http.Logging.LoggingScopeHttpMessageHandler.<SendCoreAsync>g__Core|4_0(HttpRequestMessage request, Boolean useAsync, CancellationToken cancellationToken)\n   at System.Net.Http.HttpClient.<SendAsync>g__Core|83_0(HttpRequestMessage request, HttpCompletionOption completionOption, CancellationTokenSource cts, Boolean disposeCts, CancellationTokenSource pendingRequestsCts, CancellationToken originalCancellationToken)\n   at Jellyfin.Plugin.JellyfinEnhanced.Services.TmdbResponseCache.FetchUpstreamAsync(String requestUri)\n   at Jellyfin.Plugin.JellyfinEnhanced.Controllers.JellyfinEnhancedController.ProxyTmdbRequest(String apiPath)
[2026-09-28 22:56:29] [INFO] Proxying Seerr request for user sam (69d94fa5-49af-48b3-9feb-cbfadd04de8a) to: https://req.ifeelsam.dev/api/v1/request?take=500&skip=0&filter=all
[2026-09-28 22:56:30] [ERROR] Failed to proxy TMDB request for 'movie/1659362'. Error: System.Net.Http.HttpRequestException: The SSL connection could not be established, see inner exception.\n ---> System.IO.IOException: Unable to read data from the transport connection: Connection reset by peer.\n ---> System.Net.Sockets.SocketException (104): Connection reset by peer\n   at System.Net.Sockets.Socket.AwaitableSocketAsyncEventArgs.CreateException(SocketError error, Boolean forAsyncThrow)\n   at System.Net.Sockets.NetworkStream.ReadAsync(Memory`1 buffer, CancellationToken cancellationToken)\n   at System.Net.Security.SslStream.EnsureFullTlsFrameAsync[TIOAdapter](CancellationToken cancellationToken, Int32 estimatedSize)\n   at System.Threading.ExecutionContext.RunInternal(ExecutionContext executionContext, ContextCallback callback, Object state)\n   at System.Net.Sockets.SocketAsyncEngine.System.Threading.IThreadPoolWorkItem.Execute()\n   at System.Threading.ThreadPoolWorkQueue.Dispatch()\n   at System.Threading.PortableThreadPool.WorkerThread.WorkerThreadStart()\n   at System.Threading.Thread.StartCallback()\n--- End of stack trace from previous location ---\n\n   --- End of inner exception stack trace ---\n   at System.Net.Security.SslStream.EnsureFullTlsFrameAsync[TIOAdapter](CancellationToken cancellationToken, Int32 estimatedSize)\n   at System.Runtime.CompilerServices.PoolingAsyncValueTaskMethodBuilder`1.StateMachineBox`1.System.Threading.Tasks.Sources.IValueTaskSource<TResult>.GetResult(Int16 token)\n   at System.Net.Security.SslStream.ReceiveHandshakeFrameAsync[TIOAdapter](CancellationToken cancellationToken)\n   at System.Net.Security.SslStream.ForceAuthenticationAsync[TIOAdapter](Boolean receiveFirst, Byte[] reAuthenticationData, CancellationToken cancellationToken)\n   at System.Net.Http.ConnectHelper.EstablishSslConnectionAsync(SslClientAuthenticationOptions sslOptions, HttpRequestMessage request, Boolean async, Stream stream, CancellationToken cancellationToken)\n   --- End of inner exception stack trace ---\n   at System.Net.Http.ConnectHelper.EstablishSslConnectionAsync(SslClientAuthenticationOptions sslOptions, HttpRequestMessage request, Boolean async, Stream stream, CancellationToken cancellationToken)\n   at System.Net.Http.HttpConnectionPool.ConnectAsync(HttpRequestMessage request, Boolean async, CancellationToken cancellationToken)\n   at System.Net.Http.HttpConnectionPool.CreateHttp11ConnectionAsync(HttpRequestMessage request, Boolean async, CancellationToken cancellationToken)\n   at System.Net.Http.HttpConnectionPool.InjectNewHttp11ConnectionAsync(QueueItem queueItem)\n   at System.Threading.Tasks.TaskCompletionSourceWithCancellation`1.WaitWithCancellationAsync(CancellationToken cancellationToken)\n   at System.Net.Http.HttpConnectionPool.SendWithVersionDetectionAndRetryAsync(HttpRequestMessage request, Boolean async, Boolean doRequestAuth, CancellationToken cancellationToken)\n   at System.Net.Http.DiagnosticsHandler.SendAsyncCore(HttpRequestMessage request, Boolean async, CancellationToken cancellationToken)\n   at System.Net.Http.RedirectHandler.SendAsync(HttpRequestMessage request, Boolean async, CancellationToken cancellationToken)\n   at Microsoft.Extensions.Http.Logging.LoggingHttpMessageHandler.<SendCoreAsync>g__Core|4_0(HttpRequestMessage request, Boolean useAsync, CancellationToken cancellationToken)\n   at Microsoft.Extensions.Http.Logging.LoggingScopeHttpMessageHandler.<SendCoreAsync>g__Core|4_0(HttpRequestMessage request, Boolean useAsync, CancellationToken cancellationToken)\n   at System.Net.Http.HttpClient.<SendAsync>g__Core|83_0(HttpRequestMessage request, HttpCompletionOption completionOption, CancellationTokenSource cts, Boolean disposeCts, CancellationTokenSource pendingRequestsCts, CancellationToken originalCancellationToken)\n   at Jellyfin.Plugin.JellyfinEnhanced.Services.TmdbResponseCache.FetchUpstreamAsync(String requestUri)\n   at Jellyfin.Plugin.JellyfinEnhanced.Controllers.JellyfinEnhancedController.ProxyTmdbRequest(String apiPath)
[2026-09-28 22:57:29] [INFO] Jellyfin Enhanced: injected the client script via request-time middleware (IStartupFilter).
[2026-09-28 22:59:55] [INFO] [TagCache] Saved 106 entries to disk
[2026-09-28 23:54:45] [INFO] [Jellyseerr User Import] Auto-import is disabled in plugin configuration.
