[2026-09-21 00:00:00.011 +00:00] [INF] [70] IntroSkipper.ScheduledTasks.DetectSegmentsTask: Scheduled Task is starting
[2026-09-21 00:00:00.056 +00:00] [INF] [70] IntroSkipper.Manager.QueueManager: Running enqueue of items in library "Shows"
[2026-09-21 00:00:00.278 +00:00] [INF] [70] IntroSkipper.Manager.QueueManager: Running enqueue of items in library "Movies"
[2026-09-21 00:00:00.367 +00:00] [INF] [70] IntroSkipper.Manager.QueueManager: Running enqueue of items in library "Collections"
[2026-09-21 00:00:00.670 +00:00] [INF] [70] Emby.Server.Implementations.ScheduledTasks.TaskManager: "Detect and Analyze Media Segments" Completed after 0 minute(s) and 0 seconds
[2026-09-21 00:00:01.014 +00:00] [INF] [70] Emby.Server.Implementations.ScheduledTasks.TaskManager: Daily trigger for "Detect and Analyze Media Segments" set to fire at 2026-09-22 00:00:00.000 +00:00, which is 23:59:58.9853650 from now.
[2026-09-21 01:00:00.255 +00:00] [INF] [11] SkipMe.Db.Plugin.Tasks.SyncSegmentsTask: Starting SkipMe.db sync for 31 movie(s) and 31 episode(s)
[2026-09-21 01:00:00.271 +00:00] [INF] [11] SkipMe.Db.Plugin.Tasks.SyncSegmentsTask: Querying SkipMe.db with 31 unique uncached movie/episode fallback lookup(s) and 2 unique uncached show lookup(s)
[2026-09-21 01:00:01.007 +00:00] [INF] [11] Emby.Server.Implementations.ScheduledTasks.TaskManager: Daily trigger for "Sync SkipMe.db Segment Database" set to fire at 2026-09-22 01:00:00.000 +00:00, which is 23:59:58.9928520 from now.
[2026-09-21 01:00:14.845 +00:00] [INF] [51] SkipMe.Db.Plugin.Services.SegmentStore: Saved segments for 33 item(s) to segment database
[2026-09-21 01:00:14.847 +00:00] [INF] [51] SkipMe.Db.Plugin.Tasks.SyncSegmentsTask: SkipMe.db sync complete. Stored segments for 33 of 62 item(s).
[2026-09-21 01:00:14.848 +00:00] [INF] [51] SkipMe.Db.Plugin.Tasks.SyncSegmentsTask: Queuing Jellyfin media segment scan ('"TaskExtractMediaSegments"')
[2026-09-21 01:00:14.849 +00:00] [INF] [51] Emby.Server.Implementations.ScheduledTasks.TaskManager: "Sync SkipMe.db Segment Database" Completed after 0 minute(s) and 14 seconds
[2026-09-21 01:00:15.117 +00:00] [INF] [51] Jellyfin.Server.Implementations.MediaSegments.MediaSegmentManager: Media Segment provider "SkipMe.db" found 2 for "/data/movies/tv/NCIS/NCIS.S01E02.Hung.Out.to.Dry.1080p.WEB-DL.AAC.AVC-NA.mkv"
[2026-09-21 01:00:15.141 +00:00] [INF] [51] Jellyfin.Server.Implementations.MediaSegments.MediaSegmentManager: Media Segment provider "SkipMe.db" found 2 for "/data/movies/tv/NCIS/NCIS.S01E07.Sub.Rosa.1080p.WEB-DL.AAC.AVC-NA.mkv"
[2026-09-21 01:00:15.146 +00:00] [INF] [51] Jellyfin.Server.Implementations.MediaSegments.MediaSegmentManager: Media Segment provider "SkipMe.db" found 2 for "/data/movies/tv/NCIS/NCIS.S01E09.Marine.Down.1080p.WEB-DL.AAC.AVC-NA.mkv"
[2026-09-21 01:00:15.148 +00:00] [INF] [51] Jellyfin.Server.Implementations.MediaSegments.MediaSegmentManager: Media Segment provider "SkipMe.db" found 2 for "/data/movies/tv/NCIS/NCIS.S01E10.Left.for.Dead.1080p.WEB-DL.AAC.AVC-NA.mkv"
[2026-09-21 01:00:15.150 +00:00] [INF] [51] Jellyfin.Server.Implementations.MediaSegments.MediaSegmentManager: Media Segment provider "SkipMe.db" found 2 for "/data/movies/tv/NCIS/NCIS.S01E11.Eye.Spy.1080p.WEB-DL.AAC.AVC-NA.mkv"
[2026-09-21 01:00:15.154 +00:00] [INF] [51] Jellyfin.Server.Implementations.MediaSegments.MediaSegmentManager: Media Segment provider "SkipMe.db" found 2 for "/data/movies/tv/NCIS/NCIS.S01E13.One.Shot.One.Kill.1080p.WEB-DL.AAC.AVC-NA.mkv"
[2026-09-21 01:00:15.159 +00:00] [INF] [51] Jellyfin.Server.Implementations.MediaSegments.MediaSegmentManager: Media Segment provider "SkipMe.db" found 2 for "/data/movies/tv/NCIS/NCIS.S01E14.The.Good.Samaritan.1080p.WEB-DL.AAC.AVC-NA.mkv"
[2026-09-21 01:00:15.161 +00:00] [INF] [51] Jellyfin.Server.Implementations.MediaSegments.MediaSegmentManager: Media Segment provider "SkipMe.db" found 2 for "/data/movies/tv/NCIS/NCIS.S01E15.Enigma.1080p.WEB-DL.AAC.AVC-NA.mkv"
[2026-09-21 01:00:15.164 +00:00] [INF] [51] Jellyfin.Server.Implementations.MediaSegments.MediaSegmentManager: Media Segment provider "SkipMe.db" found 2 for "/data/movies/tv/NCIS/NCIS.S01E16.Bete.Noir.1080p.WEB-DL.AAC.AVC-NA.mkv"
[2026-09-21 01:00:15.166 +00:00] [INF] [51] Jellyfin.Server.Implementations.MediaSegments.MediaSegmentManager: Media Segment provider "SkipMe.db" found 2 for "/data/movies/tv/NCIS/NCIS.S01E17.The.Truth.Is.Out.There.1080p.WEB-DL.AAC.AVC-NA.mkv"
[2026-09-21 01:00:15.168 +00:00] [INF] [51] Jellyfin.Server.Implementations.MediaSegments.MediaSegmentManager: Media Segment provider "SkipMe.db" found 2 for "/data/movies/tv/NCIS/NCIS.S01E18.UnSEALed.1080p.WEB-DL.AAC.AVC-NA.mkv"
[2026-09-21 01:00:15.171 +00:00] [INF] [51] Jellyfin.Server.Implementations.MediaSegments.MediaSegmentManager: Media Segment provider "SkipMe.db" found 2 for "/data/movies/tv/NCIS/NCIS.S01E19.Dead.Man.Talking.1080p.WEB-DL.AAC.AVC-NA.mkv"
[2026-09-21 01:00:15.173 +00:00] [INF] [51] Jellyfin.Server.Implementations.MediaSegments.MediaSegmentManager: Media Segment provider "SkipMe.db" found 2 for "/data/movies/tv/NCIS/NCIS.S01E20.Missing.1080p.WEB-DL.AAC.AVC-NA.mkv"
[2026-09-21 01:00:15.175 +00:00] [INF] [51] Jellyfin.Server.Implementations.MediaSegments.MediaSegmentManager: Media Segment provider "SkipMe.db" found 2 for "/data/movies/tv/NCIS/NCIS.S01E21.Split.Decision.1080p.WEB-DL.AAC.AVC-NA.mkv"
[2026-09-21 01:00:15.177 +00:00] [INF] [51] Jellyfin.Server.Implementations.MediaSegments.MediaSegmentManager: Media Segment provider "SkipMe.db" found 2 for "/data/movies/tv/NCIS/NCIS.S01E22.A.Weak.Link.1080p.WEB-DL.AAC.AVC-NA.mkv"
[2026-09-21 01:00:15.180 +00:00] [INF] [51] Jellyfin.Server.Implementations.MediaSegments.MediaSegmentManager: Media Segment provider "SkipMe.db" found 2 for "/data/movies/tv/NCIS/NCIS.S01E23.Reveille.1080p.WEB-DL.AAC.AVC-NA.mkv"
[2026-09-21 01:00:15.182 +00:00] [INF] [51] Jellyfin.Server.Implementations.MediaSegments.MediaSegmentManager: Media Segment provider "SkipMe.db" found 2 for "/data/movies/tv/The Gentlemen/Season 2/The.Gentlemen.S02E01.The.Road.To.Kingdom.1080p.NF.WEB-DL.DDP5.1.ENG.Atmos.ITA.H265-TBK.mkv"
[2026-09-21 01:00:15.184 +00:00] [INF] [51] Jellyfin.Server.Implementations.MediaSegments.MediaSegmentManager: Media Segment provider "SkipMe.db" found 1 for "/data/movies/tv/The Gentlemen/Season 2/The.Gentlemen.S02E02.Theres.A.Rat.In.The.Kitchen.1080p.NF.WEB-DL.DDP5.1.ENG.Atmos.ITA.H265-TBK.mkv"
[2026-09-21 01:00:15.186 +00:00] [INF] [51] Jellyfin.Server.Implementations.MediaSegments.MediaSegmentManager: Media Segment provider "SkipMe.db" found 2 for "/data/movies/tv/The Gentlemen/Season 2/The.Gentlemen.S02E03.Do.You.Reject.Satan.1080p.NF.WEB-DL.DDP5.1.ENG.Atmos.ITA.H265-TBK.mkv"
[2026-09-21 01:00:15.188 +00:00] [INF] [51] Jellyfin.Server.Implementations.MediaSegments.MediaSegmentManager: Media Segment provider "SkipMe.db" found 2 for "/data/movies/tv/The Gentlemen/Season 2/The.Gentlemen.S02E04.The.Bigger.Picture.1080p.NF.WEB-DL.DDP5.1.ENG.Atmos.ITA.H265-TBK.mkv"
[2026-09-21 01:00:15.191 +00:00] [INF] [51] Jellyfin.Server.Implementations.MediaSegments.MediaSegmentManager: Media Segment provider "SkipMe.db" found 3 for "/data/movies/tv/The Gentlemen/Season 2/The.Gentlemen.S02E05.A.Suburban.A-Road.On.The.Outskirts.Of.Basingstoke.1080p.NF.WEB-DL.DDP5.1.ENG.Atmos.ITA.H265-TBK.mkv"
[2026-09-21 01:00:15.193 +00:00] [INF] [51] Jellyfin.Server.Implementations.MediaSegments.MediaSegmentManager: Media Segment provider "SkipMe.db" found 1 for "/data/movies/tv/The Gentlemen/Season 2/The.Gentlemen.S02E06.The.Bells.Of.San.Domenico.1080p.NF.WEB-DL.DDP5.1.ENG.Atmos.ITA.H265-TBK.mkv"
[2026-09-21 01:00:15.195 +00:00] [INF] [51] Jellyfin.Server.Implementations.MediaSegments.MediaSegmentManager: Media Segment provider "SkipMe.db" found 2 for "/data/movies/tv/The Gentlemen/Season 2/The.Gentlemen.S02E07.This.Mad.Circus.1080p.NF.WEB-DL.DDP5.1.ENG.Atmos.ITA.H265-TBK.mkv"
[2026-09-21 01:00:15.198 +00:00] [INF] [51] Jellyfin.Server.Implementations.MediaSegments.MediaSegmentManager: Media Segment provider "SkipMe.db" found 1 for "/data/movies/tv/The Gentlemen/Season 2/The.Gentlemen.S02E08.Bring.Me.The.Head.1080p.NF.WEB-DL.DDP5.1.ENG.Atmos.ITA.H265-TBK.mkv"
[2026-09-21 01:00:15.201 +00:00] [INF] [51] Jellyfin.Server.Implementations.MediaSegments.MediaSegmentManager: Media Segment provider "SkipMe.db" found 1 for "/data/movies/movie/Dark Phoenix (2019).mp4"
[2026-09-21 01:00:15.203 +00:00] [INF] [51] Jellyfin.Server.Implementations.MediaSegments.MediaSegmentManager: Media Segment provider "SkipMe.db" found 1 for "/data/movies/movie/Demon-slayer-kimetsu-no-yaiba-infinity-castle-2025.mkv"
[2026-09-21 01:00:15.217 +00:00] [INF] [51] Jellyfin.Server.Implementations.MediaSegments.MediaSegmentManager: Media Segment provider "SkipMe.db" found 1 for "/data/movies/movie/John Wick Chapter 4 (2023)/John.Wick.Chapter.4.2023.2160p.10bit.HDR.DV.BluRay.8CH.x265.HEVC-PSA.mkv"
[2026-09-21 01:00:15.222 +00:00] [INF] [51] Jellyfin.Server.Implementations.MediaSegments.MediaSegmentManager: Media Segment provider "SkipMe.db" found 1 for "/data/movies/movie/Ju on The Curse 2000.mp4"
[2026-09-21 01:00:15.225 +00:00] [INF] [51] Jellyfin.Server.Implementations.MediaSegments.MediaSegmentManager: Media Segment provider "SkipMe.db" found 1 for "/data/movies/movie/Ju on The Grudge 2002.mp4"
[2026-09-21 01:00:15.228 +00:00] [INF] [51] Jellyfin.Server.Implementations.MediaSegments.MediaSegmentManager: Media Segment provider "SkipMe.db" found 1 for "/data/movies/movie/Logan (2017)/Logan (2017).mp4"
[2026-09-21 01:00:15.237 +00:00] [INF] [51] Jellyfin.Server.Implementations.MediaSegments.MediaSegmentManager: Media Segment provider "SkipMe.db" found 1 for "/data/movies/movie/shelby-oaks-2024.mkv"
[2026-09-21 01:00:15.239 +00:00] [INF] [51] Jellyfin.Server.Implementations.MediaSegments.MediaSegmentManager: Media Segment provider "SkipMe.db" found 1 for "/data/movies/movie/sherlock-holmes-2009.mkv"
[2026-09-21 01:00:15.246 +00:00] [INF] [51] Jellyfin.Server.Implementations.MediaSegments.MediaSegmentManager: Media Segment provider "SkipMe.db" found 1 for "/data/movies/movie/X-Men - First Class (2011)/X-Men - First Class (2011).mp4"
[2026-09-21 01:00:15.248 +00:00] [INF] [51] Emby.Server.Implementations.ScheduledTasks.TaskManager: "Media Segment Scan" Completed after 0 minute(s) and 0 seconds
[2026-09-21 02:00:00.823 +00:00] [INF] [8] Emby.Server.Implementations.ScheduledTasks.TaskManager: "Extract Chapter Images" Completed after 0 minute(s) and 0 seconds
[2026-09-21 02:00:01.009 +00:00] [INF] [45] Emby.Server.Implementations.ScheduledTasks.TaskManager: Daily trigger for "Extract Chapter Images" set to fire at 2026-09-22 02:00:00.000 +00:00, which is 23:59:58.9906491 from now.
[2026-09-21 02:36:42.775 +00:00] [INF] [64] Emby.Server.Implementations.ScheduledTasks.Tasks.OptimizeDatabaseTask: Vacuuming and analyzing jellyfin.db...
[2026-09-21 02:36:43.530 +00:00] [INF] [64] Jellyfin.Database.Providers.Sqlite.SqliteDatabaseProvider: jellyfin.db optimized successfully!
[2026-09-21 02:36:43.530 +00:00] [INF] [64] Emby.Server.Implementations.ScheduledTasks.TaskManager: "Optimize database" Completed after 0 minute(s) and 0 seconds
[2026-09-21 03:00:01.019 +00:00] [INF] [28] Emby.Server.Implementations.ScheduledTasks.TaskManager: Daily trigger for "Generate Trickplay Images" set to fire at 2026-09-22 03:00:00.000 +00:00, which is 23:59:58.9806164 from now.
[2026-09-21 03:00:11.116 +00:00] [INF] [56] Emby.Server.Implementations.ScheduledTasks.TaskManager: "Generate Trickplay Images" Completed after 0 minute(s) and 11 seconds
[2026-09-21 07:16:27.662 +00:00] [INF] [77] Emby.Server.Implementations.HttpServer.WebSocketManager: WS "::ffff:10.0.7.1" request
[2026-09-21 07:17:24.778 +00:00] [INF] [71] Emby.Server.Implementations.HttpServer.WebSocketManager: WS "::ffff:10.0.7.1" closed
