(W) 2026-09-19T22:27:09 - File error alert. Torrent: "Ghost.in.the.Cell.2026.2160p.NF.WEB-DL.DDP5.1.H.265-PandaQT SDR 4K UHD GoodFilms". File: "/downloads/【高清影视之家发布 www.HDBTHD.com】牢笼鬼魂[无字片源].Ghost.in.the.Cell.2026.2160p.NF.WEB-DL.DDP5.1.H.265-PandaQT/Ghost.in.the.Cell.2026.2160p.NF.WEB-DL.DDP5.1.H.265-PandaQT.mkv". Reason: "【高清影视之家发布 www.HDBTHD.com】牢笼鬼魂[无字片源].Ghost.in.the.Cell.2026.2160p.NF.WEB-DL.DDP5.1.H.265-PandaQT file_open (/downloads/【高清影视之家发布 www.HDBTHD.com】牢笼鬼魂[无字片源].Ghost.in.the.Cell.2026.2160p.NF.WEB-DL.DDP5.1.H.265-PandaQT/Ghost.in.the.Cell.2026.2160p.NF.WEB-DL.DDP5.1.H.265-PandaQT.mkv) error: No such file or directory"
(W) 2026-09-19T22:27:20 - File error alert. Torrent: "Ghost.in.the.Cell.2026.2160p.NF.WEB-DL.DDP5.1.H.265-PandaQT SDR 4K UHD GoodFilms". File: "/downloads/【高清影视之家发布 www.HDBTHD.com】牢笼鬼魂[无字片源].Ghost.in.the.Cell.2026.2160p.NF.WEB-DL.DDP5.1.H.265-PandaQT/Ghost.in.the.Cell.2026.2160p.NF.WEB-DL.DDP5.1.H.265-PandaQT.mkv". Reason: "【高清影视之家发布 www.HDBTHD.com】牢笼鬼魂[无字片源].Ghost.in.the.Cell.2026.2160p.NF.WEB-DL.DDP5.1.H.265-PandaQT file_open (/downloads/【高清影视之家发布 www.HDBTHD.com】牢笼鬼魂[无字片源].Ghost.in.the.Cell.2026.2160p.NF.WEB-DL.DDP5.1.H.265-PandaQT/Ghost.in.the.Cell.2026.2160p.NF.WEB-DL.DDP5.1.H.265-PandaQT.mkv) error: No such file or directory"
(W) 2026-09-19T22:27:21 - File error alert. Torrent: "Ghost.in.the.Cell.2026.2160p.NF.WEB-DL.DDP5.1.H.265-PandaQT SDR 4K UHD GoodFilms". File: "/downloads/【高清影视之家发布 www.HDBTHD.com】牢笼鬼魂[无字片源].Ghost.in.the.Cell.2026.2160p.NF.WEB-DL.DDP5.1.H.265-PandaQT/Ghost.in.the.Cell.2026.2160p.NF.WEB-DL.DDP5.1.H.265-PandaQT.mkv". Reason: "【高清影视之家发布 www.HDBTHD.com】牢笼鬼魂[无字片源].Ghost.in.the.Cell.2026.2160p.NF.WEB-DL.DDP5.1.H.265-PandaQT file_open (/downloads/【高清影视之家发布 www.HDBTHD.com】牢笼鬼魂[无字片源].Ghost.in.the.Cell.2026.2160p.NF.WEB-DL.DDP5.1.H.265-PandaQT/Ghost.in.the.Cell.2026.2160p.NF.WEB-DL.DDP5.1.H.265-PandaQT.mkv) error: No such file or directory"
(W) 2026-09-19T22:27:23 - File error alert. Torrent: "Ghost.in.the.Cell.2026.2160p.NF.WEB-DL.DDP5.1.H.265-PandaQT SDR 4K UHD GoodFilms". File: "/downloads/【高清影视之家发布 www.HDBTHD.com】牢笼鬼魂[无字片源].Ghost.in.the.Cell.2026.2160p.NF.WEB-DL.DDP5.1.H.265-PandaQT/Ghost.in.the.Cell.2026.2160p.NF.WEB-DL.DDP5.1.H.265-PandaQT.mkv". Reason: "【高清影视之家发布 www.HDBTHD.com】牢笼鬼魂[无字片源].Ghost.in.the.Cell.2026.2160p.NF.WEB-DL.DDP5.1.H.265-PandaQT file_open (/downloads/【高清影视之家发布 www.HDBTHD.com】牢笼鬼魂[无字片源].Ghost.in.the.Cell.2026.2160p.NF.WEB-DL.DDP5.1.H.265-PandaQT/Ghost.in.the.Cell.2026.2160p.NF.WEB-DL.DDP5.1.H.265-PandaQT.mkv) error: No such file or directory"
(W) 2026-09-19T22:27:26 - File error alert. Torrent: "Ghost.in.the.Cell.2026.2160p.NF.WEB-DL.DDP5.1.H.265-PandaQT SDR 4K UHD GoodFilms". File: "/downloads/【高清影视之家发布 www.HDBTHD.com】牢笼鬼魂[无字片源].Ghost.in.the.Cell.2026.2160p.NF.WEB-DL.DDP5.1.H.265-PandaQT/Ghost.in.the.Cell.2026.2160p.NF.WEB-DL.DDP5.1.H.265-PandaQT.mkv". Reason: "【高清影视之家发布 www.HDBTHD.com】牢笼鬼魂[无字片源].Ghost.in.the.Cell.2026.2160p.NF.WEB-DL.DDP5.1.H.265-PandaQT file_open (/downloads/【高清影视之家发布 www.HDBTHD.com】牢笼鬼魂[无字片源].Ghost.in.the.Cell.2026.2160p.NF.WEB-DL.DDP5.1.H.265-PandaQT/Ghost.in.the.Cell.2026.2160p.NF.WEB-DL.DDP5.1.H.265-PandaQT.mkv) error: No such file or directory"
(W) 2026-09-19T22:27:33 - File error alert. Torrent: "Ghost.in.the.Cell.2026.2160p.NF.WEB-DL.DDP5.1.H.265-PandaQT SDR 4K UHD GoodFilms". File: "/downloads/【高清影视之家发布 www.HDBTHD.com】牢笼鬼魂[无字片源].Ghost.in.the.Cell.2026.2160p.NF.WEB-DL.DDP5.1.H.265-PandaQT/Ghost.in.the.Cell.2026.2160p.NF.WEB-DL.DDP5.1.H.265-PandaQT.mkv". Reason: "【高清影视之家发布 www.HDBTHD.com】牢笼鬼魂[无字片源].Ghost.in.the.Cell.2026.2160p.NF.WEB-DL.DDP5.1.H.265-PandaQT file_open (/downloads/【高清影视之家发布 www.HDBTHD.com】牢笼鬼魂[无字片源].Ghost.in.the.Cell.2026.2160p.NF.WEB-DL.DDP5.1.H.265-PandaQT/Ghost.in.the.Cell.2026.2160p.NF.WEB-DL.DDP5.1.H.265-PandaQT.mkv) error: No such file or directory"
(W) 2026-09-19T22:27:38 - File error alert. Torrent: "Ghost.in.the.Cell.2026.2160p.NF.WEB-DL.DDP5.1.H.265-PandaQT SDR 4K UHD GoodFilms". File: "/downloads/【高清影视之家发布 www.HDBTHD.com】牢笼鬼魂[无字片源].Ghost.in.the.Cell.2026.2160p.NF.WEB-DL.DDP5.1.H.265-PandaQT/Ghost.in.the.Cell.2026.2160p.NF.WEB-DL.DDP5.1.H.265-PandaQT.mkv". Reason: "【高清影视之家发布 www.HDBTHD.com】牢笼鬼魂[无字片源].Ghost.in.the.Cell.2026.2160p.NF.WEB-DL.DDP5.1.H.265-PandaQT file_open (/downloads/【高清影视之家发布 www.HDBTHD.com】牢笼鬼魂[无字片源].Ghost.in.the.Cell.2026.2160p.NF.WEB-DL.DDP5.1.H.265-PandaQT/Ghost.in.the.Cell.2026.2160p.NF.WEB-DL.DDP5.1.H.265-PandaQT.mkv) error: No such file or directory"
(W) 2026-09-19T22:27:41 - File error alert. Torrent: "Ghost.in.the.Cell.2026.2160p.NF.WEB-DL.DDP5.1.H.265-PandaQT SDR 4K UHD GoodFilms". File: "/downloads/【高清影视之家发布 www.HDBTHD.com】牢笼鬼魂[无字片源].Ghost.in.the.Cell.2026.2160p.NF.WEB-DL.DDP5.1.H.265-PandaQT/Ghost.in.the.Cell.2026.2160p.NF.WEB-DL.DDP5.1.H.265-PandaQT.mkv". Reason: "【高清影视之家发布 www.HDBTHD.com】牢笼鬼魂[无字片源].Ghost.in.the.Cell.2026.2160p.NF.WEB-DL.DDP5.1.H.265-PandaQT file_open (/downloads/【高清影视之家发布 www.HDBTHD.com】牢笼鬼魂[无字片源].Ghost.in.the.Cell.2026.2160p.NF.WEB-DL.DDP5.1.H.265-PandaQT/Ghost.in.the.Cell.2026.2160p.NF.WEB-DL.DDP5.1.H.265-PandaQT.mkv) error: No such file or directory"
(W) 2026-09-19T22:27:45 - File error alert. Torrent: "Ghost.in.the.Cell.2026.2160p.NF.WEB-DL.DDP5.1.H.265-PandaQT SDR 4K UHD GoodFilms". File: "/downloads/【高清影视之家发布 www.HDBTHD.com】牢笼鬼魂[无字片源].Ghost.in.the.Cell.2026.2160p.NF.WEB-DL.DDP5.1.H.265-PandaQT/Ghost.in.the.Cell.2026.2160p.NF.WEB-DL.DDP5.1.H.265-PandaQT.mkv". Reason: "【高清影视之家发布 www.HDBTHD.com】牢笼鬼魂[无字片源].Ghost.in.the.Cell.2026.2160p.NF.WEB-DL.DDP5.1.H.265-PandaQT file_open (/downloads/【高清影视之家发布 www.HDBTHD.com】牢笼鬼魂[无字片源].Ghost.in.the.Cell.2026.2160p.NF.WEB-DL.DDP5.1.H.265-PandaQT/Ghost.in.the.Cell.2026.2160p.NF.WEB-DL.DDP5.1.H.265-PandaQT.mkv) error: No such file or directory"
(W) 2026-09-19T22:27:49 - File error alert. Torrent: "Ghost.in.the.Cell.2026.2160p.NF.WEB-DL.DDP5.1.H.265-PandaQT SDR 4K UHD GoodFilms". File: "/downloads/【高清影视之家发布 www.HDBTHD.com】牢笼鬼魂[无字片源].Ghost.in.the.Cell.2026.2160p.NF.WEB-DL.DDP5.1.H.265-PandaQT/Ghost.in.the.Cell.2026.2160p.NF.WEB-DL.DDP5.1.H.265-PandaQT.mkv". Reason: "【高清影视之家发布 www.HDBTHD.com】牢笼鬼魂[无字片源].Ghost.in.the.Cell.2026.2160p.NF.WEB-DL.DDP5.1.H.265-PandaQT file_open (/downloads/【高清影视之家发布 www.HDBTHD.com】牢笼鬼魂[无字片源].Ghost.in.the.Cell.2026.2160p.NF.WEB-DL.DDP5.1.H.265-PandaQT/Ghost.in.the.Cell.2026.2160p.NF.WEB-DL.DDP5.1.H.265-PandaQT.mkv) error: No such file or directory"
(W) 2026-09-19T22:28:23 - File error alert. Torrent: "Ghost.in.the.Cell.2026.2160p.NF.WEB-DL.DDP5.1.H.265-PandaQT SDR 4K UHD GoodFilms". File: "/downloads/【高清影视之家发布 www.HDBTHD.com】牢笼鬼魂[无字片源].Ghost.in.the.Cell.2026.2160p.NF.WEB-DL.DDP5.1.H.265-PandaQT/Ghost.in.the.Cell.2026.2160p.NF.WEB-DL.DDP5.1.H.265-PandaQT.mkv". Reason: "【高清影视之家发布 www.HDBTHD.com】牢笼鬼魂[无字片源].Ghost.in.the.Cell.2026.2160p.NF.WEB-DL.DDP5.1.H.265-PandaQT file_open (/downloads/【高清影视之家发布 www.HDBTHD.com】牢笼鬼魂[无字片源].Ghost.in.the.Cell.2026.2160p.NF.WEB-DL.DDP5.1.H.265-PandaQT/Ghost.in.the.Cell.2026.2160p.NF.WEB-DL.DDP5.1.H.265-PandaQT.mkv) error: No such file or directory"
(W) 2026-09-19T22:28:31 - File error alert. Torrent: "Ghost.in.the.Cell.2026.2160p.NF.WEB-DL.DDP5.1.H.265-PandaQT SDR 4K UHD GoodFilms". File: "/downloads/【高清影视之家发布 www.HDBTHD.com】牢笼鬼魂[无字片源].Ghost.in.the.Cell.2026.2160p.NF.WEB-DL.DDP5.1.H.265-PandaQT/Ghost.in.the.Cell.2026.2160p.NF.WEB-DL.DDP5.1.H.265-PandaQT.mkv". Reason: "【高清影视之家发布 www.HDBTHD.com】牢笼鬼魂[无字片源].Ghost.in.the.Cell.2026.2160p.NF.WEB-DL.DDP5.1.H.265-PandaQT file_open (/downloads/【高清影视之家发布 www.HDBTHD.com】牢笼鬼魂[无字片源].Ghost.in.the.Cell.2026.2160p.NF.WEB-DL.DDP5.1.H.265-PandaQT/Ghost.in.the.Cell.2026.2160p.NF.WEB-DL.DDP5.1.H.265-PandaQT.mkv) error: No such file or directory"
(W) 2026-09-19T22:28:36 - File error alert. Torrent: "Ghost.in.the.Cell.2026.2160p.NF.WEB-DL.DDP5.1.H.265-PandaQT SDR 4K UHD GoodFilms". File: "/downloads/【高清影视之家发布 www.HDBTHD.com】牢笼鬼魂[无字片源].Ghost.in.the.Cell.2026.2160p.NF.WEB-DL.DDP5.1.H.265-PandaQT/Ghost.in.the.Cell.2026.2160p.NF.WEB-DL.DDP5.1.H.265-PandaQT.mkv". Reason: "【高清影视之家发布 www.HDBTHD.com】牢笼鬼魂[无字片源].Ghost.in.the.Cell.2026.2160p.NF.WEB-DL.DDP5.1.H.265-PandaQT file_open (/downloads/【高清影视之家发布 www.HDBTHD.com】牢笼鬼魂[无字片源].Ghost.in.the.Cell.2026.2160p.NF.WEB-DL.DDP5.1.H.265-PandaQT/Ghost.in.the.Cell.2026.2160p.NF.WEB-DL.DDP5.1.H.265-PandaQT.mkv) error: No such file or directory"
(W) 2026-09-19T22:28:40 - File error alert. Torrent: "Ghost.in.the.Cell.2026.2160p.NF.WEB-DL.DDP5.1.H.265-PandaQT SDR 4K UHD GoodFilms". File: "/downloads/【高清影视之家发布 www.HDBTHD.com】牢笼鬼魂[无字片源].Ghost.in.the.Cell.2026.2160p.NF.WEB-DL.DDP5.1.H.265-PandaQT/Ghost.in.the.Cell.2026.2160p.NF.WEB-DL.DDP5.1.H.265-PandaQT.mkv". Reason: "【高清影视之家发布 www.HDBTHD.com】牢笼鬼魂[无字片源].Ghost.in.the.Cell.2026.2160p.NF.WEB-DL.DDP5.1.H.265-PandaQT file_open (/downloads/【高清影视之家发布 www.HDBTHD.com】牢笼鬼魂[无字片源].Ghost.in.the.Cell.2026.2160p.NF.WEB-DL.DDP5.1.H.265-PandaQT/Ghost.in.the.Cell.2026.2160p.NF.WEB-DL.DDP5.1.H.265-PandaQT.mkv) error: No such file or directory"
(W) 2026-09-19T22:28:45 - File error alert. Torrent: "Ghost.in.the.Cell.2026.2160p.NF.WEB-DL.DDP5.1.H.265-PandaQT SDR 4K UHD GoodFilms". File: "/downloads/【高清影视之家发布 www.HDBTHD.com】牢笼鬼魂[无字片源].Ghost.in.the.Cell.2026.2160p.NF.WEB-DL.DDP5.1.H.265-PandaQT/Ghost.in.the.Cell.2026.2160p.NF.WEB-DL.DDP5.1.H.265-PandaQT.mkv". Reason: "【高清影视之家发布 www.HDBTHD.com】牢笼鬼魂[无字片源].Ghost.in.the.Cell.2026.2160p.NF.WEB-DL.DDP5.1.H.265-PandaQT file_open (/downloads/【高清影视之家发布 www.HDBTHD.com】牢笼鬼魂[无字片源].Ghost.in.the.Cell.2026.2160p.NF.WEB-DL.DDP5.1.H.265-PandaQT/Ghost.in.the.Cell.2026.2160p.NF.WEB-DL.DDP5.1.H.265-PandaQT.mkv) error: No such file or directory"
(W) 2026-09-19T22:28:48 - File error alert. Torrent: "Ghost.in.the.Cell.2026.2160p.NF.WEB-DL.DDP5.1.H.265-PandaQT SDR 4K UHD GoodFilms". File: "/downloads/【高清影视之家发布 www.HDBTHD.com】牢笼鬼魂[无字片源].Ghost.in.the.Cell.2026.2160p.NF.WEB-DL.DDP5.1.H.265-PandaQT/Ghost.in.the.Cell.2026.2160p.NF.WEB-DL.DDP5.1.H.265-PandaQT.mkv". Reason: "【高清影视之家发布 www.HDBTHD.com】牢笼鬼魂[无字片源].Ghost.in.the.Cell.2026.2160p.NF.WEB-DL.DDP5.1.H.265-PandaQT file_open (/downloads/【高清影视之家发布 www.HDBTHD.com】牢笼鬼魂[无字片源].Ghost.in.the.Cell.2026.2160p.NF.WEB-DL.DDP5.1.H.265-PandaQT/Ghost.in.the.Cell.2026.2160p.NF.WEB-DL.DDP5.1.H.265-PandaQT.mkv) error: No such file or directory"
(W) 2026-09-19T22:28:53 - File error alert. Torrent: "Ghost.in.the.Cell.2026.2160p.NF.WEB-DL.DDP5.1.H.265-PandaQT SDR 4K UHD GoodFilms". File: "/downloads/【高清影视之家发布 www.HDBTHD.com】牢笼鬼魂[无字片源].Ghost.in.the.Cell.2026.2160p.NF.WEB-DL.DDP5.1.H.265-PandaQT/Ghost.in.the.Cell.2026.2160p.NF.WEB-DL.DDP5.1.H.265-PandaQT.mkv". Reason: "【高清影视之家发布 www.HDBTHD.com】牢笼鬼魂[无字片源].Ghost.in.the.Cell.2026.2160p.NF.WEB-DL.DDP5.1.H.265-PandaQT file_open (/downloads/【高清影视之家发布 www.HDBTHD.com】牢笼鬼魂[无字片源].Ghost.in.the.Cell.2026.2160p.NF.WEB-DL.DDP5.1.H.265-PandaQT/Ghost.in.the.Cell.2026.2160p.NF.WEB-DL.DDP5.1.H.265-PandaQT.mkv) error: No such file or directory"
(W) 2026-09-19T22:29:00 - File error alert. Torrent: "Ghost.in.the.Cell.2026.2160p.NF.WEB-DL.DDP5.1.H.265-PandaQT SDR 4K UHD GoodFilms". File: "/downloads/【高清影视之家发布 www.HDBTHD.com】牢笼鬼魂[无字片源].Ghost.in.the.Cell.2026.2160p.NF.WEB-DL.DDP5.1.H.265-PandaQT/Ghost.in.the.Cell.2026.2160p.NF.WEB-DL.DDP5.1.H.265-PandaQT.mkv". Reason: "【高清影视之家发布 www.HDBTHD.com】牢笼鬼魂[无字片源].Ghost.in.the.Cell.2026.2160p.NF.WEB-DL.DDP5.1.H.265-PandaQT file_open (/downloads/【高清影视之家发布 www.HDBTHD.com】牢笼鬼魂[无字片源].Ghost.in.the.Cell.2026.2160p.NF.WEB-DL.DDP5.1.H.265-PandaQT/Ghost.in.the.Cell.2026.2160p.NF.WEB-DL.DDP5.1.H.265-PandaQT.mkv) error: No such file or directory"
(W) 2026-09-19T22:29:05 - File error alert. Torrent: "Ghost.in.the.Cell.2026.2160p.NF.WEB-DL.DDP5.1.H.265-PandaQT SDR 4K UHD GoodFilms". File: "/downloads/【高清影视之家发布 www.HDBTHD.com】牢笼鬼魂[无字片源].Ghost.in.the.Cell.2026.2160p.NF.WEB-DL.DDP5.1.H.265-PandaQT/Ghost.in.the.Cell.2026.2160p.NF.WEB-DL.DDP5.1.H.265-PandaQT.mkv". Reason: "【高清影视之家发布 www.HDBTHD.com】牢笼鬼魂[无字片源].Ghost.in.the.Cell.2026.2160p.NF.WEB-DL.DDP5.1.H.265-PandaQT file_open (/downloads/【高清影视之家发布 www.HDBTHD.com】牢笼鬼魂[无字片源].Ghost.in.the.Cell.2026.2160p.NF.WEB-DL.DDP5.1.H.265-PandaQT/Ghost.in.the.Cell.2026.2160p.NF.WEB-DL.DDP5.1.H.265-PandaQT.mkv) error: No such file or directory"
(W) 2026-09-19T22:29:09 - File error alert. Torrent: "Ghost.in.the.Cell.2026.2160p.NF.WEB-DL.DDP5.1.H.265-PandaQT SDR 4K UHD GoodFilms". File: "/downloads/【高清影视之家发布 www.HDBTHD.com】牢笼鬼魂[无字片源].Ghost.in.the.Cell.2026.2160p.NF.WEB-DL.DDP5.1.H.265-PandaQT/Ghost.in.the.Cell.2026.2160p.NF.WEB-DL.DDP5.1.H.265-PandaQT.mkv". Reason: "【高清影视之家发布 www.HDBTHD.com】牢笼鬼魂[无字片源].Ghost.in.the.Cell.2026.2160p.NF.WEB-DL.DDP5.1.H.265-PandaQT file_open (/downloads/【高清影视之家发布 www.HDBTHD.com】牢笼鬼魂[无字片源].Ghost.in.the.Cell.2026.2160p.NF.WEB-DL.DDP5.1.H.265-PandaQT/Ghost.in.the.Cell.2026.2160p.NF.WEB-DL.DDP5.1.H.265-PandaQT.mkv) error: No such file or directory"
(W) 2026-09-19T22:29:13 - File error alert. Torrent: "Ghost.in.the.Cell.2026.2160p.NF.WEB-DL.DDP5.1.H.265-PandaQT SDR 4K UHD GoodFilms". File: "/downloads/【高清影视之家发布 www.HDBTHD.com】牢笼鬼魂[无字片源].Ghost.in.the.Cell.2026.2160p.NF.WEB-DL.DDP5.1.H.265-PandaQT/Ghost.in.the.Cell.2026.2160p.NF.WEB-DL.DDP5.1.H.265-PandaQT.mkv". Reason: "【高清影视之家发布 www.HDBTHD.com】牢笼鬼魂[无字片源].Ghost.in.the.Cell.2026.2160p.NF.WEB-DL.DDP5.1.H.265-PandaQT file_open (/downloads/【高清影视之家发布 www.HDBTHD.com】牢笼鬼魂[无字片源].Ghost.in.the.Cell.2026.2160p.NF.WEB-DL.DDP5.1.H.265-PandaQT/Ghost.in.the.Cell.2026.2160p.NF.WEB-DL.DDP5.1.H.265-PandaQT.mkv) error: No such file or directory"
(W) 2026-09-19T22:29:17 - File error alert. Torrent: "Ghost.in.the.Cell.2026.2160p.NF.WEB-DL.DDP5.1.H.265-PandaQT SDR 4K UHD GoodFilms". File: "/downloads/【高清影视之家发布 www.HDBTHD.com】牢笼鬼魂[无字片源].Ghost.in.the.Cell.2026.2160p.NF.WEB-DL.DDP5.1.H.265-PandaQT/Ghost.in.the.Cell.2026.2160p.NF.WEB-DL.DDP5.1.H.265-PandaQT.mkv". Reason: "【高清影视之家发布 www.HDBTHD.com】牢笼鬼魂[无字片源].Ghost.in.the.Cell.2026.2160p.NF.WEB-DL.DDP5.1.H.265-PandaQT file_open (/downloads/【高清影视之家发布 www.HDBTHD.com】牢笼鬼魂[无字片源].Ghost.in.the.Cell.2026.2160p.NF.WEB-DL.DDP5.1.H.265-PandaQT/Ghost.in.the.Cell.2026.2160p.NF.WEB-DL.DDP5.1.H.265-PandaQT.mkv) error: No such file or directory"
(W) 2026-09-19T22:29:21 - File error alert. Torrent: "Ghost.in.the.Cell.2026.2160p.NF.WEB-DL.DDP5.1.H.265-PandaQT SDR 4K UHD GoodFilms". File: "/downloads/【高清影视之家发布 www.HDBTHD.com】牢笼鬼魂[无字片源].Ghost.in.the.Cell.2026.2160p.NF.WEB-DL.DDP5.1.H.265-PandaQT/Ghost.in.the.Cell.2026.2160p.NF.WEB-DL.DDP5.1.H.265-PandaQT.mkv". Reason: "【高清影视之家发布 www.HDBTHD.com】牢笼鬼魂[无字片源].Ghost.in.the.Cell.2026.2160p.NF.WEB-DL.DDP5.1.H.265-PandaQT file_open (/downloads/【高清影视之家发布 www.HDBTHD.com】牢笼鬼魂[无字片源].Ghost.in.the.Cell.2026.2160p.NF.WEB-DL.DDP5.1.H.265-PandaQT/Ghost.in.the.Cell.2026.2160p.NF.WEB-DL.DDP5.1.H.265-PandaQT.mkv) error: No such file or directory"
(N) 2026-09-19T22:29:33 - WebAPI login success. IP: ::ffff:223.233.74.85
(N) 2026-09-19T22:29:37 - Torrent stopped. Torrent: "Ghost.in.the.Cell.2026.2160p.NF.WEB-DL.DDP5.1.H.265-PandaQT SDR 4K UHD GoodFilms"
(N) 2026-09-19T22:29:42 - Torrent stopped. Torrent: "NCIS.S01.1080p.WEBRip.AAC2.0.x264-NA"
(N) 2026-09-19T22:35:21 - Added new torrent. Torrent: "The Gentlemen S02 1080p NF WEB-DL DDP5 1 ENG Atmos ITA H265-TBK"
(W) 2026-09-19T22:36:53 - File error alert. Torrent: "The Gentlemen S02 1080p NF WEB-DL DDP5 1 ENG Atmos ITA H265-TBK". File: "/downloads/The.Gentlemen.S02.1080p.NF.WEB-DL.DDP5.1.ENG.Atmos.ITA.H265-TBK/The.Gentlemen.S02E05.A.Suburban.A-Road.On.The.Outskirts.Of.Basingstoke.1080p.NF.WEB-DL.DDP5.1.ENG.Atmos.ITA.H265-TBK.mkv". Reason: "The.Gentlemen.S02.1080p.NF.WEB-DL.DDP5.1.ENG.Atmos.ITA.H265-TBK file_write (/downloads/The.Gentlemen.S02.1080p.NF.WEB-DL.DDP5.1.ENG.Atmos.ITA.H265-TBK/The.Gentlemen.S02E05.A.Suburban.A-Road.On.The.Outskirts.Of.Basingstoke.1080p.NF.WEB-DL.DDP5.1.ENG.Atmos.ITA.H265-TBK.mkv) error: No space left on device"
(W) 2026-09-19T22:46:56 - File error alert. Torrent: "The Gentlemen S02 1080p NF WEB-DL DDP5 1 ENG Atmos ITA H265-TBK". File: "/downloads/The.Gentlemen.S02.1080p.NF.WEB-DL.DDP5.1.ENG.Atmos.ITA.H265-TBK/The.Gentlemen.S02E03.Do.You.Reject.Satan.1080p.NF.WEB-DL.DDP5.1.ENG.Atmos.ITA.H265-TBK.mkv". Reason: "The.Gentlemen.S02.1080p.NF.WEB-DL.DDP5.1.ENG.Atmos.ITA.H265-TBK file_write (/downloads/The.Gentlemen.S02.1080p.NF.WEB-DL.DDP5.1.ENG.Atmos.ITA.H265-TBK/The.Gentlemen.S02E03.Do.You.Reject.Satan.1080p.NF.WEB-DL.DDP5.1.ENG.Atmos.ITA.H265-TBK.mkv) error: No space left on device"
(N) 2026-09-19T22:53:17 - Torrent stopped. Torrent: "The Gentlemen S02 1080p NF WEB-DL DDP5 1 ENG Atmos ITA H265-TBK"
(N) 2026-09-19T22:53:21 - Torrent resumed. Torrent: "The Gentlemen S02 1080p NF WEB-DL DDP5 1 ENG Atmos ITA H265-TBK"
(N) 2026-09-19T23:00:15 - Torrent resumed. Torrent: "Ghost.in.the.Cell.2026.2160p.NF.WEB-DL.DDP5.1.H.265-PandaQT SDR 4K UHD GoodFilms"
(N) 2026-09-19T23:00:16 - Torrent stopped. Torrent: "Ghost.in.the.Cell.2026.2160p.NF.WEB-DL.DDP5.1.H.265-PandaQT SDR 4K UHD GoodFilms"
(N) 2026-09-19T23:03:47 - Torrent removed. Torrent: "Ghost.in.the.Cell.2026.2160p.NF.WEB-DL.DDP5.1.H.265-PandaQT SDR 4K UHD GoodFilms"
(N) 2026-09-19T23:03:47 - Torrent content removed. Torrent: "Ghost.in.the.Cell.2026.2160p.NF.WEB-DL.DDP5.1.H.265-PandaQT SDR 4K UHD GoodFilms"
(N) 2026-09-19T23:44:10 - Torrent download finished. Torrent: "The Gentlemen S02 1080p NF WEB-DL DDP5 1 ENG Atmos ITA H265-TBK"
(N) 2026-09-20T10:33:09 - WebAPI login success. IP: ::ffff:223.233.74.85
(N) 2026-09-20T10:33:14 - Torrent stopped. Torrent: "The Gentlemen S02 1080p NF WEB-DL DDP5 1 ENG Atmos ITA H265-TBK"
(N) 2026-09-20T10:33:24 - Torrent removed. Torrent: "The Gentlemen S02 1080p NF WEB-DL DDP5 1 ENG Atmos ITA H265-TBK"
(N) 2026-09-20T10:33:24 - Torrent content removed. Torrent: "The Gentlemen S02 1080p NF WEB-DL DDP5 1 ENG Atmos ITA H265-TBK"
(W) 2026-09-20T10:50:02 - WebUI: Referer header & Target origin mismatch! Source IP: '::ffff:64.23.178.206'. Referer header: 'http://161.118.162.160:8080/'. Target origin: '161.118.162.160'
(N) 2026-09-20T14:44:56 - Added new torrent. Torrent: "Spider-Man: Brand New Day 2026.1080p.HQ Pre.Multi.AAC 2.0.x264"
(N) 2026-09-20T14:45:33 - WebAPI login success. IP: ::ffff:223.233.74.85
(N) 2026-09-20T14:45:41 - Torrent stopped. Torrent: "Spider-Man: Brand New Day 2026.1080p.HQ Pre.Multi.AAC 2.0.x264"
(N) 2026-09-20T14:47:00 - Torrent resumed. Torrent: "Spider-Man: Brand New Day 2026.1080p.HQ Pre.Multi.AAC 2.0.x264"
(N) 2026-09-20T14:58:33 - Torrent download finished. Torrent: "Spider-Man: Brand New Day 2026.1080p.HQ Pre.Multi.AAC 2.0.x264"
(N) 2026-09-20T15:29:58 - Torrent stopped. Torrent: "Spider-Man: Brand New Day 2026.1080p.HQ Pre.Multi.AAC 2.0.x264"
(N) 2026-09-20T20:35:00 - qBittorrent termination initiated
(N) 2026-09-20T20:35:00 - Saving resume data completed.
(N) 2026-09-20T20:35:01 - BitTorrent session successfully finished.
(N) 2026-09-20T20:35:01 - qBittorrent is now ready to exit
(N) 2026-09-20T20:35:17 - qBittorrent v5.2.3 started. Process ID: 150
(N) 2026-09-20T20:35:17 - Using config directory: /config/qBittorrent
(N) 2026-09-20T20:35:17 - Trying to listen on the following list of IP addresses: "0.0.0.0:6881,[::]:6881"
(I) 2026-09-20T20:35:17 - Peer ID: "-qB5230-"
(I) 2026-09-20T20:35:17 - HTTP User-Agent: "qBittorrent/5.2.3"
(I) 2026-09-20T20:35:17 - Distributed Hash Table (DHT) support: ON
(I) 2026-09-20T20:35:17 - Local Peer Discovery support: ON
(I) 2026-09-20T20:35:17 - Peer Exchange (PeX) support: ON
(I) 2026-09-20T20:35:17 - Anonymous mode: OFF
(I) 2026-09-20T20:35:17 - Encryption support: ON
(I) 2026-09-20T20:35:17 - Successfully listening on IP. IP: "127.0.0.1". Port: "TCP/6881"
(I) 2026-09-20T20:35:17 - Successfully listening on IP. IP: "127.0.0.1". Port: "UTP/6881"
(I) 2026-09-20T20:35:17 - Successfully listening on IP. IP: "10.0.9.3". Port: "TCP/6881"
(I) 2026-09-20T20:35:17 - Successfully listening on IP. IP: "10.0.9.3". Port: "UTP/6881"
(I) 2026-09-20T20:35:17 - Successfully listening on IP. IP: "::1". Port: "TCP/6881"
(I) 2026-09-20T20:35:17 - Successfully listening on IP. IP: "::1". Port: "UTP/6881"
(N) 2026-09-20T20:35:17 - Restored torrent. Torrent: "Spider-Man: Brand New Day 2026.1080p.HQ Pre.Multi.AAC 2.0.x264"
(N) 2026-09-20T20:35:17 - Restored torrent. Torrent: "NCIS.S01.1080p.WEBRip.AAC2.0.x264-NA"
(I) 2026-09-20T20:35:17 - IP geolocation database loaded. Type: DBIP-Country-Lite. Build time: Tue Sep 1 01:32:45 2026.
(N) 2026-09-20T20:35:17 - Using built-in WebUI.
(N) 2026-09-20T20:35:17 - WebUI translation for selected locale (en) has been successfully loaded.
(N) 2026-09-20T20:35:17 - WebUI: Now listening on IP: *, port: 8080
(W) 2026-09-20T20:35:17 - Failed to restore torrent. Files were probably moved or storage isn't accessible. Torrent: "NCIS.S01.1080p.WEBRip.AAC2.0.x264-NA". Reason: "NCIS.S01.1080p.AMZN.WEBRip.AAC2.0.x264-NA[rartv] fast resume rejected. file_stat(/media/tv/NCIS.S01.1080p.AMZN.WEBRip.AAC2.0.x264-NA[rartv]/NCIS.S01E01.Yankee.White.1080p.WEB-DL.AAC.AVC-NA.mkv): mismatching file size"
(I) 2026-09-20T20:35:20 - Detected external IP. IP: "161.118.162.160"
(W) 2026-09-22T06:42:55 - WebUI: Referer header & Target origin mismatch! Source IP: '::ffff:147.182.149.174'. Referer header: 'http://161.118.162.160:8080/'. Target origin: '161.118.162.160'
(N) 2026-09-22T11:49:25 - Added new torrent. Torrent: "Silicon.Valley.S01.1080p.BluRay.x265.HEVC.10bit.AAC.5.1-ImE"
(N) 2026-09-22T11:49:43 - Added new torrent. Torrent: "Silicon.Valley.S02.1080p.BluRay.x265.HEVC.10bit.AAC.5.1-ImE"
(N) 2026-09-22T11:50:08 - Added new torrent. Torrent: "Silicon.Valley.S03.1080p.BluRay.x265.HEVC.10bit.AAC.5.1-ImE"
(N) 2026-09-22T11:50:32 - Added new torrent. Torrent: "Silicon Valley S04 1080p BluRay x265-RARBG"
(N) 2026-09-22T11:50:55 - Added new torrent. Torrent: "Silicon.Valley.S05.S05.1080p.AMZN.WEB-DL.x265-HETeam"
(N) 2026-09-22T11:51:15 - Added new torrent. Torrent: "Silicon.Valley.S06E06.REPACK.1080p.WEB.h264-TBS[TGx] ⭐"
(N) 2026-09-22T11:51:17 - Added new torrent. Torrent: "Silicon.Valley.S06E02.1080p.WEB.h264-TBS[TGx] ⭐"
(N) 2026-09-22T11:51:22 - Added new torrent. Torrent: "Silicon.Valley.S06E03.1080p.WEB.h264-TBS[TGx] ⭐"
(N) 2026-09-22T11:51:23 - Added new torrent. Torrent: "Silicon.Valley.S06E04.1080p.WEB.h264-TBS[TGx] ⭐"
(N) 2026-09-22T11:51:27 - Added new torrent. Torrent: "Silicon.Valley.S06E05.Tethics.1080p.AMZN.WEB-DL.DDP5.1.H.264-NTb[TGx] ⭐"
(N) 2026-09-22T11:51:30 - Added new torrent. Torrent: "Silicon.Valley.S06E07.1080p.WEB.h264-TBS[TGx] ⭐"
(N) 2026-09-22T11:59:08 - WebAPI login success. IP: ::ffff:223.233.79.183
(N) 2026-09-22T11:59:30 - Torrent stopped. Torrent: "Silicon.Valley.S03.1080p.BluRay.x265.HEVC.10bit.AAC.5.1-ImE"
(N) 2026-09-22T11:59:34 - Torrent removed. Torrent: "Silicon.Valley.S06E06.REPACK.1080p.WEB.h264-TBS[TGx] ⭐"
(N) 2026-09-22T11:59:42 - Torrent removed. Torrent: "Silicon.Valley.S06E07.1080p.WEB.h264-TBS[TGx] ⭐"
(N) 2026-09-22T12:00:10 - Torrent removed. Torrent: "Silicon.Valley.S06E05.Tethics.1080p.AMZN.WEB-DL.DDP5.1.H.264-NTb[TGx] ⭐"
(N) 2026-09-22T12:00:28 - Torrent removed. Torrent: "Silicon.Valley.S05.S05.1080p.AMZN.WEB-DL.x265-HETeam"
(N) 2026-09-22T12:00:42 - Torrent removed. Torrent: "Silicon.Valley.S02.1080p.BluRay.x265.HEVC.10bit.AAC.5.1-ImE"
(N) 2026-09-22T12:00:43 - Torrent content removed. Torrent: "Silicon.Valley.S02.1080p.BluRay.x265.HEVC.10bit.AAC.5.1-ImE"
(N) 2026-09-22T12:00:56 - Torrent stopped. Torrent: "Silicon.Valley.S06E02.1080p.WEB.h264-TBS[TGx] ⭐"
(N) 2026-09-22T12:01:13 - Torrent removed. Torrent: "Silicon.Valley.S06E03.1080p.WEB.h264-TBS[TGx] ⭐"
(N) 2026-09-22T12:01:14 - Torrent content removed. Torrent: "Silicon.Valley.S06E03.1080p.WEB.h264-TBS[TGx] ⭐"
(N) 2026-09-22T12:01:30 - Torrent removed. Torrent: "Silicon.Valley.S06E02.1080p.WEB.h264-TBS[TGx] ⭐"
(N) 2026-09-22T12:01:30 - Torrent content removed. Torrent: "Silicon.Valley.S06E02.1080p.WEB.h264-TBS[TGx] ⭐"
(N) 2026-09-22T12:01:36 - Torrent removed. Torrent: "Silicon.Valley.S06E04.1080p.WEB.h264-TBS[TGx] ⭐"
(N) 2026-09-22T12:01:36 - Torrent content removed. Torrent: "Silicon.Valley.S06E04.1080p.WEB.h264-TBS[TGx] ⭐"
(N) 2026-09-22T12:01:52 - Torrent removed. Torrent: "NCIS.S01.1080p.WEBRip.AAC2.0.x264-NA"
(N) 2026-09-22T12:01:52 - Torrent content removed. Torrent: "NCIS.S01.1080p.WEBRip.AAC2.0.x264-NA"
(N) 2026-09-22T12:15:25 - Torrent download finished. Torrent: "Silicon.Valley.S01.1080p.BluRay.x265.HEVC.10bit.AAC.5.1-ImE"
(N) 2026-09-22T12:29:19 - Torrent download finished. Torrent: "Silicon Valley S04 1080p BluRay x265-RARBG"
(N) 2026-09-22T12:41:16 - Torrent resumed. Torrent: "Silicon.Valley.S03.1080p.BluRay.x265.HEVC.10bit.AAC.5.1-ImE"
(N) 2026-09-22T12:42:34 - Torrent stopped. Torrent: "Silicon Valley S04 1080p BluRay x265-RARBG"
(N) 2026-09-22T12:42:37 - Torrent stopped. Torrent: "Silicon.Valley.S01.1080p.BluRay.x265.HEVC.10bit.AAC.5.1-ImE"
(N) 2026-09-22T12:43:41 - Torrent resumed. Torrent: "Silicon Valley S04 1080p BluRay x265-RARBG"
(W) 2026-09-22T12:43:52 - File error alert. Torrent: "Silicon Valley S04 1080p BluRay x265-RARBG". File: "/downloads/Silicon.Valley.S04.1080p.BluRay.x265-RARBG/Silicon.Valley.S04E01.1080p.BluRay.x265-RARBG.mp4". Reason: "Silicon.Valley.S04.1080p.BluRay.x265-RARBG file_write (/downloads/Silicon.Valley.S04.1080p.BluRay.x265-RARBG/Silicon.Valley.S04E01.1080p.BluRay.x265-RARBG.mp4) error: No space left on device"
(W) 2026-09-22T12:44:03 - File error alert. Torrent: "Silicon Valley S04 1080p BluRay x265-RARBG". File: "/downloads/Silicon.Valley.S04.1080p.BluRay.x265-RARBG/Silicon.Valley.S04E01.1080p.BluRay.x265-RARBG.mp4". Reason: "Silicon.Valley.S04.1080p.BluRay.x265-RARBG file_write (/downloads/Silicon.Valley.S04.1080p.BluRay.x265-RARBG/Silicon.Valley.S04E01.1080p.BluRay.x265-RARBG.mp4) error: No space left on device"
(N) 2026-09-22T12:44:13 - Torrent download finished. Torrent: "Silicon Valley S04 1080p BluRay x265-RARBG"
(N) 2026-09-22T12:44:27 - Torrent download finished. Torrent: "Silicon Valley S04 1080p BluRay x265-RARBG"
(N) 2026-09-22T12:44:38 - Torrent stopped. Torrent: "Silicon Valley S04 1080p BluRay x265-RARBG"
(N) 2026-09-22T12:45:13 - Torrent download finished. Torrent: "Silicon.Valley.S03.1080p.BluRay.x265.HEVC.10bit.AAC.5.1-ImE"
(N) 2026-09-22T12:45:53 - Torrent stopped. Torrent: "Silicon.Valley.S03.1080p.BluRay.x265.HEVC.10bit.AAC.5.1-ImE"
(N) 2026-09-22T12:56:08 - Added new torrent. Torrent: "Silicon.Valley.S02.1080p.BluRay.x265.HEVC.10bit.AAC.5.1-ImE"
(N) 2026-09-22T13:02:26 - Torrent removed. Torrent: "Silicon.Valley.S02.1080p.BluRay.x265.HEVC.10bit.AAC.5.1-ImE"
(N) 2026-09-22T13:02:27 - Torrent content removed. Torrent: "Silicon.Valley.S02.1080p.BluRay.x265.HEVC.10bit.AAC.5.1-ImE"
(N) 2026-09-22T13:03:05 - Added new torrent. Torrent: "Silicon Valley S02 1080p BluRay x265-RARBG"
(N) 2026-09-22T13:25:05 - Torrent download finished. Torrent: "Silicon Valley S02 1080p BluRay x265-RARBG"
(N) 2026-09-22T20:46:49 - WebAPI login success. IP: ::ffff:223.233.79.183
(N) 2026-09-22T20:46:51 - Torrent stopped. Torrent: "Silicon Valley S02 1080p BluRay x265-RARBG"
(N) 2026-09-22T20:48:20 - Torrent resumed. Torrent: "Silicon Valley S02 1080p BluRay x265-RARBG"
(N) 2026-09-22T20:48:20 - Torrent stopped. Torrent: "Silicon Valley S02 1080p BluRay x265-RARBG"
(N) 2026-09-22T20:48:25 - Torrent resumed. Torrent: "Silicon Valley S02 1080p BluRay x265-RARBG"
(N) 2026-09-22T20:48:32 - Torrent download finished. Torrent: "Silicon Valley S02 1080p BluRay x265-RARBG"
(N) 2026-09-22T20:48:52 - Torrent stopped. Torrent: "Silicon Valley S02 1080p BluRay x265-RARBG"
(W) 2026-09-22T22:51:07 - WebUI: Invalid Host header, port mismatch. Request source IP: '::ffff:60.191.125.35'. Server port: '8080'. Received Host header: '112.124.42.80:63435'
(N) 2026-09-23T20:30:23 - Added new torrent. Torrent: "Silicon.Valley.S05.S05.1080p.AMZN.WEB-DL.x265-HETeam"
(N) 2026-09-23T20:30:43 - Added new torrent. Torrent: "Silicon.Valley.S06E06.REPACK.1080p.WEB.h264-TBS[TGx] ⭐"
(N) 2026-09-23T20:30:47 - Added new torrent. Torrent: "Silicon.Valley.S06E02.1080p.WEB.h264-TBS[TGx] ⭐"
(N) 2026-09-23T20:30:50 - Added new torrent. Torrent: "Silicon.Valley.S06E03.1080p.WEB.h264-TBS[TGx] ⭐"
(N) 2026-09-23T20:30:53 - Added new torrent. Torrent: "Silicon.Valley.S06E04.1080p.WEB.h264-TBS[TGx] ⭐"
(N) 2026-09-23T20:30:56 - Added new torrent. Torrent: "Silicon.Valley.S06E05.Tethics.1080p.AMZN.WEB-DL.DDP5.1.H.264-NTb[TGx] ⭐"
(N) 2026-09-23T20:30:59 - Added new torrent. Torrent: "Silicon.Valley.S06E07.1080p.WEB.h264-TBS[TGx] ⭐"
(N) 2026-09-23T20:43:33 - Torrent download finished. Torrent: "Silicon.Valley.S05.S05.1080p.AMZN.WEB-DL.x265-HETeam"
(N) 2026-09-23T20:47:29 - Torrent download finished. Torrent: "Silicon.Valley.S06E06.REPACK.1080p.WEB.h264-TBS[TGx] ⭐"
(N) 2026-09-23T20:54:09 - Torrent download finished. Torrent: "Silicon.Valley.S06E02.1080p.WEB.h264-TBS[TGx] ⭐"
(N) 2026-09-23T20:55:24 - Torrent download finished. Torrent: "Silicon.Valley.S06E03.1080p.WEB.h264-TBS[TGx] ⭐"
(N) 2026-09-23T21:00:41 - Torrent download finished. Torrent: "Silicon.Valley.S06E04.1080p.WEB.h264-TBS[TGx] ⭐"
(N) 2026-09-23T21:09:53 - Torrent download finished. Torrent: "Silicon.Valley.S06E07.1080p.WEB.h264-TBS[TGx] ⭐"
(N) 2026-09-23T21:10:51 - Torrent download finished. Torrent: "Silicon.Valley.S06E05.Tethics.1080p.AMZN.WEB-DL.DDP5.1.H.264-NTb[TGx] ⭐"
(N) 2026-09-23T21:14:23 - WebAPI login success. IP: ::ffff:223.233.79.183
(N) 2026-09-23T21:14:45 - Torrent stopped. Torrent: "Silicon.Valley.S06E04.1080p.WEB.h264-TBS[TGx] ⭐"
(N) 2026-09-23T21:14:58 - Torrent stopped. Torrent: "Silicon.Valley.S06E02.1080p.WEB.h264-TBS[TGx] ⭐"
(N) 2026-09-23T21:15:04 - Torrent stopped. Torrent: "Silicon.Valley.S05.S05.1080p.AMZN.WEB-DL.x265-HETeam"
(N) 2026-09-23T21:15:05 - Torrent stopped. Torrent: "Silicon.Valley.S06E05.Tethics.1080p.AMZN.WEB-DL.DDP5.1.H.264-NTb[TGx] ⭐"
(N) 2026-09-23T21:15:09 - Torrent stopped. Torrent: "Silicon.Valley.S06E06.REPACK.1080p.WEB.h264-TBS[TGx] ⭐"
(N) 2026-09-23T21:15:14 - Torrent stopped. Torrent: "Silicon.Valley.S06E03.1080p.WEB.h264-TBS[TGx] ⭐"
(N) 2026-09-23T21:15:17 - Torrent stopped. Torrent: "Silicon.Valley.S06E07.1080p.WEB.h264-TBS[TGx] ⭐"
(N) 2026-09-23T21:17:25 - Added new torrent. Torrent: "Silicon.Valley.S06E01.PROPER.1080p.WEB.h264-TBS[TGx] ⭐"
(N) 2026-09-23T21:26:48 - Torrent download finished. Torrent: "Silicon.Valley.S06E01.PROPER.1080p.WEB.h264-TBS[TGx] ⭐"
(N) 2026-09-23T23:26:07 - Torrent stopped. Torrent: "Silicon.Valley.S06E01.PROPER.1080p.WEB.h264-TBS[TGx] ⭐"
(W) 2026-09-23T23:41:15 - WebUI: Invalid Host header, port mismatch. Request source IP: '::ffff:186.130.127.131'. Server port: '8080'. Received Host header: '188.166.41.194:80'
(W) 2026-09-24T03:49:42 - WebUI: Referer header & Target origin mismatch! Source IP: '::ffff:134.199.223.170'. Referer header: 'http://161.118.162.160:8080/'. Target origin: '161.118.162.160'
(N) 2026-09-24T17:58:42 - Added new torrent. Torrent: "Resident.Evil.2026.TELESYNC.V2.x264-DKS"
(N) 2026-09-24T18:16:02 - Torrent download finished. Torrent: "Resident.Evil.2026.TELESYNC.V2.x264-DKS"
(N) 2026-09-25T12:30:18 - Added new torrent. Torrent: "The Gentlemen S02E01 1080p WEB H264-KRAFT"
(N) 2026-09-25T12:35:38 - Torrent download finished. Torrent: "The Gentlemen S02E01 1080p WEB H264-KRAFT"
(N) 2026-09-25T13:21:39 - Added new torrent. Torrent: "Mohabbatein 2000 1080p BluRay x265 Hindi DD5.1 - SP3LL"
(N) 2026-09-25T13:30:16 - WebAPI login success. IP: ::ffff:223.233.79.183
(N) 2026-09-25T13:30:35 - Torrent stopped. Torrent: "The Gentlemen S02E01 1080p WEB H264-KRAFT"
(N) 2026-09-25T13:30:37 - Torrent stopped. Torrent: "Resident.Evil.2026.TELESYNC.V2.x264-DKS"
(N) 2026-09-25T21:18:17 - WebAPI login success. IP: ::ffff:223.233.79.183
(N) 2026-09-25T21:19:20 - qBittorrent termination initiated
(N) 2026-09-25T21:19:20 - Saving resume data completed.
(N) 2026-09-25T21:19:22 - BitTorrent session successfully finished.
(N) 2026-09-25T21:19:22 - qBittorrent is now ready to exit
(N) 2026-09-25T21:20:20 - qBittorrent v5.2.3 started. Process ID: 149
(N) 2026-09-25T21:20:20 - Using config directory: /config/qBittorrent
(N) 2026-09-25T21:20:20 - Trying to listen on the following list of IP addresses: "0.0.0.0:6881,[::]:6881"
(I) 2026-09-25T21:20:20 - Peer ID: "-qB5230-"
(I) 2026-09-25T21:20:20 - HTTP User-Agent: "qBittorrent/5.2.3"
(I) 2026-09-25T21:20:20 - Distributed Hash Table (DHT) support: ON
(I) 2026-09-25T21:20:20 - Local Peer Discovery support: ON
(I) 2026-09-25T21:20:20 - Peer Exchange (PeX) support: ON
(I) 2026-09-25T21:20:20 - Anonymous mode: OFF
(I) 2026-09-25T21:20:20 - Encryption support: ON
(I) 2026-09-25T21:20:20 - Successfully listening on IP. IP: "127.0.0.1". Port: "TCP/6881"
(I) 2026-09-25T21:20:20 - Successfully listening on IP. IP: "127.0.0.1". Port: "UTP/6881"
(I) 2026-09-25T21:20:20 - Successfully listening on IP. IP: "10.0.9.2". Port: "TCP/6881"
(I) 2026-09-25T21:20:20 - Successfully listening on IP. IP: "10.0.9.2". Port: "UTP/6881"
(I) 2026-09-25T21:20:20 - Successfully listening on IP. IP: "::1". Port: "TCP/6881"
(I) 2026-09-25T21:20:20 - Successfully listening on IP. IP: "::1". Port: "UTP/6881"
(N) 2026-09-25T21:20:20 - Restored torrent. Torrent: "Mohabbatein 2000 1080p BluRay x265 Hindi DD5.1 - SP3LL"
(N) 2026-09-25T21:20:20 - Restored torrent. Torrent: "Silicon.Valley.S05.S05.1080p.AMZN.WEB-DL.x265-HETeam"
(W) 2026-09-25T21:20:20 - Failed to restore torrent. Files were probably moved or storage isn't accessible. Torrent: "Silicon.Valley.S05.S05.1080p.AMZN.WEB-DL.x265-HETeam". Reason: "Silicon.Valley.Season.5.S05.1080p.AMZN.WEB-DL.x265-HETeam fast resume rejected. file_stat(/downloads/Silicon.Valley.Season.5.S05.1080p.AMZN.WEB-DL.x265-HETeam/Silicon.Valley.S05E05.1080p.AMZN.WEB-DL.x265-HETeam.mkv): mismatching file size"
(N) 2026-09-25T21:20:20 - Restored torrent. Torrent: "Silicon.Valley.S06E07.1080p.WEB.h264-TBS[TGx] ⭐"
(W) 2026-09-25T21:20:20 - Failed to restore torrent. Files were probably moved or storage isn't accessible. Torrent: "Silicon.Valley.S06E07.1080p.WEB.h264-TBS[TGx] ⭐". Reason: "Silicon.Valley.S06E07.1080p.WEB.h264-TBS[TGx] fast resume rejected. file_stat(/downloads/Silicon.Valley.S06E07.1080p.WEB.h264-TBS[TGx]/Sample/sample-silicon.valley.s06e07.1080p.web.h264-tbs.mkv): mismatching file size"
(N) 2026-09-25T21:20:20 - Restored torrent. Torrent: "Silicon.Valley.S06E04.1080p.WEB.h264-TBS[TGx] ⭐"
(W) 2026-09-25T21:20:20 - Failed to restore torrent. Files were probably moved or storage isn't accessible. Torrent: "Silicon.Valley.S06E04.1080p.WEB.h264-TBS[TGx] ⭐". Reason: "Silicon.Valley.S06E04.1080p.WEB.h264-TBS[TGx] fast resume rejected. file_stat(/downloads/Silicon.Valley.S06E04.1080p.WEB.h264-TBS[TGx]/Screens/screen0001.png): mismatching file size"
(N) 2026-09-25T21:20:21 - Restored torrent. Torrent: "The Gentlemen S02E01 1080p WEB H264-KRAFT"
(N) 2026-09-25T21:20:21 - Restored torrent. Torrent: "Silicon.Valley.S06E03.1080p.WEB.h264-TBS[TGx] ⭐"
(W) 2026-09-25T21:20:21 - Failed to restore torrent. Files were probably moved or storage isn't accessible. Torrent: "Silicon.Valley.S06E03.1080p.WEB.h264-TBS[TGx] ⭐". Reason: "Silicon.Valley.S06E03.1080p.WEB.h264-TBS[TGx] fast resume rejected. file_stat(/downloads/Silicon.Valley.S06E03.1080p.WEB.h264-TBS[TGx]/Screens/screen0001.png): mismatching file size"
(N) 2026-09-25T21:20:21 - Restored torrent. Torrent: "Silicon Valley S02 1080p BluRay x265-RARBG"
(W) 2026-09-25T21:20:21 - Failed to restore torrent. Files were probably moved or storage isn't accessible. Torrent: "Silicon Valley S02 1080p BluRay x265-RARBG". Reason: "Silicon.Valley.S02.1080p.BluRay.x265-RARBG fast resume rejected. file_stat(/downloads/Silicon.Valley.S02.1080p.BluRay.x265-RARBG/Subs/Silicon.Valley.S02E01.1080p.BluRay.x265-RARBG/2_English.srt): mismatching file size"
(N) 2026-09-25T21:20:21 - Restored torrent. Torrent: "Spider-Man: Brand New Day 2026.1080p.HQ Pre.Multi.AAC 2.0.x264"
(W) 2026-09-25T21:20:21 - Failed to restore torrent. Files were probably moved or storage isn't accessible. Torrent: "Spider-Man: Brand New Day 2026.1080p.HQ Pre.Multi.AAC 2.0.x264". Reason: "Spider-Man- Brand New Day 2026.1080p.HQ Pre.Multi.AAC 2.0.x264.mkv fast resume rejected. file_stat(/downloads/Spider-Man- Brand New Day 2026.1080p.HQ Pre.Multi.AAC 2.0.x264.mkv): mismatching file size"
(I) 2026-09-25T21:20:21 - Detected external IP. IP: "161.118.162.160"
(N) 2026-09-25T21:20:21 - Restored torrent. Torrent: "Silicon Valley S04 1080p BluRay x265-RARBG"
(W) 2026-09-25T21:20:21 - Failed to restore torrent. Files were probably moved or storage isn't accessible. Torrent: "Silicon Valley S04 1080p BluRay x265-RARBG". Reason: "Silicon.Valley.S04.1080p.BluRay.x265-RARBG fast resume rejected. file_stat(/downloads/Silicon.Valley.S04.1080p.BluRay.x265-RARBG/Subs/Silicon.Valley.S04E01.1080p.BluRay.x265-RARBG/2_English.srt): mismatching file size"
(N) 2026-09-25T21:20:21 - Restored torrent. Torrent: "Silicon.Valley.S06E01.PROPER.1080p.WEB.h264-TBS[TGx] ⭐"
(W) 2026-09-25T21:20:21 - Failed to restore torrent. Files were probably moved or storage isn't accessible. Torrent: "Silicon.Valley.S06E01.PROPER.1080p.WEB.h264-TBS[TGx] ⭐". Reason: "Silicon.Valley.S06E01.PROPER.1080p.WEB.h264-TBS[TGx] fast resume rejected. file_stat(/downloads/Silicon.Valley.S06E01.PROPER.1080p.WEB.h264-TBS[TGx]/Screens/screen0001.png): mismatching file size"
(N) 2026-09-25T21:20:21 - Restored torrent. Torrent: "Silicon.Valley.S06E02.1080p.WEB.h264-TBS[TGx] ⭐"
(W) 2026-09-25T21:20:21 - Failed to restore torrent. Files were probably moved or storage isn't accessible. Torrent: "Silicon.Valley.S06E02.1080p.WEB.h264-TBS[TGx] ⭐". Reason: "Silicon.Valley.S06E02.1080p.WEB.h264-TBS[TGx] fast resume rejected. file_stat(/downloads/Silicon.Valley.S06E02.1080p.WEB.h264-TBS[TGx]/Screens/screen0001.png): mismatching file size"
(N) 2026-09-25T21:20:21 - Restored torrent. Torrent: "Silicon.Valley.S01.1080p.BluRay.x265.HEVC.10bit.AAC.5.1-ImE"
(W) 2026-09-25T21:20:21 - Failed to restore torrent. Files were probably moved or storage isn't accessible. Torrent: "Silicon.Valley.S01.1080p.BluRay.x265.HEVC.10bit.AAC.5.1-ImE". Reason: "Silicon.Valley.S01.1080p.BluRay.x265.HEVC.10bit.AAC.5.1-ImE fast resume rejected. file_stat(/downloads/Silicon.Valley.S01.1080p.BluRay.x265.HEVC.10bit.AAC.5.1-ImE/Silicon.Valley.S01E07.Proof.of.Concept.1080p.Bluray.x265.10bit.AAC.5.1-ImE[UTR].mkv): mismatching file size"
(N) 2026-09-25T21:20:21 - Restored torrent. Torrent: "Silicon.Valley.S03.1080p.BluRay.x265.HEVC.10bit.AAC.5.1-ImE"
(W) 2026-09-25T21:20:21 - Failed to restore torrent. Files were probably moved or storage isn't accessible. Torrent: "Silicon.Valley.S03.1080p.BluRay.x265.HEVC.10bit.AAC.5.1-ImE". Reason: "Silicon.Valley.S03.1080p.BluRay.x265.HEVC.10bit.AAC.5.1-ImE fast resume rejected. file_stat(/downloads/Silicon.Valley.S03.1080p.BluRay.x265.HEVC.10bit.AAC.5.1-ImE/Silicon.Valley.S03E09.Daily.Active.Users.1080p.Bluray.x265.10bit.AAC.5.1-ImE[UTR].mkv): mismatching file size"
(N) 2026-09-25T21:20:21 - Restored torrent. Torrent: "Silicon.Valley.S06E05.Tethics.1080p.AMZN.WEB-DL.DDP5.1.H.264-NTb[TGx] ⭐"
(W) 2026-09-25T21:20:21 - Failed to restore torrent. Files were probably moved or storage isn't accessible. Torrent: "Silicon.Valley.S06E05.Tethics.1080p.AMZN.WEB-DL.DDP5.1.H.264-NTb[TGx] ⭐". Reason: "Silicon.Valley.S06E05.Tethics.1080p.AMZN.WEB-DL.DDP5.1.H.264-NTb[TGx] fast resume rejected. file_stat(/downloads/Silicon.Valley.S06E05.Tethics.1080p.AMZN.WEB-DL.DDP5.1.H.264-NTb[TGx]/Screens/screen0001.png): mismatching file size"
(N) 2026-09-25T21:20:21 - Restored torrent. Torrent: "Silicon.Valley.S06E06.REPACK.1080p.WEB.h264-TBS[TGx] ⭐"
(W) 2026-09-25T21:20:21 - Failed to restore torrent. Files were probably moved or storage isn't accessible. Torrent: "Silicon.Valley.S06E06.REPACK.1080p.WEB.h264-TBS[TGx] ⭐". Reason: "Silicon.Valley.S06E06.REPACK.1080p.WEB.h264-TBS[TGx] fast resume rejected. file_stat(/downloads/Silicon.Valley.S06E06.REPACK.1080p.WEB.h264-TBS[TGx]/Screens/screen0001.png): mismatching file size"
(N) 2026-09-25T21:20:21 - Restored torrent. Torrent: "Resident.Evil.2026.TELESYNC.V2.x264-DKS"
(I) 2026-09-25T21:20:21 - IP geolocation database loaded. Type: DBIP-Country-Lite. Build time: Tue Sep 1 01:32:45 2026.
(N) 2026-09-25T21:20:21 - Using built-in WebUI.
(N) 2026-09-25T21:20:21 - WebUI translation for selected locale (en) has been successfully loaded.
(N) 2026-09-25T21:20:21 - WebUI: Now listening on IP: *, port: 8080
(N) 2026-09-25T21:20:31 - WebAPI login success. IP: ::ffff:223.233.79.183
(N) 2026-09-25T21:20:57 - Torrent removed. Torrent: "Silicon.Valley.S06E01.PROPER.1080p.WEB.h264-TBS[TGx] ⭐"
(N) 2026-09-25T21:20:57 - Torrent content removed. Torrent: "Silicon.Valley.S06E01.PROPER.1080p.WEB.h264-TBS[TGx] ⭐"
(N) 2026-09-25T21:21:10 - Torrent removed. Torrent: "Silicon.Valley.S03.1080p.BluRay.x265.HEVC.10bit.AAC.5.1-ImE"
(N) 2026-09-25T21:21:10 - Torrent content removed. Torrent: "Silicon.Valley.S03.1080p.BluRay.x265.HEVC.10bit.AAC.5.1-ImE"
(N) 2026-09-25T21:21:17 - Torrent removed. Torrent: "Silicon.Valley.S06E02.1080p.WEB.h264-TBS[TGx] ⭐"
(N) 2026-09-25T21:21:21 - Torrent removed. Torrent: "Silicon Valley S04 1080p BluRay x265-RARBG"
(N) 2026-09-25T21:21:34 - Torrent removed. Torrent: "Silicon.Valley.S06E04.1080p.WEB.h264-TBS[TGx] ⭐"
(N) 2026-09-25T21:21:34 - Torrent content removed. Torrent: "Silicon.Valley.S06E04.1080p.WEB.h264-TBS[TGx] ⭐"
(N) 2026-09-25T21:21:40 - Torrent removed. Torrent: "Silicon.Valley.S06E05.Tethics.1080p.AMZN.WEB-DL.DDP5.1.H.264-NTb[TGx] ⭐"
(N) 2026-09-25T21:21:40 - Torrent content removed. Torrent: "Silicon.Valley.S06E05.Tethics.1080p.AMZN.WEB-DL.DDP5.1.H.264-NTb[TGx] ⭐"
(N) 2026-09-25T21:37:47 - qBittorrent termination initiated
(N) 2026-09-25T21:37:47 - Saving resume data completed.
(N) 2026-09-25T21:37:49 - BitTorrent session successfully finished.
(N) 2026-09-25T21:37:49 - qBittorrent is now ready to exit
(N) 2026-09-25T21:38:43 - qBittorrent v5.2.3 started. Process ID: 150
(N) 2026-09-25T21:38:43 - Using config directory: /config/qBittorrent
(N) 2026-09-25T21:38:43 - Trying to listen on the following list of IP addresses: "0.0.0.0:6881,[::]:6881"
(I) 2026-09-25T21:38:43 - Peer ID: "-qB5230-"
(I) 2026-09-25T21:38:43 - HTTP User-Agent: "qBittorrent/5.2.3"
(I) 2026-09-25T21:38:43 - Distributed Hash Table (DHT) support: ON
(I) 2026-09-25T21:38:43 - Local Peer Discovery support: ON
(I) 2026-09-25T21:38:43 - Peer Exchange (PeX) support: ON
(I) 2026-09-25T21:38:43 - Anonymous mode: OFF
(I) 2026-09-25T21:38:43 - Encryption support: ON
(I) 2026-09-25T21:38:43 - Successfully listening on IP. IP: "127.0.0.1". Port: "TCP/6881"
(I) 2026-09-25T21:38:43 - Successfully listening on IP. IP: "127.0.0.1". Port: "UTP/6881"
(I) 2026-09-25T21:38:43 - Successfully listening on IP. IP: "10.0.9.3". Port: "TCP/6881"
(I) 2026-09-25T21:38:43 - Successfully listening on IP. IP: "10.0.9.3". Port: "UTP/6881"
(I) 2026-09-25T21:38:43 - Successfully listening on IP. IP: "::1". Port: "TCP/6881"
(I) 2026-09-25T21:38:43 - Successfully listening on IP. IP: "::1". Port: "UTP/6881"
(N) 2026-09-25T21:38:43 - Restored torrent. Torrent: "Mohabbatein 2000 1080p BluRay x265 Hindi DD5.1 - SP3LL"
(N) 2026-09-25T21:38:43 - Restored torrent. Torrent: "Silicon.Valley.S05.S05.1080p.AMZN.WEB-DL.x265-HETeam"
(N) 2026-09-25T21:38:43 - Restored torrent. Torrent: "Silicon.Valley.S06E07.1080p.WEB.h264-TBS[TGx] ⭐"
(W) 2026-09-25T21:38:44 - Failed to restore torrent. Files were probably moved or storage isn't accessible. Torrent: "Silicon.Valley.S05.S05.1080p.AMZN.WEB-DL.x265-HETeam". Reason: "Silicon.Valley.Season.5.S05.1080p.AMZN.WEB-DL.x265-HETeam fast resume rejected. file_stat(/downloads/Silicon.Valley.Season.5.S05.1080p.AMZN.WEB-DL.x265-HETeam/Silicon.Valley.S05E05.1080p.AMZN.WEB-DL.x265-HETeam.mkv): mismatching file size"
(W) 2026-09-25T21:38:44 - Failed to restore torrent. Files were probably moved or storage isn't accessible. Torrent: "Silicon.Valley.S06E07.1080p.WEB.h264-TBS[TGx] ⭐". Reason: "Silicon.Valley.S06E07.1080p.WEB.h264-TBS[TGx] fast resume rejected. file_stat(/downloads/Silicon.Valley.S06E07.1080p.WEB.h264-TBS[TGx]/Sample/sample-silicon.valley.s06e07.1080p.web.h264-tbs.mkv): mismatching file size"
(I) 2026-09-25T21:38:44 - Detected external IP. IP: "161.118.162.160"
(N) 2026-09-25T21:38:44 - Restored torrent. Torrent: "The Gentlemen S02E01 1080p WEB H264-KRAFT"
(N) 2026-09-25T21:38:44 - Restored torrent. Torrent: "Silicon.Valley.S06E03.1080p.WEB.h264-TBS[TGx] ⭐"
(W) 2026-09-25T21:38:44 - Failed to restore torrent. Files were probably moved or storage isn't accessible. Torrent: "Silicon.Valley.S06E03.1080p.WEB.h264-TBS[TGx] ⭐". Reason: "Silicon.Valley.S06E03.1080p.WEB.h264-TBS[TGx] fast resume rejected. file_stat(/downloads/Silicon.Valley.S06E03.1080p.WEB.h264-TBS[TGx]/Screens/screen0001.png): mismatching file size"
(N) 2026-09-25T21:38:44 - Restored torrent. Torrent: "Silicon Valley S02 1080p BluRay x265-RARBG"
(W) 2026-09-25T21:38:44 - Failed to restore torrent. Files were probably moved or storage isn't accessible. Torrent: "Silicon Valley S02 1080p BluRay x265-RARBG". Reason: "Silicon.Valley.S02.1080p.BluRay.x265-RARBG fast resume rejected. file_stat(/downloads/Silicon.Valley.S02.1080p.BluRay.x265-RARBG/Subs/Silicon.Valley.S02E01.1080p.BluRay.x265-RARBG/2_English.srt): mismatching file size"
(N) 2026-09-25T21:38:44 - Restored torrent. Torrent: "Spider-Man: Brand New Day 2026.1080p.HQ Pre.Multi.AAC 2.0.x264"
(N) 2026-09-25T21:38:44 - Restored torrent. Torrent: "Silicon.Valley.S01.1080p.BluRay.x265.HEVC.10bit.AAC.5.1-ImE"
(N) 2026-09-25T21:38:44 - Restored torrent. Torrent: "Silicon.Valley.S06E06.REPACK.1080p.WEB.h264-TBS[TGx] ⭐"
(W) 2026-09-25T21:38:44 - Failed to restore torrent. Files were probably moved or storage isn't accessible. Torrent: "Spider-Man: Brand New Day 2026.1080p.HQ Pre.Multi.AAC 2.0.x264". Reason: "Spider-Man- Brand New Day 2026.1080p.HQ Pre.Multi.AAC 2.0.x264.mkv fast resume rejected. file_stat(/downloads/Spider-Man- Brand New Day 2026.1080p.HQ Pre.Multi.AAC 2.0.x264.mkv): mismatching file size"
(W) 2026-09-25T21:38:44 - Failed to restore torrent. Files were probably moved or storage isn't accessible. Torrent: "Silicon.Valley.S01.1080p.BluRay.x265.HEVC.10bit.AAC.5.1-ImE". Reason: "Silicon.Valley.S01.1080p.BluRay.x265.HEVC.10bit.AAC.5.1-ImE fast resume rejected. file_stat(/downloads/Silicon.Valley.S01.1080p.BluRay.x265.HEVC.10bit.AAC.5.1-ImE/Silicon.Valley.S01E07.Proof.of.Concept.1080p.Bluray.x265.10bit.AAC.5.1-ImE[UTR].mkv): mismatching file size"
(W) 2026-09-25T21:38:44 - Failed to restore torrent. Files were probably moved or storage isn't accessible. Torrent: "Silicon.Valley.S06E06.REPACK.1080p.WEB.h264-TBS[TGx] ⭐". Reason: "Silicon.Valley.S06E06.REPACK.1080p.WEB.h264-TBS[TGx] fast resume rejected. file_stat(/downloads/Silicon.Valley.S06E06.REPACK.1080p.WEB.h264-TBS[TGx]/Screens/screen0001.png): mismatching file size"
(N) 2026-09-25T21:38:44 - Restored torrent. Torrent: "Resident.Evil.2026.TELESYNC.V2.x264-DKS"
(I) 2026-09-25T21:38:44 - IP geolocation database loaded. Type: DBIP-Country-Lite. Build time: Tue Sep 1 01:32:45 2026.
(N) 2026-09-25T21:38:44 - Using built-in WebUI.
(N) 2026-09-25T21:38:44 - WebUI translation for selected locale (en) has been successfully loaded.
(N) 2026-09-25T21:38:44 - WebUI: Now listening on IP: *, port: 8080
(N) 2026-09-27T11:21:29 - WebAPI login success. IP: ::ffff:223.233.74.75
(N) 2026-09-27T11:21:38 - Torrent removed. Torrent: "Silicon.Valley.S06E03.1080p.WEB.h264-TBS[TGx] ⭐"
(N) 2026-09-27T11:21:38 - Torrent content removed. Torrent: "Silicon.Valley.S06E03.1080p.WEB.h264-TBS[TGx] ⭐"
(N) 2026-09-27T11:21:43 - Torrent removed. Torrent: "Silicon.Valley.S05.S05.1080p.AMZN.WEB-DL.x265-HETeam"
(N) 2026-09-27T11:21:43 - Torrent content removed. Torrent: "Silicon.Valley.S05.S05.1080p.AMZN.WEB-DL.x265-HETeam"
(N) 2026-09-27T11:21:59 - Torrent removed. Torrent: "Silicon.Valley.S01.1080p.BluRay.x265.HEVC.10bit.AAC.5.1-ImE"
(N) 2026-09-27T11:21:59 - Torrent content removed. Torrent: "Silicon.Valley.S01.1080p.BluRay.x265.HEVC.10bit.AAC.5.1-ImE"
(N) 2026-09-27T11:22:08 - Torrent removed. Torrent: "Silicon Valley S02 1080p BluRay x265-RARBG"
(N) 2026-09-27T11:22:08 - Torrent content removed. Torrent: "Silicon Valley S02 1080p BluRay x265-RARBG"
(N) 2026-09-27T13:57:37 - WebAPI login success. IP: ::ffff:223.233.74.75
(W) 2026-09-28T07:14:04 - WebUI: Referer header & Target origin mismatch! Source IP: '::ffff:165.232.142.29'. Referer header: 'http://161.118.162.160:8080/'. Target origin: '161.118.162.160'
(N) 2026-09-28T22:31:14 - Added new torrent. Torrent: "Teach You a Lesson S01 1080p ITA-KOR-ENG MULTI WEBRip x265 AAC-V3SP4EV3R"
(N) 2026-09-28T22:32:53 - WebAPI login success. IP: ::ffff:223.233.74.75
(N) 2026-09-28T22:33:06 - Torrent removed. Torrent: "Silicon.Valley.S06E06.REPACK.1080p.WEB.h264-TBS[TGx] ⭐"
(N) 2026-09-28T22:33:06 - Torrent content removed. Torrent: "Silicon.Valley.S06E06.REPACK.1080p.WEB.h264-TBS[TGx] ⭐"
(N) 2026-09-28T22:33:11 - Torrent removed. Torrent: "Silicon.Valley.S06E07.1080p.WEB.h264-TBS[TGx] ⭐"
(N) 2026-09-28T22:33:16 - Torrent removed. Torrent: "Spider-Man: Brand New Day 2026.1080p.HQ Pre.Multi.AAC 2.0.x264"
(N) 2026-09-28T22:33:16 - Torrent content removed. Torrent: "Spider-Man: Brand New Day 2026.1080p.HQ Pre.Multi.AAC 2.0.x264"
(N) 2026-09-28T22:35:19 - Torrent removed. Torrent: "The Gentlemen S02E01 1080p WEB H264-KRAFT"
(N) 2026-09-28T22:35:19 - Torrent content removed. Torrent: "The Gentlemen S02E01 1080p WEB H264-KRAFT"
(N) 2026-09-28T22:55:23 - Torrent download finished. Torrent: "Teach You a Lesson S01 1080p ITA-KOR-ENG MULTI WEBRip x265 AAC-V3SP4EV3R"
(N) 2026-09-28T22:55:41 - Torrent stopped. Torrent: "Teach You a Lesson S01 1080p ITA-KOR-ENG MULTI WEBRip x265 AAC-V3SP4EV3R"
(N) 2026-09-29T22:47:45 - Added new torrent. Torrent: "Marvels Daredevil S01 1080p BluRay x265-RARBG"
(N) 2026-09-29T23:22:17 - Torrent download finished. Torrent: "Marvels Daredevil S01 1080p BluRay x265-RARBG"
(N) 2026-09-29T23:27:57 - qBittorrent termination initiated
(N) 2026-09-29T23:27:58 - Saving resume data completed.
(N) 2026-09-29T23:27:59 - BitTorrent session successfully finished.
(N) 2026-09-29T23:27:59 - qBittorrent is now ready to exit
(N) 2026-09-29T23:28:07 - qBittorrent v5.2.4 started. Process ID: 153
(N) 2026-09-29T23:28:07 - Using config directory: /config/qBittorrent
(N) 2026-09-29T23:28:07 - Trying to listen on the following list of IP addresses: "0.0.0.0:6881,[::]:6881"
(I) 2026-09-29T23:28:07 - Peer ID: "-qB5240-"
(I) 2026-09-29T23:28:07 - HTTP User-Agent: "qBittorrent/5.2.4"
(I) 2026-09-29T23:28:07 - Distributed Hash Table (DHT) support: ON
(I) 2026-09-29T23:28:07 - Local Peer Discovery support: ON
(I) 2026-09-29T23:28:07 - Peer Exchange (PeX) support: ON
(I) 2026-09-29T23:28:07 - Anonymous mode: OFF
(I) 2026-09-29T23:28:07 - Encryption support: ON
(I) 2026-09-29T23:28:07 - Successfully listening on IP. IP: "127.0.0.1". Port: "TCP/6881"
(I) 2026-09-29T23:28:07 - Successfully listening on IP. IP: "127.0.0.1". Port: "UTP/6881"
(I) 2026-09-29T23:28:07 - Successfully listening on IP. IP: "10.0.9.5". Port: "TCP/6881"
(I) 2026-09-29T23:28:07 - Successfully listening on IP. IP: "10.0.9.5". Port: "UTP/6881"
(I) 2026-09-29T23:28:07 - Successfully listening on IP. IP: "::1". Port: "TCP/6881"
(I) 2026-09-29T23:28:07 - Successfully listening on IP. IP: "::1". Port: "UTP/6881"
(N) 2026-09-29T23:28:07 - Restored torrent. Torrent: "Mohabbatein 2000 1080p BluRay x265 Hindi DD5.1 - SP3LL"
(N) 2026-09-29T23:28:07 - Restored torrent. Torrent: "Marvels Daredevil S01 1080p BluRay x265-RARBG"
(N) 2026-09-29T23:28:07 - Restored torrent. Torrent: "Teach You a Lesson S01 1080p ITA-KOR-ENG MULTI WEBRip x265 AAC-V3SP4EV3R"
(W) 2026-09-29T23:28:07 - Failed to restore torrent. Files were probably moved or storage isn't accessible. Torrent: "Teach You a Lesson S01 1080p ITA-KOR-ENG MULTI WEBRip x265 AAC-V3SP4EV3R". Reason: "Teach.You.a.Lesson.S01.1080p.ITA-KOR-ENG.MULTI.WEBRip.x265.AAC-V3SP4EV3R fast resume rejected. file_stat(/downloads/Teach.You.a.Lesson.S01.1080p.ITA-KOR-ENG.MULTI.WEBRip.x265.AAC-V3SP4EV3R/Teach.You.a.Lesson.S01E06.Episode.06.1080p.ITA-KOR-ENG.MULTI.WEBRip.x265.AAC-V3SP4EV3R.mkv): mismatching file size"
(N) 2026-09-29T23:28:07 - Restored torrent. Torrent: "Resident.Evil.2026.TELESYNC.V2.x264-DKS"
(W) 2026-09-29T23:28:07 - Failed to restore torrent. Files were probably moved or storage isn't accessible. Torrent: "Resident.Evil.2026.TELESYNC.V2.x264-DKS". Reason: "Resident.Evil.2026.TELESYNC.V2.x264-DKS fast resume rejected. file_stat(/downloads/Resident.Evil.2026.TELESYNC.V2.x264-DKS/Resident.Evil.2026.TELESYNC.V2.x264-DKS.mkv): mismatching file size"
(I) 2026-09-29T23:28:07 - IP geolocation database loaded. Type: DBIP-Country-Lite. Build time: Tue Sep 1 01:32:45 2026.
(N) 2026-09-29T23:28:07 - Using built-in WebUI.
(N) 2026-09-29T23:28:07 - WebUI translation for selected locale (en) has been successfully loaded.
(N) 2026-09-29T23:28:07 - WebUI: Now listening on IP: *, port: 8080
(I) 2026-09-29T23:28:07 - Detected external IP. IP: "161.118.162.160"
(N) 2026-09-30T00:31:41 - WebAPI login success. IP: ::ffff:223.233.70.63
(N) 2026-09-30T00:31:48 - Torrent stopped. Torrent: "Marvels Daredevil S01 1080p BluRay x265-RARBG"
(N) 2026-09-30T00:33:57 - Torrent removed. Torrent: "Marvels Daredevil S01 1080p BluRay x265-RARBG"
(N) 2026-09-30T00:33:57 - Torrent content removed. Torrent: "Marvels Daredevil S01 1080p BluRay x265-RARBG"
(N) 2026-09-30T00:35:37 - Torrent removed. Torrent: "Resident.Evil.2026.TELESYNC.V2.x264-DKS"
(N) 2026-09-30T00:35:37 - Torrent content removed. Torrent: "Resident.Evil.2026.TELESYNC.V2.x264-DKS"
(N) 2026-09-30T00:35:42 - Torrent removed. Torrent: "Teach You a Lesson S01 1080p ITA-KOR-ENG MULTI WEBRip x265 AAC-V3SP4EV3R"
(N) 2026-09-30T00:35:42 - Torrent content removed. Torrent: "Teach You a Lesson S01 1080p ITA-KOR-ENG MULTI WEBRip x265 AAC-V3SP4EV3R"
(N) 2026-09-30T00:35:48 - Torrent removed. Torrent: "Mohabbatein 2000 1080p BluRay x265 Hindi DD5.1 - SP3LL"
(N) 2026-09-30T00:35:48 - Torrent content removed. Torrent: "Mohabbatein 2000 1080p BluRay x265 Hindi DD5.1 - SP3LL"
(N) 2026-09-30T00:38:44 - Added new torrent. Torrent: "The.Night.Agent.S02.Complete.1080p.WEBRip.10bit.DDP5.1.x265-HODL"
(N) 2026-09-30T01:09:56 - Torrent download finished. Torrent: "The.Night.Agent.S02.Complete.1080p.WEBRip.10bit.DDP5.1.x265-HODL"
(N) 2026-09-30T01:20:05 - Torrent stopped. Torrent: "The.Night.Agent.S02.Complete.1080p.WEBRip.10bit.DDP5.1.x265-HODL"
(N) 2026-09-30T01:20:05 - Torrent reached the seeding time limit. Torrent stopped. Torrent: "The.Night.Agent.S02.Complete.1080p.WEBRip.10bit.DDP5.1.x265-HODL".
(N) 2026-09-30T01:21:11 - Torrent removed. Torrent: "The.Night.Agent.S02.Complete.1080p.WEBRip.10bit.DDP5.1.x265-HODL"
(N) 2026-09-30T01:21:11 - Torrent content removed. Torrent: "The.Night.Agent.S02.Complete.1080p.WEBRip.10bit.DDP5.1.x265-HODL"
(N) 2026-09-30T04:53:47 - Added new torrent. Torrent: "The Night Agent S03 (2026) 1080p WEBRip x265 DDP 5.1 ESub"
(N) 2026-09-30T05:04:39 - Added new torrent. Torrent: "House of the Dragon S03E01 1080p REPACK AMZN WEB-DL DDP5 1 H 264-NTb"
(N) 2026-09-30T05:04:42 - Detected an attempt to add a duplicate torrent. Source: magnet:?xt=urn:btih:B028D00C82ACC4196B5B03492AAF05A07BB40720&dn=House+of+the+Dragon+S03E01+1080p+REPACK+AMZN+WEB-DL+DDP5+1+H+264-NTb&tr=udp%3A%2F%2Ftracker.opentrackr.org%3A1337%2Fannounce&tr=udp%3A%2F%2Fexodus.desync.com%3A6969%2Fannounce&tr=udp%3A%2F%2Fopen.stealth.si%3A80%2Fannounce&tr=udp%3A%2F%2Ftracker.dler.org%3A6969%2Fannounce&tr=udp%3A%2F%2Ftracker.torrent.eu.org%3A451%2Fannounce&tr=udp%3A%2F%2Fopen.demonii.com%3A1337%2Fannounce&tr=udp%3A%2F%2Fexplodie.org%3A6969%2Fannounce&tr=udp%3A%2F%2Ftracker.ololosh.space%3A6969%2Fannounce&tr=udp%3A%2F%2Ftracker.dump.cl%3A6969%2Fannounce&tr=udp%3A%2F%2Ftracker.bittor.pw%3A1337%2Fannounce&tr=udp%3A%2F%2Ftracker-udp.gbitt.info%3A80%2Fannounce&tr=udp%3A%2F%2Fretracker01-msk-virt.corbina.net%3A80%2Fannounce&tr=udp%3A%2F%2Fopen.free-tracker.ga%3A6969%2Fannounce&tr=udp%3A%2F%2Fns-1.x-fins.com%3A6969%2Fannounce&tr=udp%3A%2F%2Fleet-tracker.moe%3A1337%2Fannounce&tr=udp%3A%2F%2Fp4p.arenabg.com%3A1337%2Fannounce&tr=udp%3A%2F%2Ftracker.leechers-paradise.org%3A6969%2Fannounce&tr=udp%3A%2F%2Ftracker.open-internet.nl%3A6969%2Fannounce&tr=udp%3A%2F%2Ftracker.pirateparty.gr%3A6969%2Fannounce&tr=udp%3A%2F%2Fdenis.stalker.upeer.me%3A6969%2Fannounce. Existing torrent: "House of the Dragon S03E01 1080p REPACK AMZN WEB-DL DDP5 1 H 264-NTb". Torrent infohash: b028d00c82acc4196b5b03492aaf05a07bb40720. Result: Merging of trackers is disabled
(N) 2026-09-30T05:04:45 - Added new torrent. Torrent: "House of the Dragon S03E02 REPACK Queen s Landing 1080p AMZN WEB-DL DD 5 1 H 264-playWEB"
(N) 2026-09-30T05:04:48 - Detected an attempt to add a duplicate torrent. Source: magnet:?xt=urn:btih:D838C0A437130BDFA6F8107193310BB2C14CEFEA&dn=House+of+the+Dragon+S03E02+REPACK+Queen+s+Landing+1080p+AMZN+WEB-DL+DD+5+1+H+264-playWEB&tr=udp%3A%2F%2Ftracker.opentrackr.org%3A1337%2Fannounce&tr=udp%3A%2F%2Fopen.stealth.si%3A80%2Fannounce&tr=udp%3A%2F%2Fexodus.desync.com%3A6969%2Fannounce&tr=udp%3A%2F%2Ftracker.torrent.eu.org%3A451%2Fannounce&tr=udp%3A%2F%2Fopen.demonii.com%3A1337%2Fannounce&tr=udp%3A%2F%2Ftracker.dler.org%3A6969%2Fannounce&tr=udp%3A%2F%2Fexplodie.org%3A6969%2Fannounce&tr=udp%3A%2F%2Ftracker.ololosh.space%3A6969%2Fannounce&tr=udp%3A%2F%2Ftracker.dump.cl%3A6969%2Fannounce&tr=udp%3A%2F%2Ftracker.bittor.pw%3A1337%2Fannounce&tr=udp%3A%2F%2Ftracker-udp.gbitt.info%3A80%2Fannounce&tr=udp%3A%2F%2Fretracker01-msk-virt.corbina.net%3A80%2Fannounce&tr=udp%3A%2F%2Fopen.free-tracker.ga%3A6969%2Fannounce&tr=udp%3A%2F%2Fns-1.x-fins.com%3A6969%2Fannounce&tr=udp%3A%2F%2Fleet-tracker.moe%3A1337%2Fannounce&tr=udp%3A%2F%2Fp4p.arenabg.com%3A1337%2Fannounce&tr=udp%3A%2F%2Ftracker.leechers-paradise.org%3A6969%2Fannounce&tr=udp%3A%2F%2Ftracker.open-internet.nl%3A6969%2Fannounce&tr=udp%3A%2F%2Ftracker.pirateparty.gr%3A6969%2Fannounce&tr=udp%3A%2F%2Fdenis.stalker.upeer.me%3A6969%2Fannounce. Existing torrent: "House of the Dragon S03E02 REPACK Queen s Landing 1080p AMZN WEB-DL DD 5 1 H 264-playWEB". Torrent infohash: d838c0a437130bdfa6f8107193310bb2c14cefea. Result: Merging of trackers is disabled
(N) 2026-09-30T05:04:51 - Added new torrent. Torrent: "House of the Dragon S03E03 Rhaenyra Triumphant 1080p AMZN WEB-DL DDP5 1 H 264-playWEB"
(N) 2026-09-30T05:04:53 - Added new torrent. Torrent: "House of the Dragon S03 Complete 1080p WEBRip 10Bit DDP5 1 x265-NeoNoir"
(N) 2026-09-30T05:04:55 - Added new torrent. Torrent: "House of the Dragon S03E04 Tumbleton 1080p AMZN WEB-DL DDP5 1 H 264-playWEB"
(N) 2026-09-30T05:04:57 - Added new torrent. Torrent: "House of the Dragon S03E07-08 1080p AMZN WEB-DL ITA ENG DDP5 1 H 265-G66"
(N) 2026-09-30T05:04:59 - Added new torrent. Torrent: "House of the Dragon S03E08 2026 1080p HMAX WEB-DL DDP5 1 H 265-TURG"
(N) 2026-09-30T05:05:38 - Torrent removed. Torrent: "House of the Dragon S03 Complete 1080p WEBRip 10Bit DDP5 1 x265-NeoNoir"
(N) 2026-09-30T05:05:38 - Torrent removed. Torrent: "House of the Dragon S03E02 REPACK Queen s Landing 1080p AMZN WEB-DL DD 5 1 H 264-playWEB"
(N) 2026-09-30T05:05:38 - Torrent removed. Torrent: "House of the Dragon S03E01 1080p REPACK AMZN WEB-DL DDP5 1 H 264-NTb"
(N) 2026-09-30T05:05:38 - Torrent content removed. Torrent: "House of the Dragon S03E02 REPACK Queen s Landing 1080p AMZN WEB-DL DD 5 1 H 264-playWEB"
(N) 2026-09-30T05:05:38 - Torrent content removed. Torrent: "House of the Dragon S03E01 1080p REPACK AMZN WEB-DL DDP5 1 H 264-NTb"
(N) 2026-09-30T05:05:52 - Torrent removed. Torrent: "House of the Dragon S03E04 Tumbleton 1080p AMZN WEB-DL DDP5 1 H 264-playWEB"
(N) 2026-09-30T05:05:52 - Torrent content removed. Torrent: "House of the Dragon S03E04 Tumbleton 1080p AMZN WEB-DL DDP5 1 H 264-playWEB"
(N) 2026-09-30T05:05:57 - Torrent removed. Torrent: "House of the Dragon S03E03 Rhaenyra Triumphant 1080p AMZN WEB-DL DDP5 1 H 264-playWEB"
(N) 2026-09-30T05:05:57 - Torrent content removed. Torrent: "House of the Dragon S03E03 Rhaenyra Triumphant 1080p AMZN WEB-DL DDP5 1 H 264-playWEB"
(N) 2026-09-30T05:06:04 - Torrent removed. Torrent: "House of the Dragon S03E07-08 1080p AMZN WEB-DL ITA ENG DDP5 1 H 265-G66"
(N) 2026-09-30T05:06:04 - Torrent content removed. Torrent: "House of the Dragon S03E07-08 1080p AMZN WEB-DL ITA ENG DDP5 1 H 265-G66"
(N) 2026-09-30T05:06:09 - Torrent removed. Torrent: "House of the Dragon S03E08 2026 1080p HMAX WEB-DL DDP5 1 H 265-TURG"
(N) 2026-09-30T05:06:10 - Torrent content removed. Torrent: "House of the Dragon S03E08 2026 1080p HMAX WEB-DL DDP5 1 H 265-TURG"
(N) 2026-09-30T05:14:18 - Added new torrent. Torrent: "House of the Dragon S03E01 1080p REPACK AMZN WEB-DL DDP5 1 H 264-NTb"
(N) 2026-09-30T05:14:20 - Added new torrent. Torrent: "House of the Dragon S03E02 REPACK Queen s Landing 1080p AMZN WEB-DL DD 5 1 H 264-playWEB"
(N) 2026-09-30T05:14:22 - Added new torrent. Torrent: "House of the Dragon S03E03 Rhaenyra Triumphant 1080p AMZN WEB-DL DDP5 1 H 264-playWEB"
(N) 2026-09-30T05:14:24 - Added new torrent. Torrent: "House of the Dragon S03E04 Tumbleton 1080p AMZN WEB-DL DDP5 1 H 264-playWEB"
(N) 2026-09-30T05:14:28 - Added new torrent. Torrent: "House.of.the.Dragon.S03E05.1080p.WEBRip.10Bit.DDP5.1.x265-NeoNoir"
(N) 2026-09-30T05:14:30 - Added new torrent. Torrent: "House.of.the.Dragon.S03E06.Faceless.Men.S03E06.1080p.AMZN.WEB-DL.DDP5.1.ENG.Atmos.ITA.H265-TheBlackKing"
(N) 2026-09-30T05:14:33 - Added new torrent. Torrent: "House.of.the.Dragon.S03E07.1080p.AMZN.WEB-DL.DDP5.1.Atmos.H.264-QAsH"
(N) 2026-09-30T05:14:37 - Added new torrent. Torrent: "House.of.the.Dragon.S03E08.1080p.WEBRip.10Bit.DDP5.1.x265-NeoNoir"
(N) 2026-09-30T05:18:02 - Torrent removed. Torrent: "House of the Dragon S03E03 Rhaenyra Triumphant 1080p AMZN WEB-DL DDP5 1 H 264-playWEB"
(N) 2026-09-30T05:18:02 - Torrent removed. Torrent: "House.of.the.Dragon.S03E06.Faceless.Men.S03E06.1080p.AMZN.WEB-DL.DDP5.1.ENG.Atmos.ITA.H265-TheBlackKing"
(N) 2026-09-30T05:18:02 - Torrent removed. Torrent: "House of the Dragon S03E02 REPACK Queen s Landing 1080p AMZN WEB-DL DD 5 1 H 264-playWEB"
(N) 2026-09-30T05:18:02 - Torrent removed. Torrent: "House of the Dragon S03E01 1080p REPACK AMZN WEB-DL DDP5 1 H 264-NTb"
(N) 2026-09-30T05:18:03 - Torrent content removed. Torrent: "House of the Dragon S03E02 REPACK Queen s Landing 1080p AMZN WEB-DL DD 5 1 H 264-playWEB"
(N) 2026-09-30T05:18:03 - Torrent removed. Torrent: "House.of.the.Dragon.S03E05.1080p.WEBRip.10Bit.DDP5.1.x265-NeoNoir"
(N) 2026-09-30T05:18:03 - Torrent removed. Torrent: "House.of.the.Dragon.S03E07.1080p.AMZN.WEB-DL.DDP5.1.Atmos.H.264-QAsH"
(N) 2026-09-30T05:18:03 - Torrent content removed. Torrent: "House of the Dragon S03E01 1080p REPACK AMZN WEB-DL DDP5 1 H 264-NTb"
(N) 2026-09-30T05:18:03 - Torrent removed. Torrent: "House of the Dragon S03E04 Tumbleton 1080p AMZN WEB-DL DDP5 1 H 264-playWEB"
(N) 2026-09-30T05:18:03 - Torrent removed. Torrent: "House.of.the.Dragon.S03E08.1080p.WEBRip.10Bit.DDP5.1.x265-NeoNoir"
(N) 2026-09-30T05:18:43 - Torrent download finished. Torrent: "The Night Agent S03 (2026) 1080p WEBRip x265 DDP 5.1 ESub"
(N) 2026-09-30T05:28:45 - Torrent stopped. Torrent: "The Night Agent S03 (2026) 1080p WEBRip x265 DDP 5.1 ESub"
(N) 2026-09-30T05:28:45 - Torrent reached the seeding time limit. Torrent stopped. Torrent: "The Night Agent S03 (2026) 1080p WEBRip x265 DDP 5.1 ESub".
(N) 2026-09-30T05:29:45 - Torrent removed. Torrent: "The Night Agent S03 (2026) 1080p WEBRip x265 DDP 5.1 ESub"
(N) 2026-09-30T05:29:45 - Torrent content removed. Torrent: "The Night Agent S03 (2026) 1080p WEBRip x265 DDP 5.1 ESub"
(W) 2026-09-30T07:01:16 - WebUI: Referer header & Target origin mismatch! Source IP: '::ffff:147.182.206.253'. Referer header: 'http://161.118.162.160:8080/'. Target origin: '161.118.162.160'
(N) 2026-09-30T14:29:53 - WebAPI login success. IP: ::ffff:223.233.70.63
(W) 2026-10-01T06:25:07 - WebUI: Referer header & Target origin mismatch! Source IP: '::ffff:143.198.145.137'. Referer header: 'http://161.118.162.160:8080/'. Target origin: '161.118.162.160'
